Archive member included to satisfy reference by file (symbol)

e:/uni/programme/atmel studio/7.0/toolchain/avr8/avr8-gnu-toolchain/bin/../lib/gcc/avr/5.4.0/avr5\libgcc.a(_exit.o)
                              E:/Uni/Programme/Atmel Studio/7.0/Packs/atmel/ATmega_DFP/1.2.132/gcc/dev/atmega16/avr5/crtatmega16.o (exit)
e:/uni/programme/atmel studio/7.0/toolchain/avr8/avr8-gnu-toolchain/bin/../lib/gcc/avr/5.4.0/avr5\libgcc.a(_copy_data.o)
                              src/apps/Fredi/fredi.o (__do_copy_data)
e:/uni/programme/atmel studio/7.0/toolchain/avr8/avr8-gnu-toolchain/bin/../lib/gcc/avr/5.4.0/avr5\libgcc.a(_clear_bss.o)
                              src/apps/Fredi/fredi.o (__do_clear_bss)
e:/uni/programme/atmel studio/7.0/toolchain/avr8/avr8-gnu-toolchain/bin/../lib/gcc/avr/5.4.0/../../../../avr/lib/avr5\libc.a(memcpy.o)
                              src/loconet/ln_buf.o (memcpy)
E:/Uni/Programme/Atmel Studio/7.0/Packs/atmel/ATmega_DFP/1.2.132/gcc/dev/atmega16/avr5\libatmega16.a(eerd_byte.o)
                              src/apps/Fredi/fredi.o (eeprom_read_byte)
E:/Uni/Programme/Atmel Studio/7.0/Packs/atmel/ATmega_DFP/1.2.132/gcc/dev/atmega16/avr5\libatmega16.a(eewr_byte.o)
                              src/apps/Fredi/fredi.o (eeprom_write_byte)

Allocating common symbols
Common symbol       size              file

lnTxSuccess         0x1               src/avr-base/ln_sw_uart.o
lnTxIndex           0x1               src/avr-base/ln_sw_uart.o
lnTxLength          0x1               src/avr-base/ln_sw_uart.o
MessageTimer        0x7               src/apps/Fredi/fredi.o
bERWFunKey2Status   0x1               src/apps/Fredi/fredi.o
IncrementTimer      0x7               src/apps/Fredi/fredi.o
lnCurrentByte       0x1               src/avr-base/ln_sw_uart.o
LEDTimer            0x7               src/apps/Fredi/fredi.o
bERWFunKey4Status   0x1               src/apps/Fredi/fredi.o
KeyTimer            0x7               src/apps/Fredi/fredi.o
lnCompareTarget     0x2               src/avr-base/ln_sw_uart.o
lnRxBuffer          0x2               src/avr-base/ln_sw_uart.o
RxPacket            0x2               src/apps/Fredi/fredi.o
RxBuffer            0x8c              src/apps/Fredi/fredi.o
ReleaseStopTimer    0x7               src/apps/Fredi/fredi.o
lnState             0x1               src/avr-base/ln_sw_uart.o
TxPacket            0x16              src/apps/Fredi/fredi.o
slotArray           0x58              src/apps/Fredi/fredi.o
bERWFunKey3Status   0x1               src/apps/Fredi/fredi.o
lnBitCount          0x1               src/avr-base/ln_sw_uart.o
lnTxData            0x2               src/avr-base/ln_sw_uart.o
bERWFunKey1Status   0x1               src/apps/Fredi/fredi.o

Discarded input sections

 .data          0x00000000        0x0 E:/Uni/Programme/Atmel Studio/7.0/Packs/atmel/ATmega_DFP/1.2.132/gcc/dev/atmega16/avr5/crtatmega16.o
 .bss           0x00000000        0x0 E:/Uni/Programme/Atmel Studio/7.0/Packs/atmel/ATmega_DFP/1.2.132/gcc/dev/atmega16/avr5/crtatmega16.o
 .text          0x00000000        0x0 src/apps/Fredi/fredi.o
 .data          0x00000000        0x0 src/apps/Fredi/fredi.o
 .bss           0x00000000        0x0 src/apps/Fredi/fredi.o
 .text.GET_SPDCNT_BY_SLOTSPD
                0x00000000       0x28 src/apps/Fredi/fredi.o
 .text.enableLED3
                0x00000000        0x4 src/apps/Fredi/fredi.o
 .text.disableLED3
                0x00000000        0x4 src/apps/Fredi/fredi.o
 .text.LEDTimerAction
                0x00000000       0x84 src/apps/Fredi/fredi.o
 .text.entprellen_druecken
                0x00000000       0x26 src/apps/Fredi/fredi.o
 .text.ProcessKeyInput
                0x00000000       0xb8 src/apps/Fredi/fredi.o
 .text.testFalseSignalStreakIsSet
                0x00000000      0x1d6 src/apps/Fredi/fredi.o
 .text.testFalseSignalStreakIsClear
                0x00000000      0x13e src/apps/Fredi/fredi.o
 .text.testKeySignal
                0x00000000       0x30 src/apps/Fredi/fredi.o
 .text.testSignalRatio
                0x00000000      0x1c8 src/apps/Fredi/fredi.o
 .text.sendLocoNetSpd
                0x00000000       0x16 src/apps/Fredi/fredi.o
 .text.sendLocoNetDirf
                0x00000000        0xc src/apps/Fredi/fredi.o
 .text.sendLocoNetSnd
                0x00000000        0xc src/apps/Fredi/fredi.o
 .text.sendLocoNetWriteSlotData
                0x00000000       0xa6 src/apps/Fredi/fredi.o
 .text.sendLocoNetMove
                0x00000000       0x44 src/apps/Fredi/fredi.o
 .text.sendLocoNetFredAdc
                0x00000000       0x18 src/apps/Fredi/fredi.o
 .text.sendLocoNetFredButton
                0x00000000        0xc src/apps/Fredi/fredi.o
 .text.vCheckSelfTestEnd
                0x00000000       0x7a src/apps/Fredi/fredi.o
 .text.vProcessKey
                0x00000000      0x28c src/apps/Fredi/fredi.o
 .text.vProcessEncoder
                0x00000000       0xe4 src/apps/Fredi/fredi.o
 .text.vProcessPoti
                0x00000000       0xd2 src/apps/Fredi/fredi.o
 .text.vCopySlotFromRxPacket
                0x00000000       0xbc src/apps/Fredi/fredi.o
 .text.vSetUnconnected
                0x00000000       0x34 src/apps/Fredi/fredi.o
 .text.vProcessRxLoconetMessage
                0x00000000      0x1ec src/apps/Fredi/fredi.o
 .data.bOldValue.2558
                0x00000000        0x2 src/apps/Fredi/fredi.o
 .bss.bLastCurrentkey.2444
                0x00000000        0x1 src/apps/Fredi/fredi.o
 .bss.wSelfTest
                0x00000000        0x2 src/apps/Fredi/fredi.o
 .bss.ratioCounter
                0x00000000        0x2 src/apps/Fredi/fredi.o
 .bss.wrongSignal
                0x00000000        0x4 src/apps/Fredi/fredi.o
 .bss.correctSignal
                0x00000000        0x4 src/apps/Fredi/fredi.o
 .data.highStreak
                0x00000000        0x4 src/apps/Fredi/fredi.o
 .bss.streak    0x00000000        0x4 src/apps/Fredi/fredi.o
 .bss.shiftTimeOut
                0x00000000        0x1 src/apps/Fredi/fredi.o
 .bss.entprell  0x00000000        0x1 src/apps/Fredi/fredi.o
 .bss.old_value
                0x00000000        0x1 src/apps/Fredi/fredi.o
 .rodata.abSpd  0x00000000       0x25 src/apps/Fredi/fredi.o
 .bss.bNewState
                0x00000000        0x1 src/apps/Fredi/fredi.o
 .text          0x00000000        0x0 src/apps/Fredi/fuses.o
 .data          0x00000000        0x0 src/apps/Fredi/fuses.o
 .bss           0x00000000        0x0 src/apps/Fredi/fuses.o
 lfuses         0x00000000        0x1 src/apps/Fredi/fuses.o
 hfuses         0x00000000        0x1 src/apps/Fredi/fuses.o
 .comment       0x00000000       0x31 src/apps/Fredi/fuses.o
 .text          0x00000000        0x0 src/apps/Fredi/potAdc.o
 .data          0x00000000        0x0 src/apps/Fredi/potAdc.o
 .bss           0x00000000        0x0 src/apps/Fredi/potAdc.o
 .text          0x00000000        0x0 src/avr-base/ln_sw_uart.o
 .data          0x00000000        0x0 src/avr-base/ln_sw_uart.o
 .bss           0x00000000        0x0 src/avr-base/ln_sw_uart.o
 .text          0x00000000        0x0 src/avr-base/systimer.o
 .data          0x00000000        0x0 src/avr-base/systimer.o
 .bss           0x00000000        0x0 src/avr-base/systimer.o
 .text          0x00000000        0x0 src/loconet/ln_buf.o
 .data          0x00000000        0x0 src/loconet/ln_buf.o
 .bss           0x00000000        0x0 src/loconet/ln_buf.o
 .text.initLnBuf
                0x00000000        0xc src/loconet/ln_buf.o
 .text.recvLnMsg
                0x00000000      0x206 src/loconet/ln_buf.o
 .text.getLnBufStats
                0x00000000        0x6 src/loconet/ln_buf.o
 .text          0x00000000        0x0 src/loconet/ln_interface.o
 .data          0x00000000        0x0 src/loconet/ln_interface.o
 .bss           0x00000000        0x0 src/loconet/ln_interface.o
 .text.recvLocoNetPacket
                0x00000000        0xc src/loconet/ln_interface.o
 .text.sendLocoNet4BytePacketTry
                0x00000000       0x36 src/loconet/ln_interface.o
 .text          0x00000000        0x0 src/loconet/utils.o
 .data          0x00000000        0x0 src/loconet/utils.o
 .bss           0x00000000        0x0 src/loconet/utils.o
 .text.decodePeerData
                0x00000000       0x48 src/loconet/utils.o
 .text.encodePeerData
                0x00000000       0x62 src/loconet/utils.o
 .comment       0x00000000       0x31 src/loconet/utils.o
 .text          0x00000000        0x0 src/ASF/mega/boards/stk600/rcx_x/init.o
 .data          0x00000000        0x0 src/ASF/mega/boards/stk600/rcx_x/init.o
 .bss           0x00000000        0x0 src/ASF/mega/boards/stk600/rcx_x/init.o
 .text.board_init
                0x00000000        0x2 src/ASF/mega/boards/stk600/rcx_x/init.o
 .comment       0x00000000       0x31 src/ASF/mega/boards/stk600/rcx_x/init.o
 .text          0x00000000        0x0 e:/uni/programme/atmel studio/7.0/toolchain/avr8/avr8-gnu-toolchain/bin/../lib/gcc/avr/5.4.0/avr5\libgcc.a(_exit.o)
 .data          0x00000000        0x0 e:/uni/programme/atmel studio/7.0/toolchain/avr8/avr8-gnu-toolchain/bin/../lib/gcc/avr/5.4.0/avr5\libgcc.a(_exit.o)
 .bss           0x00000000        0x0 e:/uni/programme/atmel studio/7.0/toolchain/avr8/avr8-gnu-toolchain/bin/../lib/gcc/avr/5.4.0/avr5\libgcc.a(_exit.o)
 .text.libgcc.mul
                0x00000000        0x0 e:/uni/programme/atmel studio/7.0/toolchain/avr8/avr8-gnu-toolchain/bin/../lib/gcc/avr/5.4.0/avr5\libgcc.a(_exit.o)
 .text.libgcc.div
                0x00000000        0x0 e:/uni/programme/atmel studio/7.0/toolchain/avr8/avr8-gnu-toolchain/bin/../lib/gcc/avr/5.4.0/avr5\libgcc.a(_exit.o)
 .text.libgcc   0x00000000        0x0 e:/uni/programme/atmel studio/7.0/toolchain/avr8/avr8-gnu-toolchain/bin/../lib/gcc/avr/5.4.0/avr5\libgcc.a(_exit.o)
 .text.libgcc.prologue
                0x00000000        0x0 e:/uni/programme/atmel studio/7.0/toolchain/avr8/avr8-gnu-toolchain/bin/../lib/gcc/avr/5.4.0/avr5\libgcc.a(_exit.o)
 .text.libgcc.builtins
                0x00000000        0x0 e:/uni/programme/atmel studio/7.0/toolchain/avr8/avr8-gnu-toolchain/bin/../lib/gcc/avr/5.4.0/avr5\libgcc.a(_exit.o)
 .text.libgcc.fmul
                0x00000000        0x0 e:/uni/programme/atmel studio/7.0/toolchain/avr8/avr8-gnu-toolchain/bin/../lib/gcc/avr/5.4.0/avr5\libgcc.a(_exit.o)
 .text.libgcc.fixed
                0x00000000        0x0 e:/uni/programme/atmel studio/7.0/toolchain/avr8/avr8-gnu-toolchain/bin/../lib/gcc/avr/5.4.0/avr5\libgcc.a(_exit.o)
 .text          0x00000000        0x0 e:/uni/programme/atmel studio/7.0/toolchain/avr8/avr8-gnu-toolchain/bin/../lib/gcc/avr/5.4.0/avr5\libgcc.a(_copy_data.o)
 .data          0x00000000        0x0 e:/uni/programme/atmel studio/7.0/toolchain/avr8/avr8-gnu-toolchain/bin/../lib/gcc/avr/5.4.0/avr5\libgcc.a(_copy_data.o)
 .bss           0x00000000        0x0 e:/uni/programme/atmel studio/7.0/toolchain/avr8/avr8-gnu-toolchain/bin/../lib/gcc/avr/5.4.0/avr5\libgcc.a(_copy_data.o)
 .text.libgcc.mul
                0x00000000        0x0 e:/uni/programme/atmel studio/7.0/toolchain/avr8/avr8-gnu-toolchain/bin/../lib/gcc/avr/5.4.0/avr5\libgcc.a(_copy_data.o)
 .text.libgcc.div
                0x00000000        0x0 e:/uni/programme/atmel studio/7.0/toolchain/avr8/avr8-gnu-toolchain/bin/../lib/gcc/avr/5.4.0/avr5\libgcc.a(_copy_data.o)
 .text.libgcc   0x00000000        0x0 e:/uni/programme/atmel studio/7.0/toolchain/avr8/avr8-gnu-toolchain/bin/../lib/gcc/avr/5.4.0/avr5\libgcc.a(_copy_data.o)
 .text.libgcc.prologue
                0x00000000        0x0 e:/uni/programme/atmel studio/7.0/toolchain/avr8/avr8-gnu-toolchain/bin/../lib/gcc/avr/5.4.0/avr5\libgcc.a(_copy_data.o)
 .text.libgcc.builtins
                0x00000000        0x0 e:/uni/programme/atmel studio/7.0/toolchain/avr8/avr8-gnu-toolchain/bin/../lib/gcc/avr/5.4.0/avr5\libgcc.a(_copy_data.o)
 .text.libgcc.fmul
                0x00000000        0x0 e:/uni/programme/atmel studio/7.0/toolchain/avr8/avr8-gnu-toolchain/bin/../lib/gcc/avr/5.4.0/avr5\libgcc.a(_copy_data.o)
 .text.libgcc.fixed
                0x00000000        0x0 e:/uni/programme/atmel studio/7.0/toolchain/avr8/avr8-gnu-toolchain/bin/../lib/gcc/avr/5.4.0/avr5\libgcc.a(_copy_data.o)
 .text          0x00000000        0x0 e:/uni/programme/atmel studio/7.0/toolchain/avr8/avr8-gnu-toolchain/bin/../lib/gcc/avr/5.4.0/avr5\libgcc.a(_clear_bss.o)
 .data          0x00000000        0x0 e:/uni/programme/atmel studio/7.0/toolchain/avr8/avr8-gnu-toolchain/bin/../lib/gcc/avr/5.4.0/avr5\libgcc.a(_clear_bss.o)
 .bss           0x00000000        0x0 e:/uni/programme/atmel studio/7.0/toolchain/avr8/avr8-gnu-toolchain/bin/../lib/gcc/avr/5.4.0/avr5\libgcc.a(_clear_bss.o)
 .text.libgcc.mul
                0x00000000        0x0 e:/uni/programme/atmel studio/7.0/toolchain/avr8/avr8-gnu-toolchain/bin/../lib/gcc/avr/5.4.0/avr5\libgcc.a(_clear_bss.o)
 .text.libgcc.div
                0x00000000        0x0 e:/uni/programme/atmel studio/7.0/toolchain/avr8/avr8-gnu-toolchain/bin/../lib/gcc/avr/5.4.0/avr5\libgcc.a(_clear_bss.o)
 .text.libgcc   0x00000000        0x0 e:/uni/programme/atmel studio/7.0/toolchain/avr8/avr8-gnu-toolchain/bin/../lib/gcc/avr/5.4.0/avr5\libgcc.a(_clear_bss.o)
 .text.libgcc.prologue
                0x00000000        0x0 e:/uni/programme/atmel studio/7.0/toolchain/avr8/avr8-gnu-toolchain/bin/../lib/gcc/avr/5.4.0/avr5\libgcc.a(_clear_bss.o)
 .text.libgcc.builtins
                0x00000000        0x0 e:/uni/programme/atmel studio/7.0/toolchain/avr8/avr8-gnu-toolchain/bin/../lib/gcc/avr/5.4.0/avr5\libgcc.a(_clear_bss.o)
 .text.libgcc.fmul
                0x00000000        0x0 e:/uni/programme/atmel studio/7.0/toolchain/avr8/avr8-gnu-toolchain/bin/../lib/gcc/avr/5.4.0/avr5\libgcc.a(_clear_bss.o)
 .text.libgcc.fixed
                0x00000000        0x0 e:/uni/programme/atmel studio/7.0/toolchain/avr8/avr8-gnu-toolchain/bin/../lib/gcc/avr/5.4.0/avr5\libgcc.a(_clear_bss.o)
 .text          0x00000000        0x0 e:/uni/programme/atmel studio/7.0/toolchain/avr8/avr8-gnu-toolchain/bin/../lib/gcc/avr/5.4.0/../../../../avr/lib/avr5\libc.a(memcpy.o)
 .data          0x00000000        0x0 e:/uni/programme/atmel studio/7.0/toolchain/avr8/avr8-gnu-toolchain/bin/../lib/gcc/avr/5.4.0/../../../../avr/lib/avr5\libc.a(memcpy.o)
 .bss           0x00000000        0x0 e:/uni/programme/atmel studio/7.0/toolchain/avr8/avr8-gnu-toolchain/bin/../lib/gcc/avr/5.4.0/../../../../avr/lib/avr5\libc.a(memcpy.o)
 .text.avr-libc
                0x00000000       0x12 e:/uni/programme/atmel studio/7.0/toolchain/avr8/avr8-gnu-toolchain/bin/../lib/gcc/avr/5.4.0/../../../../avr/lib/avr5\libc.a(memcpy.o)
 .text          0x00000000        0x0 E:/Uni/Programme/Atmel Studio/7.0/Packs/atmel/ATmega_DFP/1.2.132/gcc/dev/atmega16/avr5\libatmega16.a(eerd_byte.o)
 .data          0x00000000        0x0 E:/Uni/Programme/Atmel Studio/7.0/Packs/atmel/ATmega_DFP/1.2.132/gcc/dev/atmega16/avr5\libatmega16.a(eerd_byte.o)
 .bss           0x00000000        0x0 E:/Uni/Programme/Atmel Studio/7.0/Packs/atmel/ATmega_DFP/1.2.132/gcc/dev/atmega16/avr5\libatmega16.a(eerd_byte.o)
 .text          0x00000000        0x0 E:/Uni/Programme/Atmel Studio/7.0/Packs/atmel/ATmega_DFP/1.2.132/gcc/dev/atmega16/avr5\libatmega16.a(eewr_byte.o)
 .data          0x00000000        0x0 E:/Uni/Programme/Atmel Studio/7.0/Packs/atmel/ATmega_DFP/1.2.132/gcc/dev/atmega16/avr5\libatmega16.a(eewr_byte.o)
 .bss           0x00000000        0x0 E:/Uni/Programme/Atmel Studio/7.0/Packs/atmel/ATmega_DFP/1.2.132/gcc/dev/atmega16/avr5\libatmega16.a(eewr_byte.o)

Memory Configuration

Name             Origin             Length             Attributes
text             0x00000000         0x00020000         xr
data             0x00800060         0x0000ffa0         rw !x
eeprom           0x00810000         0x00010000         rw !x
fuse             0x00820000         0x00000002         rw !x
lock             0x00830000         0x00000400         rw !x
signature        0x00840000         0x00000400         rw !x
user_signatures  0x00850000         0x00000400         rw !x
*default*        0x00000000         0xffffffff

Linker script and memory map

LOAD E:/Uni/Programme/Atmel Studio/7.0/Packs/atmel/ATmega_DFP/1.2.132/gcc/dev/atmega16/avr5/crtatmega16.o
LOAD src/apps/Fredi/fredi.o
LOAD src/apps/Fredi/fuses.o
LOAD src/apps/Fredi/potAdc.o
LOAD src/avr-base/ln_sw_uart.o
LOAD src/avr-base/systimer.o
LOAD src/loconet/ln_buf.o
LOAD src/loconet/ln_interface.o
LOAD src/loconet/utils.o
LOAD src/ASF/mega/boards/stk600/rcx_x/init.o
START GROUP
LOAD e:/uni/programme/atmel studio/7.0/toolchain/avr8/avr8-gnu-toolchain/bin/../lib/gcc/avr/5.4.0/../../../../avr/lib/avr5\libm.a
END GROUP
START GROUP
LOAD e:/uni/programme/atmel studio/7.0/toolchain/avr8/avr8-gnu-toolchain/bin/../lib/gcc/avr/5.4.0/avr5\libgcc.a
LOAD e:/uni/programme/atmel studio/7.0/toolchain/avr8/avr8-gnu-toolchain/bin/../lib/gcc/avr/5.4.0/../../../../avr/lib/avr5\libm.a
LOAD e:/uni/programme/atmel studio/7.0/toolchain/avr8/avr8-gnu-toolchain/bin/../lib/gcc/avr/5.4.0/../../../../avr/lib/avr5\libc.a
LOAD E:/Uni/Programme/Atmel Studio/7.0/Packs/atmel/ATmega_DFP/1.2.132/gcc/dev/atmega16/avr5\libatmega16.a
END GROUP
                0x00020000                __TEXT_REGION_LENGTH__ = DEFINED (__TEXT_REGION_LENGTH__)?__TEXT_REGION_LENGTH__:0x20000
                0x0000ffa0                __DATA_REGION_LENGTH__ = DEFINED (__DATA_REGION_LENGTH__)?__DATA_REGION_LENGTH__:0xffa0
                0x00010000                __EEPROM_REGION_LENGTH__ = DEFINED (__EEPROM_REGION_LENGTH__)?__EEPROM_REGION_LENGTH__:0x10000
                [0x00000002]                __FUSE_REGION_LENGTH__ = DEFINED (__FUSE_REGION_LENGTH__)?__FUSE_REGION_LENGTH__:0x400
                0x00000400                __LOCK_REGION_LENGTH__ = DEFINED (__LOCK_REGION_LENGTH__)?__LOCK_REGION_LENGTH__:0x400
                0x00000400                __SIGNATURE_REGION_LENGTH__ = DEFINED (__SIGNATURE_REGION_LENGTH__)?__SIGNATURE_REGION_LENGTH__:0x400
                0x00000400                __USER_SIGNATURE_REGION_LENGTH__ = DEFINED (__USER_SIGNATURE_REGION_LENGTH__)?__USER_SIGNATURE_REGION_LENGTH__:0x400

.hash
 *(.hash)

.dynsym
 *(.dynsym)

.dynstr
 *(.dynstr)

.gnu.version
 *(.gnu.version)

.gnu.version_d
 *(.gnu.version_d)

.gnu.version_r
 *(.gnu.version_r)

.rel.init
 *(.rel.init)

.rela.init
 *(.rela.init)

.rel.text
 *(.rel.text)
 *(.rel.text.*)
 *(.rel.gnu.linkonce.t*)

.rela.text
 *(.rela.text)
 *(.rela.text.*)
 *(.rela.gnu.linkonce.t*)

.rel.fini
 *(.rel.fini)

.rela.fini
 *(.rela.fini)

.rel.rodata
 *(.rel.rodata)
 *(.rel.rodata.*)
 *(.rel.gnu.linkonce.r*)

.rela.rodata
 *(.rela.rodata)
 *(.rela.rodata.*)
 *(.rela.gnu.linkonce.r*)

.rel.data
 *(.rel.data)
 *(.rel.data.*)
 *(.rel.gnu.linkonce.d*)

.rela.data
 *(.rela.data)
 *(.rela.data.*)
 *(.rela.gnu.linkonce.d*)

.rel.ctors
 *(.rel.ctors)

.rela.ctors
 *(.rela.ctors)

.rel.dtors
 *(.rel.dtors)

.rela.dtors
 *(.rela.dtors)

.rel.got
 *(.rel.got)

.rela.got
 *(.rela.got)

.rel.bss
 *(.rel.bss)

.rela.bss
 *(.rela.bss)

.rel.plt
 *(.rel.plt)

.rela.plt
 *(.rela.plt)

.text           0x00000000      0xf5e
 *(.vectors)
 .vectors       0x00000000       0x54 E:/Uni/Programme/Atmel Studio/7.0/Packs/atmel/ATmega_DFP/1.2.132/gcc/dev/atmega16/avr5/crtatmega16.o
                0x00000000                __vector_default
                0x00000000                __vectors
 *(.vectors)
 *(.progmem.gcc*)
                0x00000054                . = ALIGN (0x2)
                0x00000054                __trampolines_start = .
 *(.trampolines)
 .trampolines   0x00000054        0x0 linker stubs
 *(.trampolines*)
                0x00000054                __trampolines_end = .
 *libprintf_flt.a:*(.progmem.data)
 *libc.a:*(.progmem.data)
 *(.progmem*)
                0x00000054                . = ALIGN (0x2)
 *(.jumptables)
 *(.jumptables*)
 *(.lowtext)
 *(.lowtext*)
                0x00000054                __ctors_start = .
 *(.ctors)
                0x00000054                __ctors_end = .
                0x00000054                __dtors_start = .
 *(.dtors)
                0x00000054                __dtors_end = .
 SORT(*)(.ctors)
 SORT(*)(.dtors)
 *(.init0)
 .init0         0x00000054        0x0 E:/Uni/Programme/Atmel Studio/7.0/Packs/atmel/ATmega_DFP/1.2.132/gcc/dev/atmega16/avr5/crtatmega16.o
                0x00000054                __init
 *(.init0)
 *(.init1)
 *(.init1)
 *(.init2)
 .init2         0x00000054        0xc E:/Uni/Programme/Atmel Studio/7.0/Packs/atmel/ATmega_DFP/1.2.132/gcc/dev/atmega16/avr5/crtatmega16.o
 *(.init2)
 *(.init3)
 *(.init3)
 *(.init4)
 .init4         0x00000060       0x16 e:/uni/programme/atmel studio/7.0/toolchain/avr8/avr8-gnu-toolchain/bin/../lib/gcc/avr/5.4.0/avr5\libgcc.a(_copy_data.o)
                0x00000060                __do_copy_data
 .init4         0x00000076       0x10 e:/uni/programme/atmel studio/7.0/toolchain/avr8/avr8-gnu-toolchain/bin/../lib/gcc/avr/5.4.0/avr5\libgcc.a(_clear_bss.o)
                0x00000076                __do_clear_bss
 *(.init4)
 *(.init5)
 *(.init5)
 *(.init6)
 *(.init6)
 *(.init7)
 *(.init7)
 *(.init8)
 *(.init8)
 *(.init9)
 .init9         0x00000086        0x4 E:/Uni/Programme/Atmel Studio/7.0/Packs/atmel/ATmega_DFP/1.2.132/gcc/dev/atmega16/avr5/crtatmega16.o
 *(.init9)
 *(.text)
 .text          0x0000008a        0x2 E:/Uni/Programme/Atmel Studio/7.0/Packs/atmel/ATmega_DFP/1.2.132/gcc/dev/atmega16/avr5/crtatmega16.o
                0x0000008a                __vector_1
                0x0000008a                __vector_12
                0x0000008a                __bad_interrupt
                0x0000008a                __vector_3
                0x0000008a                __vector_11
                0x0000008a                __vector_13
                0x0000008a                __vector_17
                0x0000008a                __vector_19
                0x0000008a                __vector_7
                0x0000008a                __vector_4
                0x0000008a                __vector_15
                0x0000008a                __vector_8
                0x0000008a                __vector_14
                0x0000008a                __vector_10
                0x0000008a                __vector_16
                0x0000008a                __vector_18
                0x0000008a                __vector_20
                0x0000008c                . = ALIGN (0x2)
 *(.text.*)
 .text.IncrementTimerAction
                0x0000008c       0x20 src/apps/Fredi/fredi.o
                0x0000008c                IncrementTimerAction
 .text.ReleaseStopTimerAction
                0x000000ac        0x8 src/apps/Fredi/fredi.o
                0x000000ac                ReleaseStopTimerAction
 .text.KeyTimerAction
                0x000000b4       0xa8 src/apps/Fredi/fredi.o
                0x000000b4                KeyTimerAction
 .text.setLEDasOutput
                0x0000015c        0xa src/apps/Fredi/fredi.o
                0x0000015c                setLEDasOutput
 .text.enableLED1
                0x00000166        0x4 src/apps/Fredi/fredi.o
                0x00000166                enableLED1
 .text.enableLED2
                0x0000016a        0x4 src/apps/Fredi/fredi.o
                0x0000016a                enableLED2
 .text.enableLED4
                0x0000016e        0x4 src/apps/Fredi/fredi.o
                0x0000016e                enableLED4
 .text.disableLED1
                0x00000172        0x4 src/apps/Fredi/fredi.o
                0x00000172                disableLED1
 .text.disableLED2
                0x00000176        0x4 src/apps/Fredi/fredi.o
                0x00000176                disableLED2
 .text.disableLED4
                0x0000017a        0x4 src/apps/Fredi/fredi.o
                0x0000017a                disableLED4
 .text.initKeys
                0x0000017e       0xbc src/apps/Fredi/fredi.o
                0x0000017e                initKeys
 .text.__vector_2
                0x0000023a       0x40 src/apps/Fredi/fredi.o
                0x0000023a                __vector_2
 .text.vSetState
                0x0000027a       0x86 src/apps/Fredi/fredi.o
                0x0000027a                vSetState
 .text.MessageTimerAction
                0x00000300       0xf6 src/apps/Fredi/fredi.o
                0x00000300                MessageTimerAction
 .text.initSlots
                0x000003f6       0xb6 src/apps/Fredi/fredi.o
                0x000003f6                initSlots
 .text.processValue
                0x000004ac       0x10 src/apps/Fredi/fredi.o
                0x000004ac                processValue
 .text.ProcessKeyInputTest8Streak
                0x000004bc       0xf6 src/apps/Fredi/fredi.o
                0x000004bc                ProcessKeyInputTest8Streak
 .text.ProcessShiftedKeyInput
                0x000005b2       0x6c src/apps/Fredi/fredi.o
                0x000005b2                ProcessShiftedKeyInput
 .text.setPullUps
                0x0000061e       0x1a src/apps/Fredi/fredi.o
                0x0000061e                setPullUps
 .text._delay_1500ms
                0x00000638       0x16 src/apps/Fredi/fredi.o
                0x00000638                _delay_1500ms
 .text.sendLocoNetAdr
                0x0000064e       0x1a src/apps/Fredi/fredi.o
                0x0000064e                sendLocoNetAdr
 .text.sendLocoNetFredCd
                0x00000668        0xa src/apps/Fredi/fredi.o
                0x00000668                sendLocoNetFredCd
 .text.startup.main
                0x00000672      0x1ce src/apps/Fredi/fredi.o
                0x00000672                main
 .text.potAdcPowerOff
                0x00000840        0x4 src/apps/Fredi/potAdc.o
                0x00000840                potAdcPowerOff
 .text.potAdcInit
                0x00000844       0x16 src/apps/Fredi/potAdc.o
                0x00000844                potAdcInit
 .text.potAdcTimerAction
                0x0000085a       0x90 src/apps/Fredi/potAdc.o
                0x0000085a                potAdcTimerAction
 .text.__vector_5
                0x000008ea       0x54 src/avr-base/ln_sw_uart.o
                0x000008ea                __vector_5
 .text.__vector_6
                0x0000093e      0x250 src/avr-base/ln_sw_uart.o
                0x0000093e                __vector_6
 .text.initLocoNetHardware
                0x00000b8e       0x2a src/avr-base/ln_sw_uart.o
                0x00000b8e                initLocoNetHardware
 .text.sendLocoNetPacketTry
                0x00000bb8      0x132 src/avr-base/ln_sw_uart.o
                0x00000bb8                sendLocoNetPacketTry
 .text.__vector_9
                0x00000cea       0x66 src/avr-base/systimer.o
                0x00000cea                __vector_9
 .text.initTimer
                0x00000d50       0x1a src/avr-base/systimer.o
                0x00000d50                initTimer
 .text.addTimerAction
                0x00000d6a       0x46 src/avr-base/systimer.o
                0x00000d6a                addTimerAction
 .text.resetTimerAction
                0x00000db0        0x6 src/avr-base/systimer.o
                0x00000db0                resetTimerAction
 .text.delayTimer
                0x00000db6       0x16 src/avr-base/systimer.o
                0x00000db6                delayTimer
 .text.processTimerActions
                0x00000dcc       0xb0 src/avr-base/systimer.o
                0x00000dcc                processTimerActions
 .text.getLnMsgSize
                0x00000e7c       0x1a src/loconet/ln_buf.o
                0x00000e7c                getLnMsgSize
 .text.initLocoNet
                0x00000e96        0xa src/loconet/ln_interface.o
                0x00000e96                initLocoNet
 .text.sendLocoNetPacket
                0x00000ea0       0x5e src/loconet/ln_interface.o
                0x00000ea0                sendLocoNetPacket
 .text.sendLocoNet4BytePacket
                0x00000efe       0x32 src/loconet/ln_interface.o
                0x00000efe                sendLocoNet4BytePacket
 .text.avr-libc
                0x00000f30       0x10 E:/Uni/Programme/Atmel Studio/7.0/Packs/atmel/ATmega_DFP/1.2.132/gcc/dev/atmega16/avr5\libatmega16.a(eerd_byte.o)
                0x00000f30                eeprom_read_byte
 .text.avr-libc
                0x00000f40       0x1a E:/Uni/Programme/Atmel Studio/7.0/Packs/atmel/ATmega_DFP/1.2.132/gcc/dev/atmega16/avr5\libatmega16.a(eewr_byte.o)
                0x00000f40                eeprom_write_byte
                0x00000f42                eeprom_write_r18
                0x00000f5a                . = ALIGN (0x2)
 *(.fini9)
 .fini9         0x00000f5a        0x0 e:/uni/programme/atmel studio/7.0/toolchain/avr8/avr8-gnu-toolchain/bin/../lib/gcc/avr/5.4.0/avr5\libgcc.a(_exit.o)
                0x00000f5a                _exit
                0x00000f5a                exit
 *(.fini9)
 *(.fini8)
 *(.fini8)
 *(.fini7)
 *(.fini7)
 *(.fini6)
 *(.fini6)
 *(.fini5)
 *(.fini5)
 *(.fini4)
 *(.fini4)
 *(.fini3)
 *(.fini3)
 *(.fini2)
 *(.fini2)
 *(.fini1)
 *(.fini1)
 *(.fini0)
 .fini0         0x00000f5a        0x4 e:/uni/programme/atmel studio/7.0/toolchain/avr8/avr8-gnu-toolchain/bin/../lib/gcc/avr/5.4.0/avr5\libgcc.a(_exit.o)
 *(.fini0)
                0x00000f5e                _etext = .

.data           0x00800060        0x6 load address 0x00000f5e
                0x00800060                PROVIDE (__data_start, .)
 *(.data)
 *(.data*)
 .data.bLastDirSwitch.2352
                0x00800060        0x1 src/apps/Fredi/fredi.o
 .data.bLastEncSwitch.2348
                0x00800061        0x1 src/apps/Fredi/fredi.o
 .data.bLastKey.2350
                0x00800062        0x1 src/apps/Fredi/fredi.o
 .data.fSetSpeed
                0x00800063        0x1 src/apps/Fredi/fredi.o
 .data.bLEDReload
                0x00800064        0x1 src/apps/Fredi/fredi.o
                0x00800064                bLEDReload
 .data.bThrState
                0x00800065        0x1 src/apps/Fredi/fredi.o
                0x00800065                bThrState
 *(.rodata)
 *(.rodata*)
 *(.gnu.linkonce.d*)
                0x00800066                . = ALIGN (0x2)
                0x00800066                _edata = .
                0x00800066                PROVIDE (__data_end, .)

.bss            0x00800066      0x153
                0x00800066                PROVIDE (__bss_start, .)
 *(.bss)
 *(.bss*)
 .bss.bStopPressed
                0x00800066        0x1 src/apps/Fredi/fredi.o
 .bss.bCurrentKey
                0x00800067        0x1 src/apps/Fredi/fredi.o
 .bss.sEncDir   0x00800068        0x1 src/apps/Fredi/fredi.o
 .bss.shiftPressed
                0x00800069        0x4 src/apps/Fredi/fredi.o
                0x00800069                shiftPressed
 .bss.shiftStatus
                0x0080006d        0x1 src/apps/Fredi/fredi.o
                0x0080006d                shiftStatus
 .bss.shiftedKeyStatus
                0x0080006e        0x1 src/apps/Fredi/fredi.o
                0x0080006e                shiftedKeyStatus
 .bss.keyStatus
                0x0080006f        0x4 src/apps/Fredi/fredi.o
                0x0080006f                keyStatus
 .bss.value     0x00800073        0x1 src/apps/Fredi/fredi.o
                0x00800073                value
 .bss.slotnumber
                0x00800074        0x1 src/apps/Fredi/fredi.o
                0x00800074                slotnumber
 .bss.bSpdCnt   0x00800075        0x1 src/apps/Fredi/fredi.o
 .bss.bEvent    0x00800076        0x1 src/apps/Fredi/fredi.o
                0x00800076                bEvent
 .bss.bFrediVersion
                0x00800077        0x1 src/apps/Fredi/fredi.o
                0x00800077                bFrediVersion
 .bss.timeFilterState.1795
                0x00800078        0x1 src/apps/Fredi/potAdc.o
 .bss.count.1796
                0x00800079        0x1 src/apps/Fredi/potAdc.o
 .bss.deltaFilterState.1786
                0x0080007a        0x2 src/apps/Fredi/potAdc.o
 .bss.potAdcRawValue
                0x0080007c        0x2 src/apps/Fredi/potAdc.o
                0x0080007c                potAdcRawValue
 .bss.potAdcSpeedValue
                0x0080007e        0x1 src/apps/Fredi/potAdc.o
                0x0080007e                potAdcSpeedValue
 .bss.DelayTimerTicks
                0x0080007f        0x2 src/avr-base/systimer.o
                0x0080007f                DelayTimerTicks
 .bss.FastTimerTicks
                0x00800081        0x1 src/avr-base/systimer.o
                0x00800081                FastTimerTicks
 .bss.SlowTimerTicks
                0x00800082        0x1 src/avr-base/systimer.o
                0x00800082                SlowTimerTicks
 .bss.SlowTimerAccumulator
                0x00800083        0x1 src/avr-base/systimer.o
                0x00800083                SlowTimerAccumulator
 .bss.FastTimerActionList
                0x00800084        0x2 src/avr-base/systimer.o
 .bss.SlowTimerActionList
                0x00800086        0x2 src/avr-base/systimer.o
 .bss.pstLnRxBuffer
                0x00800088        0x2 src/loconet/ln_interface.o
 *(COMMON)
 COMMON         0x0080008a      0x123 src/apps/Fredi/fredi.o
                0x0080008a                MessageTimer
                0x00800091                bERWFunKey2Status
                0x00800092                IncrementTimer
                0x00800099                LEDTimer
                0x008000a0                bERWFunKey4Status
                0x008000a1                KeyTimer
                0x008000a8                RxPacket
                0x008000aa                RxBuffer
                0x00800136                ReleaseStopTimer
                0x0080013d                TxPacket
                0x00800153                slotArray
                0x008001ab                bERWFunKey3Status
                0x008001ac                bERWFunKey1Status
 COMMON         0x008001ad        0xc src/avr-base/ln_sw_uart.o
                0x008001ad                lnTxSuccess
                0x008001ae                lnTxIndex
                0x008001af                lnTxLength
                0x008001b0                lnCurrentByte
                0x008001b1                lnCompareTarget
                0x008001b3                lnRxBuffer
                0x008001b5                lnState
                0x008001b6                lnBitCount
                0x008001b7                lnTxData
                0x008001b9                PROVIDE (__bss_end, .)
                0x00000f5e                __data_load_start = LOADADDR (.data)
                0x00000f64                __data_load_end = (__data_load_start + SIZEOF (.data))

.noinit         0x008001b9        0x0
                [!provide]                PROVIDE (__noinit_start, .)
 *(.noinit*)
                [!provide]                PROVIDE (__noinit_end, .)
                0x008001b9                _end = .
                [!provide]                PROVIDE (__heap_start, .)

.eeprom         0x00810000        0xc
 *(.eeprom*)
 .eeprom        0x00810000        0xc src/apps/Fredi/fredi.o
                0x00810000                abEEPROM
                0x0081000c                __eeprom_end = .

.fuse
 *(.fuse)
 *(.lfuse)
 *(.hfuse)
 *(.efuse)

.lock
 *(.lock*)

.signature
 *(.signature*)

.user_signatures
 *(.user_signatures*)

.stab
 *(.stab)

.stabstr
 *(.stabstr)

.stab.excl
 *(.stab.excl)

.stab.exclstr
 *(.stab.exclstr)

.stab.index
 *(.stab.index)

.stab.indexstr
 *(.stab.indexstr)

.comment        0x00000000       0x30
 *(.comment)
 .comment       0x00000000       0x30 src/apps/Fredi/fredi.o
                                 0x31 (size before relaxing)
 .comment       0x00000030       0x31 src/apps/Fredi/potAdc.o
 .comment       0x00000030       0x31 src/avr-base/ln_sw_uart.o
 .comment       0x00000030       0x31 src/avr-base/systimer.o
 .comment       0x00000030       0x31 src/loconet/ln_buf.o
 .comment       0x00000030       0x31 src/loconet/ln_interface.o

.note.gnu.avr.deviceinfo
                0x00000000       0x3c
 .note.gnu.avr.deviceinfo
                0x00000000       0x3c E:/Uni/Programme/Atmel Studio/7.0/Packs/atmel/ATmega_DFP/1.2.132/gcc/dev/atmega16/avr5/crtatmega16.o

.note.gnu.build-id
 *(.note.gnu.build-id)

.debug
 *(.debug)

.line
 *(.line)

.debug_srcinfo
 *(.debug_srcinfo)

.debug_sfnames
 *(.debug_sfnames)

.debug_aranges  0x00000000       0x40
 *(.debug_aranges)
 .debug_aranges
                0x00000000       0x20 E:/Uni/Programme/Atmel Studio/7.0/Packs/atmel/ATmega_DFP/1.2.132/gcc/dev/atmega16/avr5\libatmega16.a(eerd_byte.o)
 .debug_aranges
                0x00000020       0x20 E:/Uni/Programme/Atmel Studio/7.0/Packs/atmel/ATmega_DFP/1.2.132/gcc/dev/atmega16/avr5\libatmega16.a(eewr_byte.o)

.debug_pubnames
 *(.debug_pubnames)

.debug_info     0x00000000      0x682
 *(.debug_info .gnu.linkonce.wi.*)
 .debug_info    0x00000000      0x52e E:/Uni/Programme/Atmel Studio/7.0/Packs/atmel/ATmega_DFP/1.2.132/gcc/dev/atmega16/avr5/crtatmega16.o
 .debug_info    0x0000052e       0xaa E:/Uni/Programme/Atmel Studio/7.0/Packs/atmel/ATmega_DFP/1.2.132/gcc/dev/atmega16/avr5\libatmega16.a(eerd_byte.o)
 .debug_info    0x000005d8       0xaa E:/Uni/Programme/Atmel Studio/7.0/Packs/atmel/ATmega_DFP/1.2.132/gcc/dev/atmega16/avr5\libatmega16.a(eewr_byte.o)

.debug_abbrev   0x00000000      0x50f
 *(.debug_abbrev)
 .debug_abbrev  0x00000000      0x4e7 E:/Uni/Programme/Atmel Studio/7.0/Packs/atmel/ATmega_DFP/1.2.132/gcc/dev/atmega16/avr5/crtatmega16.o
 .debug_abbrev  0x000004e7       0x14 E:/Uni/Programme/Atmel Studio/7.0/Packs/atmel/ATmega_DFP/1.2.132/gcc/dev/atmega16/avr5\libatmega16.a(eerd_byte.o)
 .debug_abbrev  0x000004fb       0x14 E:/Uni/Programme/Atmel Studio/7.0/Packs/atmel/ATmega_DFP/1.2.132/gcc/dev/atmega16/avr5\libatmega16.a(eewr_byte.o)

.debug_line     0x00000000      0x227
 *(.debug_line .debug_line.* .debug_line_end)
 .debug_line    0x00000000      0x115 E:/Uni/Programme/Atmel Studio/7.0/Packs/atmel/ATmega_DFP/1.2.132/gcc/dev/atmega16/avr5/crtatmega16.o
 .debug_line    0x00000115       0x7a E:/Uni/Programme/Atmel Studio/7.0/Packs/atmel/ATmega_DFP/1.2.132/gcc/dev/atmega16/avr5\libatmega16.a(eerd_byte.o)
 .debug_line    0x0000018f       0x98 E:/Uni/Programme/Atmel Studio/7.0/Packs/atmel/ATmega_DFP/1.2.132/gcc/dev/atmega16/avr5\libatmega16.a(eewr_byte.o)

.debug_frame
 *(.debug_frame)

.debug_str      0x00000000      0x1af
 *(.debug_str)
 .debug_str     0x00000000      0x1af E:/Uni/Programme/Atmel Studio/7.0/Packs/atmel/ATmega_DFP/1.2.132/gcc/dev/atmega16/avr5/crtatmega16.o

.debug_loc
 *(.debug_loc)

.debug_macinfo
 *(.debug_macinfo)

.debug_weaknames
 *(.debug_weaknames)

.debug_funcnames
 *(.debug_funcnames)

.debug_typenames
 *(.debug_typenames)

.debug_varnames
 *(.debug_varnames)

.debug_pubtypes
 *(.debug_pubtypes)

.debug_ranges
 *(.debug_ranges)

.debug_macro
 *(.debug_macro)
OUTPUT(ATMega16.elf elf32-avr)
LOAD linker stubs
