Archive member included to satisfy reference by file (symbol)

c:/program files (x86)/atmel/studio/7.0/toolchain/avr8/avr8-gnu-toolchain/bin/../lib/gcc/avr/4.9.2/avr5\libgcc.a(_exit.o)
                              C:/Program Files (x86)/Atmel/Studio/7.0/Packs/atmel/ATmega_DFP/1.2.132/gcc/dev/atmega16/avr5/crtatmega16.o (exit)
c:/program files (x86)/atmel/studio/7.0/toolchain/avr8/avr8-gnu-toolchain/bin/../lib/gcc/avr/4.9.2/avr5\libgcc.a(_copy_data.o)
                              src/apps/Fredi/fredi.o (__do_copy_data)
c:/program files (x86)/atmel/studio/7.0/toolchain/avr8/avr8-gnu-toolchain/bin/../lib/gcc/avr/4.9.2/avr5\libgcc.a(_clear_bss.o)
                              src/apps/Fredi/keys.o (__do_clear_bss)
c:/program files (x86)/atmel/studio/7.0/toolchain/avr8/avr8-gnu-toolchain/bin/../lib/gcc/avr/4.9.2/../../../../avr/lib/avr5\libc.a(memcpy.o)
                              src/loconet/ln_buf.o (memcpy)
C:/Program Files (x86)/Atmel/Studio/7.0/Packs/atmel/ATmega_DFP/1.2.132/gcc/dev/atmega16/avr5\libatmega16.a(eerd_byte.o)
                              src/apps/Fredi/fredi.o (eeprom_read_byte)
C:/Program Files (x86)/Atmel/Studio/7.0/Packs/atmel/ATmega_DFP/1.2.132/gcc/dev/atmega16/avr5\libatmega16.a(eewr_byte.o)
                              src/apps/Fredi/fredi.o (eeprom_write_byte)

Allocating common symbols
Common symbol       size              file

lnTxSuccess         0x1               src/avr-base/ln_sw_uart.o
lnTxIndex           0x1               src/avr-base/ln_sw_uart.o
lnTxLength          0x1               src/avr-base/ln_sw_uart.o
funKeyCounter       0x4               src/apps/Fredi/fredi.o
MessageTimer        0x7               src/apps/Fredi/fredi.o
dirfKeyStatus       0x4               src/apps/Fredi/fredi.o
sendStatus          0x1               src/apps/Fredi/fredi.o
bERWFunKey2Status   0x1               src/apps/Fredi/fredi.o
neuerADCwert        0x8               src/apps/Fredi/fredi.o
shiftKeyCounter     0x4               src/apps/Fredi/fredi.o
IncrementTimer      0x7               src/apps/Fredi/fredi.o
lnCurrentByte       0x1               src/avr-base/ln_sw_uart.o
LEDTimer            0x7               src/apps/Fredi/fredi.o
shiftStatustwo      0x2               src/apps/Fredi/fredi.o
bERWFunKey4Status   0x1               src/apps/Fredi/fredi.o
KeyTimer            0x7               src/apps/Fredi/fredi.o
lnCompareTarget     0x2               src/avr-base/ln_sw_uart.o
lnRxBuffer          0x2               src/avr-base/ln_sw_uart.o
RxPacket            0x2               src/apps/Fredi/fredi.o
RxBuffer            0x8c              src/apps/Fredi/fredi.o
ReleaseStopTimer    0x7               src/apps/Fredi/fredi.o
dirfSCopy           0x2               src/apps/Fredi/fredi.o
lnState             0x1               src/avr-base/ln_sw_uart.o
TxPacket            0x19              src/apps/Fredi/fredi.o
slotArray           0x64              src/apps/Fredi/fredi.o
bERWFunKey3Status   0x1               src/apps/Fredi/fredi.o
lnBitCount          0x1               src/avr-base/ln_sw_uart.o
lnTxData            0x2               src/avr-base/ln_sw_uart.o
dirKeyCounter       0x4               src/apps/Fredi/fredi.o
bERWFunKey1Status   0x1               src/apps/Fredi/fredi.o

Discarded input sections

 .data          0x00000000        0x0 C:/Program Files (x86)/Atmel/Studio/7.0/Packs/atmel/ATmega_DFP/1.2.132/gcc/dev/atmega16/avr5/crtatmega16.o
 .bss           0x00000000        0x0 C:/Program Files (x86)/Atmel/Studio/7.0/Packs/atmel/ATmega_DFP/1.2.132/gcc/dev/atmega16/avr5/crtatmega16.o
 .text          0x00000000        0x0 src/apps/Fredi/keys.o
 .data          0x00000000        0x0 src/apps/Fredi/keys.o
 .bss           0x00000000        0x0 src/apps/Fredi/keys.o
 .text.ProcessKeyInput8Streak
                0x00000000       0x5c src/apps/Fredi/keys.o
 .comment       0x00000000       0x31 src/apps/Fredi/keys.o
 COMMON         0x00000000        0x0 src/apps/Fredi/keys.o
 .text          0x00000000        0x0 src/apps/Fredi/fredi.o
 .data          0x00000000        0x0 src/apps/Fredi/fredi.o
 .bss           0x00000000        0x0 src/apps/Fredi/fredi.o
 .text.enableLED2
                0x00000000        0x4 src/apps/Fredi/fredi.o
 .text.enableLED3
                0x00000000        0x4 src/apps/Fredi/fredi.o
 .text.enableLED4
                0x00000000        0x4 src/apps/Fredi/fredi.o
 .text.disableLED2
                0x00000000        0x4 src/apps/Fredi/fredi.o
 .text.disableLED3
                0x00000000        0x4 src/apps/Fredi/fredi.o
 .text.LEDTimerAction
                0x00000000       0x84 src/apps/Fredi/fredi.o
 .text.entprellen_druecken
                0x00000000       0x26 src/apps/Fredi/fredi.o
 .text.testLoco
                0x00000000        0xa src/apps/Fredi/fredi.o
 .text.ProcessKeyInput
                0x00000000       0xb8 src/apps/Fredi/fredi.o
 .text.ProcessShiftKeyInput8StreakFun
                0x00000000       0xfa src/apps/Fredi/fredi.o
 .text.ProcessFunKeyInput8StreakFun
                0x00000000       0x70 src/apps/Fredi/fredi.o
 .text.testFalseSignalStreakIsSet
                0x00000000      0x1dc src/apps/Fredi/fredi.o
 .text.testFalseSignalStreakIsClear
                0x00000000      0x13e src/apps/Fredi/fredi.o
 .text.testKeySignal
                0x00000000       0x30 src/apps/Fredi/fredi.o
 .text.testSignalRatio
                0x00000000      0x1e2 src/apps/Fredi/fredi.o
 .text.sendLocoNetSnd
                0x00000000       0x12 src/apps/Fredi/fredi.o
 .text.sendLocoNetFredAdc
                0x00000000       0x18 src/apps/Fredi/fredi.o
 .text.sendLocoNetFredButton
                0x00000000        0xc src/apps/Fredi/fredi.o
 .text.vCheckSelfTestEnd
                0x00000000       0x7a src/apps/Fredi/fredi.o
 .text.vProcessKey
                0x00000000      0x28c src/apps/Fredi/fredi.o
 .text.vProcessEncoder
                0x00000000       0xe4 src/apps/Fredi/fredi.o
 .text.vProcessPoti
                0x00000000       0xd2 src/apps/Fredi/fredi.o
 .data.bOldValue.2548
                0x00000000        0x2 src/apps/Fredi/fredi.o
 .bss.bLastCurrentkey.2397
                0x00000000        0x1 src/apps/Fredi/fredi.o
 .bss.wSelfTest
                0x00000000        0x2 src/apps/Fredi/fredi.o
 .bss.ratioCounter
                0x00000000        0x2 src/apps/Fredi/fredi.o
 .bss.wrongSignal
                0x00000000        0x4 src/apps/Fredi/fredi.o
 .bss.correctSignal
                0x00000000        0x4 src/apps/Fredi/fredi.o
 .data.highStreak
                0x00000000        0x4 src/apps/Fredi/fredi.o
 .bss.streak    0x00000000        0x4 src/apps/Fredi/fredi.o
 .bss.shiftTimeOut
                0x00000000        0x1 src/apps/Fredi/fredi.o
 .bss.shiftPressed
                0x00000000        0x4 src/apps/Fredi/fredi.o
 .bss.dirKeyStatus
                0x00000000        0x1 src/apps/Fredi/fredi.o
 .bss.funkeyStatus
                0x00000000        0x1 src/apps/Fredi/fredi.o
 .bss.shiftStatus
                0x00000000        0x1 src/apps/Fredi/fredi.o
 .bss.shiftedKeyStatus
                0x00000000        0x1 src/apps/Fredi/fredi.o
 .bss.keyStatus
                0x00000000        0x4 src/apps/Fredi/fredi.o
 .bss.entprell  0x00000000        0x1 src/apps/Fredi/fredi.o
 .bss.old_value
                0x00000000        0x1 src/apps/Fredi/fredi.o
 .bss.bNewState
                0x00000000        0x1 src/apps/Fredi/fredi.o
 .text          0x00000000        0x0 src/apps/Fredi/fuses.o
 .data          0x00000000        0x0 src/apps/Fredi/fuses.o
 .bss           0x00000000        0x0 src/apps/Fredi/fuses.o
 lfuses         0x00000000        0x1 src/apps/Fredi/fuses.o
 hfuses         0x00000000        0x1 src/apps/Fredi/fuses.o
 .comment       0x00000000       0x31 src/apps/Fredi/fuses.o
 .text          0x00000000        0x0 src/apps/Fredi/potAdc.o
 .data          0x00000000        0x0 src/apps/Fredi/potAdc.o
 .bss           0x00000000        0x0 src/apps/Fredi/potAdc.o
 .text          0x00000000        0x0 src/avr-base/ln_sw_uart.o
 .data          0x00000000        0x0 src/avr-base/ln_sw_uart.o
 .bss           0x00000000        0x0 src/avr-base/ln_sw_uart.o
 .text          0x00000000        0x0 src/avr-base/systimer.o
 .data          0x00000000        0x0 src/avr-base/systimer.o
 .bss           0x00000000        0x0 src/avr-base/systimer.o
 .text          0x00000000        0x0 src/loconet/ln_buf.o
 .data          0x00000000        0x0 src/loconet/ln_buf.o
 .bss           0x00000000        0x0 src/loconet/ln_buf.o
 .text.initLnBuf
                0x00000000        0xc src/loconet/ln_buf.o
 .text.getLnBufStats
                0x00000000        0x6 src/loconet/ln_buf.o
 .text          0x00000000        0x0 src/loconet/ln_interface.o
 .data          0x00000000        0x0 src/loconet/ln_interface.o
 .bss           0x00000000        0x0 src/loconet/ln_interface.o
 .text          0x00000000        0x0 src/loconet/utils.o
 .data          0x00000000        0x0 src/loconet/utils.o
 .bss           0x00000000        0x0 src/loconet/utils.o
 .text.decodePeerData
                0x00000000       0x46 src/loconet/utils.o
 .text.encodePeerData
                0x00000000       0x64 src/loconet/utils.o
 .comment       0x00000000       0x31 src/loconet/utils.o
 .text          0x00000000        0x0 src/ASF/mega/boards/stk600/rcx_x/init.o
 .data          0x00000000        0x0 src/ASF/mega/boards/stk600/rcx_x/init.o
 .bss           0x00000000        0x0 src/ASF/mega/boards/stk600/rcx_x/init.o
 .text.board_init
                0x00000000        0x2 src/ASF/mega/boards/stk600/rcx_x/init.o
 .comment       0x00000000       0x31 src/ASF/mega/boards/stk600/rcx_x/init.o
 .text          0x00000000        0x0 c:/program files (x86)/atmel/studio/7.0/toolchain/avr8/avr8-gnu-toolchain/bin/../lib/gcc/avr/4.9.2/avr5\libgcc.a(_exit.o)
 .data          0x00000000        0x0 c:/program files (x86)/atmel/studio/7.0/toolchain/avr8/avr8-gnu-toolchain/bin/../lib/gcc/avr/4.9.2/avr5\libgcc.a(_exit.o)
 .bss           0x00000000        0x0 c:/program files (x86)/atmel/studio/7.0/toolchain/avr8/avr8-gnu-toolchain/bin/../lib/gcc/avr/4.9.2/avr5\libgcc.a(_exit.o)
 .text.libgcc.mul
                0x00000000        0x0 c:/program files (x86)/atmel/studio/7.0/toolchain/avr8/avr8-gnu-toolchain/bin/../lib/gcc/avr/4.9.2/avr5\libgcc.a(_exit.o)
 .text.libgcc.div
                0x00000000        0x0 c:/program files (x86)/atmel/studio/7.0/toolchain/avr8/avr8-gnu-toolchain/bin/../lib/gcc/avr/4.9.2/avr5\libgcc.a(_exit.o)
 .text.libgcc   0x00000000        0x0 c:/program files (x86)/atmel/studio/7.0/toolchain/avr8/avr8-gnu-toolchain/bin/../lib/gcc/avr/4.9.2/avr5\libgcc.a(_exit.o)
 .text.libgcc.prologue
                0x00000000        0x0 c:/program files (x86)/atmel/studio/7.0/toolchain/avr8/avr8-gnu-toolchain/bin/../lib/gcc/avr/4.9.2/avr5\libgcc.a(_exit.o)
 .text.libgcc.builtins
                0x00000000        0x0 c:/program files (x86)/atmel/studio/7.0/toolchain/avr8/avr8-gnu-toolchain/bin/../lib/gcc/avr/4.9.2/avr5\libgcc.a(_exit.o)
 .text.libgcc.fmul
                0x00000000        0x0 c:/program files (x86)/atmel/studio/7.0/toolchain/avr8/avr8-gnu-toolchain/bin/../lib/gcc/avr/4.9.2/avr5\libgcc.a(_exit.o)
 .text.libgcc.fixed
                0x00000000        0x0 c:/program files (x86)/atmel/studio/7.0/toolchain/avr8/avr8-gnu-toolchain/bin/../lib/gcc/avr/4.9.2/avr5\libgcc.a(_exit.o)
 .text          0x00000000        0x0 c:/program files (x86)/atmel/studio/7.0/toolchain/avr8/avr8-gnu-toolchain/bin/../lib/gcc/avr/4.9.2/avr5\libgcc.a(_copy_data.o)
 .data          0x00000000        0x0 c:/program files (x86)/atmel/studio/7.0/toolchain/avr8/avr8-gnu-toolchain/bin/../lib/gcc/avr/4.9.2/avr5\libgcc.a(_copy_data.o)
 .bss           0x00000000        0x0 c:/program files (x86)/atmel/studio/7.0/toolchain/avr8/avr8-gnu-toolchain/bin/../lib/gcc/avr/4.9.2/avr5\libgcc.a(_copy_data.o)
 .text.libgcc.mul
                0x00000000        0x0 c:/program files (x86)/atmel/studio/7.0/toolchain/avr8/avr8-gnu-toolchain/bin/../lib/gcc/avr/4.9.2/avr5\libgcc.a(_copy_data.o)
 .text.libgcc.div
                0x00000000        0x0 c:/program files (x86)/atmel/studio/7.0/toolchain/avr8/avr8-gnu-toolchain/bin/../lib/gcc/avr/4.9.2/avr5\libgcc.a(_copy_data.o)
 .text.libgcc   0x00000000        0x0 c:/program files (x86)/atmel/studio/7.0/toolchain/avr8/avr8-gnu-toolchain/bin/../lib/gcc/avr/4.9.2/avr5\libgcc.a(_copy_data.o)
 .text.libgcc.prologue
                0x00000000        0x0 c:/program files (x86)/atmel/studio/7.0/toolchain/avr8/avr8-gnu-toolchain/bin/../lib/gcc/avr/4.9.2/avr5\libgcc.a(_copy_data.o)
 .text.libgcc.builtins
                0x00000000        0x0 c:/program files (x86)/atmel/studio/7.0/toolchain/avr8/avr8-gnu-toolchain/bin/../lib/gcc/avr/4.9.2/avr5\libgcc.a(_copy_data.o)
 .text.libgcc.fmul
                0x00000000        0x0 c:/program files (x86)/atmel/studio/7.0/toolchain/avr8/avr8-gnu-toolchain/bin/../lib/gcc/avr/4.9.2/avr5\libgcc.a(_copy_data.o)
 .text.libgcc.fixed
                0x00000000        0x0 c:/program files (x86)/atmel/studio/7.0/toolchain/avr8/avr8-gnu-toolchain/bin/../lib/gcc/avr/4.9.2/avr5\libgcc.a(_copy_data.o)
 .text          0x00000000        0x0 c:/program files (x86)/atmel/studio/7.0/toolchain/avr8/avr8-gnu-toolchain/bin/../lib/gcc/avr/4.9.2/avr5\libgcc.a(_clear_bss.o)
 .data          0x00000000        0x0 c:/program files (x86)/atmel/studio/7.0/toolchain/avr8/avr8-gnu-toolchain/bin/../lib/gcc/avr/4.9.2/avr5\libgcc.a(_clear_bss.o)
 .bss           0x00000000        0x0 c:/program files (x86)/atmel/studio/7.0/toolchain/avr8/avr8-gnu-toolchain/bin/../lib/gcc/avr/4.9.2/avr5\libgcc.a(_clear_bss.o)
 .text.libgcc.mul
                0x00000000        0x0 c:/program files (x86)/atmel/studio/7.0/toolchain/avr8/avr8-gnu-toolchain/bin/../lib/gcc/avr/4.9.2/avr5\libgcc.a(_clear_bss.o)
 .text.libgcc.div
                0x00000000        0x0 c:/program files (x86)/atmel/studio/7.0/toolchain/avr8/avr8-gnu-toolchain/bin/../lib/gcc/avr/4.9.2/avr5\libgcc.a(_clear_bss.o)
 .text.libgcc   0x00000000        0x0 c:/program files (x86)/atmel/studio/7.0/toolchain/avr8/avr8-gnu-toolchain/bin/../lib/gcc/avr/4.9.2/avr5\libgcc.a(_clear_bss.o)
 .text.libgcc.prologue
                0x00000000        0x0 c:/program files (x86)/atmel/studio/7.0/toolchain/avr8/avr8-gnu-toolchain/bin/../lib/gcc/avr/4.9.2/avr5\libgcc.a(_clear_bss.o)
 .text.libgcc.builtins
                0x00000000        0x0 c:/program files (x86)/atmel/studio/7.0/toolchain/avr8/avr8-gnu-toolchain/bin/../lib/gcc/avr/4.9.2/avr5\libgcc.a(_clear_bss.o)
 .text.libgcc.fmul
                0x00000000        0x0 c:/program files (x86)/atmel/studio/7.0/toolchain/avr8/avr8-gnu-toolchain/bin/../lib/gcc/avr/4.9.2/avr5\libgcc.a(_clear_bss.o)
 .text.libgcc.fixed
                0x00000000        0x0 c:/program files (x86)/atmel/studio/7.0/toolchain/avr8/avr8-gnu-toolchain/bin/../lib/gcc/avr/4.9.2/avr5\libgcc.a(_clear_bss.o)
 .text          0x00000000        0x0 c:/program files (x86)/atmel/studio/7.0/toolchain/avr8/avr8-gnu-toolchain/bin/../lib/gcc/avr/4.9.2/../../../../avr/lib/avr5\libc.a(memcpy.o)
 .data          0x00000000        0x0 c:/program files (x86)/atmel/studio/7.0/toolchain/avr8/avr8-gnu-toolchain/bin/../lib/gcc/avr/4.9.2/../../../../avr/lib/avr5\libc.a(memcpy.o)
 .bss           0x00000000        0x0 c:/program files (x86)/atmel/studio/7.0/toolchain/avr8/avr8-gnu-toolchain/bin/../lib/gcc/avr/4.9.2/../../../../avr/lib/avr5\libc.a(memcpy.o)
 .text          0x00000000        0x0 C:/Program Files (x86)/Atmel/Studio/7.0/Packs/atmel/ATmega_DFP/1.2.132/gcc/dev/atmega16/avr5\libatmega16.a(eerd_byte.o)
 .data          0x00000000        0x0 C:/Program Files (x86)/Atmel/Studio/7.0/Packs/atmel/ATmega_DFP/1.2.132/gcc/dev/atmega16/avr5\libatmega16.a(eerd_byte.o)
 .bss           0x00000000        0x0 C:/Program Files (x86)/Atmel/Studio/7.0/Packs/atmel/ATmega_DFP/1.2.132/gcc/dev/atmega16/avr5\libatmega16.a(eerd_byte.o)
 .text          0x00000000        0x0 C:/Program Files (x86)/Atmel/Studio/7.0/Packs/atmel/ATmega_DFP/1.2.132/gcc/dev/atmega16/avr5\libatmega16.a(eewr_byte.o)
 .data          0x00000000        0x0 C:/Program Files (x86)/Atmel/Studio/7.0/Packs/atmel/ATmega_DFP/1.2.132/gcc/dev/atmega16/avr5\libatmega16.a(eewr_byte.o)
 .bss           0x00000000        0x0 C:/Program Files (x86)/Atmel/Studio/7.0/Packs/atmel/ATmega_DFP/1.2.132/gcc/dev/atmega16/avr5\libatmega16.a(eewr_byte.o)

Memory Configuration

Name             Origin             Length             Attributes
text             0x00000000         0x00020000         xr
data             0x00800060         0x0000ffa0         rw !x
eeprom           0x00810000         0x00010000         rw !x
fuse             0x00820000         0x00000002         rw !x
lock             0x00830000         0x00000400         rw !x
signature        0x00840000         0x00000400         rw !x
user_signatures  0x00850000         0x00000400         rw !x
*default*        0x00000000         0xffffffff

Linker script and memory map

LOAD C:/Program Files (x86)/Atmel/Studio/7.0/Packs/atmel/ATmega_DFP/1.2.132/gcc/dev/atmega16/avr5/crtatmega16.o
LOAD src/apps/Fredi/keys.o
LOAD src/apps/Fredi/fredi.o
LOAD src/apps/Fredi/fuses.o
LOAD src/apps/Fredi/potAdc.o
LOAD src/avr-base/ln_sw_uart.o
LOAD src/avr-base/systimer.o
LOAD src/loconet/ln_buf.o
LOAD src/loconet/ln_interface.o
LOAD src/loconet/utils.o
LOAD src/ASF/mega/boards/stk600/rcx_x/init.o
START GROUP
LOAD c:/program files (x86)/atmel/studio/7.0/toolchain/avr8/avr8-gnu-toolchain/bin/../lib/gcc/avr/4.9.2/../../../../avr/lib/avr5\libm.a
END GROUP
START GROUP
LOAD c:/program files (x86)/atmel/studio/7.0/toolchain/avr8/avr8-gnu-toolchain/bin/../lib/gcc/avr/4.9.2/avr5\libgcc.a
LOAD c:/program files (x86)/atmel/studio/7.0/toolchain/avr8/avr8-gnu-toolchain/bin/../lib/gcc/avr/4.9.2/../../../../avr/lib/avr5\libm.a
LOAD c:/program files (x86)/atmel/studio/7.0/toolchain/avr8/avr8-gnu-toolchain/bin/../lib/gcc/avr/4.9.2/../../../../avr/lib/avr5\libc.a
LOAD C:/Program Files (x86)/Atmel/Studio/7.0/Packs/atmel/ATmega_DFP/1.2.132/gcc/dev/atmega16/avr5\libatmega16.a
END GROUP
                0x00020000                __TEXT_REGION_LENGTH__ = DEFINED (__TEXT_REGION_LENGTH__)?__TEXT_REGION_LENGTH__:0x20000
                0x0000ffa0                __DATA_REGION_LENGTH__ = DEFINED (__DATA_REGION_LENGTH__)?__DATA_REGION_LENGTH__:0xffa0
                0x00010000                __EEPROM_REGION_LENGTH__ = DEFINED (__EEPROM_REGION_LENGTH__)?__EEPROM_REGION_LENGTH__:0x10000
                [0x00000002]                __FUSE_REGION_LENGTH__ = DEFINED (__FUSE_REGION_LENGTH__)?__FUSE_REGION_LENGTH__:0x400
                0x00000400                __LOCK_REGION_LENGTH__ = DEFINED (__LOCK_REGION_LENGTH__)?__LOCK_REGION_LENGTH__:0x400
                0x00000400                __SIGNATURE_REGION_LENGTH__ = DEFINED (__SIGNATURE_REGION_LENGTH__)?__SIGNATURE_REGION_LENGTH__:0x400
                0x00000400                __USER_SIGNATURE_REGION_LENGTH__ = DEFINED (__USER_SIGNATURE_REGION_LENGTH__)?__USER_SIGNATURE_REGION_LENGTH__:0x400

.hash
 *(.hash)

.dynsym
 *(.dynsym)

.dynstr
 *(.dynstr)

.gnu.version
 *(.gnu.version)

.gnu.version_d
 *(.gnu.version_d)

.gnu.version_r
 *(.gnu.version_r)

.rel.init
 *(.rel.init)

.rela.init
 *(.rela.init)

.rel.text
 *(.rel.text)
 *(.rel.text.*)
 *(.rel.gnu.linkonce.t*)

.rela.text
 *(.rela.text)
 *(.rela.text.*)
 *(.rela.gnu.linkonce.t*)

.rel.fini
 *(.rel.fini)

.rela.fini
 *(.rela.fini)

.rel.rodata
 *(.rel.rodata)
 *(.rel.rodata.*)
 *(.rel.gnu.linkonce.r*)

.rela.rodata
 *(.rela.rodata)
 *(.rela.rodata.*)
 *(.rela.gnu.linkonce.r*)

.rel.data
 *(.rel.data)
 *(.rel.data.*)
 *(.rel.gnu.linkonce.d*)

.rela.data
 *(.rela.data)
 *(.rela.data.*)
 *(.rela.gnu.linkonce.d*)

.rel.ctors
 *(.rel.ctors)

.rela.ctors
 *(.rela.ctors)

.rel.dtors
 *(.rel.dtors)

.rela.dtors
 *(.rela.dtors)

.rel.got
 *(.rel.got)

.rela.got
 *(.rela.got)

.rel.bss
 *(.rel.bss)

.rela.bss
 *(.rela.bss)

.rel.plt
 *(.rel.plt)

.rela.plt
 *(.rela.plt)

.text           0x00000000     0x1904
 *(.vectors)
 .vectors       0x00000000       0x54 C:/Program Files (x86)/Atmel/Studio/7.0/Packs/atmel/ATmega_DFP/1.2.132/gcc/dev/atmega16/avr5/crtatmega16.o
                0x00000000                __vector_default
                0x00000000                __vectors
 *(.vectors)
 *(.progmem.gcc*)
                0x00000054                . = ALIGN (0x2)
                0x00000054                __trampolines_start = .
 *(.trampolines)
 .trampolines   0x00000054        0x0 linker stubs
 *(.trampolines*)
                0x00000054                __trampolines_end = .
 *libprintf_flt.a:*(.progmem.data)
 *libc.a:*(.progmem.data)
 *(.progmem*)
                0x00000054                . = ALIGN (0x2)
 *(.jumptables)
 *(.jumptables*)
 *(.lowtext)
 *(.lowtext*)
                0x00000054                __ctors_start = .
 *(.ctors)
                0x00000054                __ctors_end = .
                0x00000054                __dtors_start = .
 *(.dtors)
                0x00000054                __dtors_end = .
 SORT(*)(.ctors)
 SORT(*)(.dtors)
 *(.init0)
 .init0         0x00000054        0x0 C:/Program Files (x86)/Atmel/Studio/7.0/Packs/atmel/ATmega_DFP/1.2.132/gcc/dev/atmega16/avr5/crtatmega16.o
                0x00000054                __init
 *(.init0)
 *(.init1)
 *(.init1)
 *(.init2)
 .init2         0x00000054        0xc C:/Program Files (x86)/Atmel/Studio/7.0/Packs/atmel/ATmega_DFP/1.2.132/gcc/dev/atmega16/avr5/crtatmega16.o
 *(.init2)
 *(.init3)
 *(.init3)
 *(.init4)
 .init4         0x00000060       0x16 c:/program files (x86)/atmel/studio/7.0/toolchain/avr8/avr8-gnu-toolchain/bin/../lib/gcc/avr/4.9.2/avr5\libgcc.a(_copy_data.o)
                0x00000060                __do_copy_data
 .init4         0x00000076       0x10 c:/program files (x86)/atmel/studio/7.0/toolchain/avr8/avr8-gnu-toolchain/bin/../lib/gcc/avr/4.9.2/avr5\libgcc.a(_clear_bss.o)
                0x00000076                __do_clear_bss
 *(.init4)
 *(.init5)
 *(.init5)
 *(.init6)
 *(.init6)
 *(.init7)
 *(.init7)
 *(.init8)
 *(.init8)
 *(.init9)
 .init9         0x00000086        0x6 C:/Program Files (x86)/Atmel/Studio/7.0/Packs/atmel/ATmega_DFP/1.2.132/gcc/dev/atmega16/avr5/crtatmega16.o
 *(.init9)
 *(.text)
 .text          0x0000008c        0x2 C:/Program Files (x86)/Atmel/Studio/7.0/Packs/atmel/ATmega_DFP/1.2.132/gcc/dev/atmega16/avr5/crtatmega16.o
                0x0000008c                __vector_1
                0x0000008c                __vector_12
                0x0000008c                __bad_interrupt
                0x0000008c                __vector_3
                0x0000008c                __vector_11
                0x0000008c                __vector_13
                0x0000008c                __vector_17
                0x0000008c                __vector_19
                0x0000008c                __vector_7
                0x0000008c                __vector_4
                0x0000008c                __vector_15
                0x0000008c                __vector_8
                0x0000008c                __vector_14
                0x0000008c                __vector_10
                0x0000008c                __vector_16
                0x0000008c                __vector_18
                0x0000008c                __vector_20
                0x0000008e                . = ALIGN (0x2)
 *(.text.*)
 .text.IncrementTimerAction
                0x0000008e       0x20 src/apps/Fredi/fredi.o
                0x0000008e                IncrementTimerAction
 .text.ReleaseStopTimerAction
                0x000000ae        0x8 src/apps/Fredi/fredi.o
                0x000000ae                ReleaseStopTimerAction
 .text.KeyTimerAction
                0x000000b6       0xa8 src/apps/Fredi/fredi.o
                0x000000b6                KeyTimerAction
 .text.GET_SPDCNT_BY_SLOTSPD
                0x0000015e       0x28 src/apps/Fredi/fredi.o
                0x0000015e                GET_SPDCNT_BY_SLOTSPD
 .text.setLEDasOutput
                0x00000186        0xa src/apps/Fredi/fredi.o
                0x00000186                setLEDasOutput
 .text.enableLED1
                0x00000190        0x4 src/apps/Fredi/fredi.o
                0x00000190                enableLED1
 .text.disableLED1
                0x00000194        0x4 src/apps/Fredi/fredi.o
                0x00000194                disableLED1
 .text.disableLED4
                0x00000198        0x4 src/apps/Fredi/fredi.o
                0x00000198                disableLED4
 .text.toggleLED1
                0x0000019c        0xc src/apps/Fredi/fredi.o
                0x0000019c                toggleLED1
 .text.toggleLED2
                0x000001a8        0xc src/apps/Fredi/fredi.o
                0x000001a8                toggleLED2
 .text.toggleLED3
                0x000001b4        0xc src/apps/Fredi/fredi.o
                0x000001b4                toggleLED3
 .text.toggleLED4
                0x000001c0        0xc src/apps/Fredi/fredi.o
                0x000001c0                toggleLED4
 .text.initKeys
                0x000001cc       0xc2 src/apps/Fredi/fredi.o
                0x000001cc                initKeys
 .text.__vector_2
                0x0000028e       0x40 src/apps/Fredi/fredi.o
                0x0000028e                __vector_2
 .text.vSetState
                0x000002ce       0x88 src/apps/Fredi/fredi.o
                0x000002ce                vSetState
 .text.MessageTimerAction
                0x00000356       0xfc src/apps/Fredi/fredi.o
                0x00000356                MessageTimerAction
 .text.initSlots
                0x00000452       0xc2 src/apps/Fredi/fredi.o
                0x00000452                initSlots
 .text.transmitInputLoco
                0x00000514       0x86 src/apps/Fredi/fredi.o
                0x00000514                transmitInputLoco
 .text.processValue
                0x0000059a       0x10 src/apps/Fredi/fredi.o
                0x0000059a                processValue
 .text.ProcessDirKeyInput8Streak
                0x000005aa       0x8c src/apps/Fredi/fredi.o
                0x000005aa                ProcessDirKeyInput8Streak
 .text.ProcessShiftKeyInput8Streak
                0x00000636       0x92 src/apps/Fredi/fredi.o
                0x00000636                ProcessShiftKeyInput8Streak
 .text.ProcessFunKeyInput8Streak
                0x000006c8       0xfe src/apps/Fredi/fredi.o
                0x000006c8                ProcessFunKeyInput8Streak
 .text.setPullUps
                0x000007c6       0x1a src/apps/Fredi/fredi.o
                0x000007c6                setPullUps
 .text._delay_1500ms
                0x000007e0       0x16 src/apps/Fredi/fredi.o
                0x000007e0                _delay_1500ms
 .text.sendLocoNetSpd
                0x000007f6       0x18 src/apps/Fredi/fredi.o
                0x000007f6                sendLocoNetSpd
 .text.processADC
                0x0000080e       0xd4 src/apps/Fredi/fredi.o
                0x0000080e                processADC
 .text.sendLocoNetDirf
                0x000008e2       0x10 src/apps/Fredi/fredi.o
                0x000008e2                sendLocoNetDirf
 .text.sendLocoNetWriteSlotData
                0x000008f2       0x9e src/apps/Fredi/fredi.o
                0x000008f2                sendLocoNetWriteSlotData
 .text.sendLocoNetMove
                0x00000990       0x3c src/apps/Fredi/fredi.o
                0x00000990                sendLocoNetMove
 .text.sendLocoNetAdr
                0x000009cc       0x1a src/apps/Fredi/fredi.o
                0x000009cc                sendLocoNetAdr
 .text.sendLocoNetFredCd
                0x000009e6        0xa src/apps/Fredi/fredi.o
                0x000009e6                sendLocoNetFredCd
 .text.vCopySlotFromRxPacket
                0x000009f0       0xba src/apps/Fredi/fredi.o
                0x000009f0                vCopySlotFromRxPacket
 .text.vSetUnconnected
                0x00000aaa       0x2c src/apps/Fredi/fredi.o
                0x00000aaa                vSetUnconnected
 .text.vProcessRxLoconetMessage
                0x00000ad6      0x1d0 src/apps/Fredi/fredi.o
                0x00000ad6                vProcessRxLoconetMessage
 .text.startup.main
                0x00000ca6      0x2ea src/apps/Fredi/fredi.o
                0x00000ca6                main
 .text.potAdcPowerOff
                0x00000f90        0x4 src/apps/Fredi/potAdc.o
                0x00000f90                potAdcPowerOff
 .text.potAdcInit
                0x00000f94       0x16 src/apps/Fredi/potAdc.o
                0x00000f94                potAdcInit
 .text.potAdcTimerAction
                0x00000faa       0x90 src/apps/Fredi/potAdc.o
                0x00000faa                potAdcTimerAction
 .text.__vector_5
                0x0000103a       0x54 src/avr-base/ln_sw_uart.o
                0x0000103a                __vector_5
 .text.__vector_6
                0x0000108e      0x250 src/avr-base/ln_sw_uart.o
                0x0000108e                __vector_6
 .text.initLocoNetHardware
                0x000012de       0x2a src/avr-base/ln_sw_uart.o
                0x000012de                initLocoNetHardware
 .text.sendLocoNetPacketTry
                0x00001308      0x140 src/avr-base/ln_sw_uart.o
                0x00001308                sendLocoNetPacketTry
 .text.__vector_9
                0x00001448       0x66 src/avr-base/systimer.o
                0x00001448                __vector_9
 .text.initTimer
                0x000014ae       0x1a src/avr-base/systimer.o
                0x000014ae                initTimer
 .text.addTimerAction
                0x000014c8       0x46 src/avr-base/systimer.o
                0x000014c8                addTimerAction
 .text.resetTimerAction
                0x0000150e        0x6 src/avr-base/systimer.o
                0x0000150e                resetTimerAction
 .text.delayTimer
                0x00001514       0x16 src/avr-base/systimer.o
                0x00001514                delayTimer
 .text.processTimerActions
                0x0000152a       0xb0 src/avr-base/systimer.o
                0x0000152a                processTimerActions
 .text.recvLnMsg
                0x000015da      0x1f8 src/loconet/ln_buf.o
                0x000015da                recvLnMsg
 .text.getLnMsgSize
                0x000017d2       0x1a src/loconet/ln_buf.o
                0x000017d2                getLnMsgSize
 .text.initLocoNet
                0x000017ec        0xa src/loconet/ln_interface.o
                0x000017ec                initLocoNet
 .text.recvLocoNetPacket
                0x000017f6        0xa src/loconet/ln_interface.o
                0x000017f6                recvLocoNetPacket
 .text.sendLocoNetPacket
                0x00001800       0x5e src/loconet/ln_interface.o
                0x00001800                sendLocoNetPacket
 .text.sendLocoNet4BytePacket
                0x0000185e       0x32 src/loconet/ln_interface.o
                0x0000185e                sendLocoNet4BytePacket
 .text.sendLocoNet4BytePacketTry
                0x00001890       0x34 src/loconet/ln_interface.o
                0x00001890                sendLocoNet4BytePacketTry
 .text.avr-libc
                0x000018c4       0x12 c:/program files (x86)/atmel/studio/7.0/toolchain/avr8/avr8-gnu-toolchain/bin/../lib/gcc/avr/4.9.2/../../../../avr/lib/avr5\libc.a(memcpy.o)
                0x000018c4                memcpy
 .text.avr-libc
                0x000018d6       0x10 C:/Program Files (x86)/Atmel/Studio/7.0/Packs/atmel/ATmega_DFP/1.2.132/gcc/dev/atmega16/avr5\libatmega16.a(eerd_byte.o)
                0x000018d6                eeprom_read_byte
 .text.avr-libc
                0x000018e6       0x1a C:/Program Files (x86)/Atmel/Studio/7.0/Packs/atmel/ATmega_DFP/1.2.132/gcc/dev/atmega16/avr5\libatmega16.a(eewr_byte.o)
                0x000018e6                eeprom_write_byte
                0x000018e8                eeprom_write_r18
                0x00001900                . = ALIGN (0x2)
 *(.fini9)
 .fini9         0x00001900        0x0 c:/program files (x86)/atmel/studio/7.0/toolchain/avr8/avr8-gnu-toolchain/bin/../lib/gcc/avr/4.9.2/avr5\libgcc.a(_exit.o)
                0x00001900                _exit
                0x00001900                exit
 *(.fini9)
 *(.fini8)
 *(.fini8)
 *(.fini7)
 *(.fini7)
 *(.fini6)
 *(.fini6)
 *(.fini5)
 *(.fini5)
 *(.fini4)
 *(.fini4)
 *(.fini3)
 *(.fini3)
 *(.fini2)
 *(.fini2)
 *(.fini1)
 *(.fini1)
 *(.fini0)
 .fini0         0x00001900        0x4 c:/program files (x86)/atmel/studio/7.0/toolchain/avr8/avr8-gnu-toolchain/bin/../lib/gcc/avr/4.9.2/avr5\libgcc.a(_exit.o)
 *(.fini0)
                0x00001904                _etext = .

.data           0x00800060       0x2c load address 0x00001904
                0x00800060                PROVIDE (__data_start, .)
 *(.data)
 *(.data*)
 .data.bLastDirSwitch.2294
                0x00800060        0x1 src/apps/Fredi/fredi.o
 .data.bLastEncSwitch.2290
                0x00800061        0x1 src/apps/Fredi/fredi.o
 .data.bLastKey.2292
                0x00800062        0x1 src/apps/Fredi/fredi.o
 .data.fSetSpeed
                0x00800063        0x1 src/apps/Fredi/fredi.o
 .data.bLEDReload
                0x00800064        0x1 src/apps/Fredi/fredi.o
                0x00800064                bLEDReload
 .data.bThrState
                0x00800065        0x1 src/apps/Fredi/fredi.o
                0x00800065                bThrState
 *(.rodata)
 *(.rodata*)
 .rodata.abSpd  0x00800066       0x25 src/apps/Fredi/fredi.o
                0x00800066                abSpd
 *(.gnu.linkonce.d*)
                0x0080008c                . = ALIGN (0x2)
 *fill*         0x0080008b        0x1 
                0x0080008c                _edata = .
                0x0080008c                PROVIDE (__data_end, .)

.bss            0x0080008c      0x177
                0x0080008c                PROVIDE (__bss_start, .)
 *(.bss)
 *(.bss*)
 .bss.bStopPressed
                0x0080008c        0x1 src/apps/Fredi/fredi.o
 .bss.bCurrentKey
                0x0080008d        0x1 src/apps/Fredi/fredi.o
 .bss.sEncDir   0x0080008e        0x1 src/apps/Fredi/fredi.o
 .bss.potiStatus
                0x0080008f        0x1 src/apps/Fredi/fredi.o
                0x0080008f                potiStatus
 .bss.value     0x00800090        0x1 src/apps/Fredi/fredi.o
                0x00800090                value
 .bss.slotnumber
                0x00800091        0x1 src/apps/Fredi/fredi.o
                0x00800091                slotnumber
 .bss.bSpdCnt   0x00800092        0x1 src/apps/Fredi/fredi.o
 .bss.bEvent    0x00800093        0x1 src/apps/Fredi/fredi.o
                0x00800093                bEvent
 .bss.bFrediVersion
                0x00800094        0x1 src/apps/Fredi/fredi.o
                0x00800094                bFrediVersion
 .bss.adcCount  0x00800095        0x1 src/apps/Fredi/fredi.o
                0x00800095                adcCount
 .bss.timeFilterState.1676
                0x00800096        0x1 src/apps/Fredi/potAdc.o
 .bss.count.1677
                0x00800097        0x1 src/apps/Fredi/potAdc.o
 .bss.deltaFilterState.1667
                0x00800098        0x2 src/apps/Fredi/potAdc.o
 .bss.potAdcRawValue
                0x0080009a        0x2 src/apps/Fredi/potAdc.o
                0x0080009a                potAdcRawValue
 .bss.potAdcSpeedValue
                0x0080009c        0x1 src/apps/Fredi/potAdc.o
                0x0080009c                potAdcSpeedValue
 .bss.DelayTimerTicks
                0x0080009d        0x2 src/avr-base/systimer.o
                0x0080009d                DelayTimerTicks
 .bss.FastTimerTicks
                0x0080009f        0x1 src/avr-base/systimer.o
                0x0080009f                FastTimerTicks
 .bss.SlowTimerTicks
                0x008000a0        0x1 src/avr-base/systimer.o
                0x008000a0                SlowTimerTicks
 .bss.SlowTimerAccumulator
                0x008000a1        0x1 src/avr-base/systimer.o
                0x008000a1                SlowTimerAccumulator
 .bss.FastTimerActionList
                0x008000a2        0x2 src/avr-base/systimer.o
 .bss.SlowTimerActionList
                0x008000a4        0x2 src/avr-base/systimer.o
 .bss.pstLnRxBuffer
                0x008000a6        0x2 src/loconet/ln_interface.o
 *(COMMON)
 COMMON         0x008000a8      0x14f src/apps/Fredi/fredi.o
                0x008000a8                funKeyCounter
                0x008000ac                MessageTimer
                0x008000b3                dirfKeyStatus
                0x008000b7                sendStatus
                0x008000b8                bERWFunKey2Status
                0x008000b9                neuerADCwert
                0x008000c1                shiftKeyCounter
                0x008000c5                IncrementTimer
                0x008000cc                LEDTimer
                0x008000d3                shiftStatustwo
                0x008000d5                bERWFunKey4Status
                0x008000d6                KeyTimer
                0x008000dd                RxPacket
                0x008000df                RxBuffer
                0x0080016b                ReleaseStopTimer
                0x00800172                dirfSCopy
                0x00800174                TxPacket
                0x0080018d                slotArray
                0x008001f1                bERWFunKey3Status
                0x008001f2                dirKeyCounter
                0x008001f6                bERWFunKey1Status
 COMMON         0x008001f7        0xc src/avr-base/ln_sw_uart.o
                0x008001f7                lnTxSuccess
                0x008001f8                lnTxIndex
                0x008001f9                lnTxLength
                0x008001fa                lnCurrentByte
                0x008001fb                lnCompareTarget
                0x008001fd                lnRxBuffer
                0x008001ff                lnState
                0x00800200                lnBitCount
                0x00800201                lnTxData
                0x00800203                PROVIDE (__bss_end, .)
                0x00001904                __data_load_start = LOADADDR (.data)
                0x00001930                __data_load_end = (__data_load_start + SIZEOF (.data))

.noinit         0x00800203        0x0
                [!provide]                PROVIDE (__noinit_start, .)
 *(.noinit*)
                [!provide]                PROVIDE (__noinit_end, .)
                0x00800203                _end = .
                [!provide]                PROVIDE (__heap_start, .)

.eeprom         0x00810000        0xc
 *(.eeprom*)
 .eeprom        0x00810000        0xc src/apps/Fredi/fredi.o
                0x00810000                abEEPROM
                0x0081000c                __eeprom_end = .

.fuse
 *(.fuse)
 *(.lfuse)
 *(.hfuse)
 *(.efuse)

.lock
 *(.lock*)

.signature
 *(.signature*)

.user_signatures
 *(.user_signatures*)

.stab
 *(.stab)

.stabstr
 *(.stabstr)

.stab.excl
 *(.stab.excl)

.stab.exclstr
 *(.stab.exclstr)

.stab.index
 *(.stab.index)

.stab.indexstr
 *(.stab.indexstr)

.comment        0x00000000       0x30
 *(.comment)
 .comment       0x00000000       0x30 src/apps/Fredi/fredi.o
                                 0x31 (size before relaxing)
 .comment       0x00000030       0x31 src/apps/Fredi/potAdc.o
 .comment       0x00000030       0x31 src/avr-base/ln_sw_uart.o
 .comment       0x00000030       0x31 src/avr-base/systimer.o
 .comment       0x00000030       0x31 src/loconet/ln_buf.o
 .comment       0x00000030       0x31 src/loconet/ln_interface.o

.note.gnu.avr.deviceinfo
                0x00000000       0x3c
 .note.gnu.avr.deviceinfo
                0x00000000       0x3c C:/Program Files (x86)/Atmel/Studio/7.0/Packs/atmel/ATmega_DFP/1.2.132/gcc/dev/atmega16/avr5/crtatmega16.o

.note.gnu.build-id
 *(.note.gnu.build-id)

.debug
 *(.debug)

.line
 *(.line)

.debug_srcinfo
 *(.debug_srcinfo)

.debug_sfnames
 *(.debug_sfnames)

.debug_aranges  0x00000000       0x40
 *(.debug_aranges)
 .debug_aranges
                0x00000000       0x20 C:/Program Files (x86)/Atmel/Studio/7.0/Packs/atmel/ATmega_DFP/1.2.132/gcc/dev/atmega16/avr5\libatmega16.a(eerd_byte.o)
 .debug_aranges
                0x00000020       0x20 C:/Program Files (x86)/Atmel/Studio/7.0/Packs/atmel/ATmega_DFP/1.2.132/gcc/dev/atmega16/avr5\libatmega16.a(eewr_byte.o)

.debug_pubnames
 *(.debug_pubnames)

.debug_info     0x00000000      0x682
 *(.debug_info .gnu.linkonce.wi.*)
 .debug_info    0x00000000      0x52e C:/Program Files (x86)/Atmel/Studio/7.0/Packs/atmel/ATmega_DFP/1.2.132/gcc/dev/atmega16/avr5/crtatmega16.o
 .debug_info    0x0000052e       0xaa C:/Program Files (x86)/Atmel/Studio/7.0/Packs/atmel/ATmega_DFP/1.2.132/gcc/dev/atmega16/avr5\libatmega16.a(eerd_byte.o)
 .debug_info    0x000005d8       0xaa C:/Program Files (x86)/Atmel/Studio/7.0/Packs/atmel/ATmega_DFP/1.2.132/gcc/dev/atmega16/avr5\libatmega16.a(eewr_byte.o)

.debug_abbrev   0x00000000      0x50f
 *(.debug_abbrev)
 .debug_abbrev  0x00000000      0x4e7 C:/Program Files (x86)/Atmel/Studio/7.0/Packs/atmel/ATmega_DFP/1.2.132/gcc/dev/atmega16/avr5/crtatmega16.o
 .debug_abbrev  0x000004e7       0x14 C:/Program Files (x86)/Atmel/Studio/7.0/Packs/atmel/ATmega_DFP/1.2.132/gcc/dev/atmega16/avr5\libatmega16.a(eerd_byte.o)
 .debug_abbrev  0x000004fb       0x14 C:/Program Files (x86)/Atmel/Studio/7.0/Packs/atmel/ATmega_DFP/1.2.132/gcc/dev/atmega16/avr5\libatmega16.a(eewr_byte.o)

.debug_line     0x00000000      0x227
 *(.debug_line .debug_line.* .debug_line_end)
 .debug_line    0x00000000      0x115 C:/Program Files (x86)/Atmel/Studio/7.0/Packs/atmel/ATmega_DFP/1.2.132/gcc/dev/atmega16/avr5/crtatmega16.o
 .debug_line    0x00000115       0x7a C:/Program Files (x86)/Atmel/Studio/7.0/Packs/atmel/ATmega_DFP/1.2.132/gcc/dev/atmega16/avr5\libatmega16.a(eerd_byte.o)
 .debug_line    0x0000018f       0x98 C:/Program Files (x86)/Atmel/Studio/7.0/Packs/atmel/ATmega_DFP/1.2.132/gcc/dev/atmega16/avr5\libatmega16.a(eewr_byte.o)

.debug_frame
 *(.debug_frame)

.debug_str      0x00000000      0x1af
 *(.debug_str)
 .debug_str     0x00000000      0x1af C:/Program Files (x86)/Atmel/Studio/7.0/Packs/atmel/ATmega_DFP/1.2.132/gcc/dev/atmega16/avr5/crtatmega16.o

.debug_loc
 *(.debug_loc)

.debug_macinfo
 *(.debug_macinfo)

.debug_weaknames
 *(.debug_weaknames)

.debug_funcnames
 *(.debug_funcnames)

.debug_typenames
 *(.debug_typenames)

.debug_varnames
 *(.debug_varnames)

.debug_pubtypes
 *(.debug_pubtypes)

.debug_ranges
 *(.debug_ranges)

.debug_macro
 *(.debug_macro)
OUTPUT(ATMega16.elf elf32-avr)
LOAD linker stubs
