Archive member included to satisfy reference by file (symbol)

d:/atmel studio/7.0/toolchain/avr8/avr8-gnu-toolchain/bin/../lib/gcc/avr/4.9.2/avr5\libgcc.a(_exit.o)
                              D:/Atmel Studio/7.0/Packs/atmel/ATmega_DFP/1.1.130/gcc/dev/atmega16/avr5/crtatmega16.o (exit)
d:/atmel studio/7.0/toolchain/avr8/avr8-gnu-toolchain/bin/../lib/gcc/avr/4.9.2/avr5\libgcc.a(_tablejump2.o)
                              src/apps/Fredi/fredi.o (__tablejump2__)
d:/atmel studio/7.0/toolchain/avr8/avr8-gnu-toolchain/bin/../lib/gcc/avr/4.9.2/avr5\libgcc.a(_copy_data.o)
                              src/apps/Fredi/fredi.o (__do_copy_data)
d:/atmel studio/7.0/toolchain/avr8/avr8-gnu-toolchain/bin/../lib/gcc/avr/4.9.2/avr5\libgcc.a(_clear_bss.o)
                              src/apps/Fredi/fredi.o (__do_clear_bss)
d:/atmel studio/7.0/toolchain/avr8/avr8-gnu-toolchain/bin/../lib/gcc/avr/4.9.2/../../../../avr/lib/avr5\libc.a(memcpy.o)
                              src/loconet/ln_buf.o (memcpy)
D:/Atmel Studio/7.0/Packs/atmel/ATmega_DFP/1.1.130/gcc/dev/atmega16/avr5\libatmega16.a(eerd_byte.o)
                              src/apps/Fredi/fredi.o (eeprom_read_byte)
D:/Atmel Studio/7.0/Packs/atmel/ATmega_DFP/1.1.130/gcc/dev/atmega16/avr5\libatmega16.a(eewr_byte.o)
                              src/apps/Fredi/fredi.o (eeprom_write_byte)

Allocating common symbols
Common symbol       size              file

lnTxSuccess         0x1               src/avr-base/ln_sw_uart.o
lnTxIndex           0x1               src/avr-base/ln_sw_uart.o
lnTxLength          0x1               src/avr-base/ln_sw_uart.o
MessageTimer        0x7               src/apps/Fredi/fredi.o
bERWFunKey2Status   0x1               src/apps/Fredi/fredi.o
IncrementTimer      0x7               src/apps/Fredi/fredi.o
lnCurrentByte       0x1               src/avr-base/ln_sw_uart.o
LEDTimer            0x7               src/apps/Fredi/fredi.o
bERWFunKey4Status   0x1               src/apps/Fredi/fredi.o
KeyTimer            0x7               src/apps/Fredi/fredi.o
lnCompareTarget     0x2               src/avr-base/ln_sw_uart.o
lnRxBuffer          0x2               src/avr-base/ln_sw_uart.o
RxPacket            0x2               src/apps/Fredi/fredi.o
RxBuffer            0x8c              src/apps/Fredi/fredi.o
ReleaseStopTimer    0x7               src/apps/Fredi/fredi.o
lnState             0x1               src/avr-base/ln_sw_uart.o
TxPacket            0x16              src/apps/Fredi/fredi.o
slotArray           0x58              src/apps/Fredi/fredi.o
bERWFunKey3Status   0x1               src/apps/Fredi/fredi.o
lnBitCount          0x1               src/avr-base/ln_sw_uart.o
lnTxData            0x2               src/avr-base/ln_sw_uart.o
bERWFunKey1Status   0x1               src/apps/Fredi/fredi.o

Discarded input sections

 .data          0x00000000        0x0 D:/Atmel Studio/7.0/Packs/atmel/ATmega_DFP/1.1.130/gcc/dev/atmega16/avr5/crtatmega16.o
 .bss           0x00000000        0x0 D:/Atmel Studio/7.0/Packs/atmel/ATmega_DFP/1.1.130/gcc/dev/atmega16/avr5/crtatmega16.o
 .group         0x00000000        0x8 src/apps/Fredi/fredi.o
 .group         0x00000000        0x8 src/apps/Fredi/fredi.o
 .group         0x00000000        0x8 src/apps/Fredi/fredi.o
 .group         0x00000000        0x8 src/apps/Fredi/fredi.o
 .group         0x00000000        0x8 src/apps/Fredi/fredi.o
 .group         0x00000000        0x8 src/apps/Fredi/fredi.o
 .group         0x00000000        0x8 src/apps/Fredi/fredi.o
 .group         0x00000000        0x8 src/apps/Fredi/fredi.o
 .group         0x00000000        0x8 src/apps/Fredi/fredi.o
 .group         0x00000000        0x8 src/apps/Fredi/fredi.o
 .group         0x00000000        0x8 src/apps/Fredi/fredi.o
 .group         0x00000000        0x8 src/apps/Fredi/fredi.o
 .group         0x00000000        0x8 src/apps/Fredi/fredi.o
 .group         0x00000000        0x8 src/apps/Fredi/fredi.o
 .group         0x00000000        0x8 src/apps/Fredi/fredi.o
 .group         0x00000000        0x8 src/apps/Fredi/fredi.o
 .group         0x00000000        0x8 src/apps/Fredi/fredi.o
 .group         0x00000000        0x8 src/apps/Fredi/fredi.o
 .group         0x00000000        0x8 src/apps/Fredi/fredi.o
 .group         0x00000000        0x8 src/apps/Fredi/fredi.o
 .group         0x00000000        0x8 src/apps/Fredi/fredi.o
 .group         0x00000000        0x8 src/apps/Fredi/fredi.o
 .text          0x00000000        0x0 src/apps/Fredi/fredi.o
 .data          0x00000000        0x0 src/apps/Fredi/fredi.o
 .bss           0x00000000        0x0 src/apps/Fredi/fredi.o
 .text.GET_SPDCNT_BY_SLOTSPD
                0x00000000       0x28 src/apps/Fredi/fredi.o
 .text.enableLED1
                0x00000000        0x4 src/apps/Fredi/fredi.o
 .text.enableLED2
                0x00000000        0x4 src/apps/Fredi/fredi.o
 .text.enableLED3
                0x00000000        0x4 src/apps/Fredi/fredi.o
 .text.enableLED4
                0x00000000        0x4 src/apps/Fredi/fredi.o
 .text.disableLED1
                0x00000000        0x4 src/apps/Fredi/fredi.o
 .text.disableLED2
                0x00000000        0x4 src/apps/Fredi/fredi.o
 .text.disableLED3
                0x00000000        0x4 src/apps/Fredi/fredi.o
 .text.LEDTimerAction
                0x00000000       0x8c src/apps/Fredi/fredi.o
 .text.ProcessShiftedKeyInput
                0x00000000       0x32 src/apps/Fredi/fredi.o
 .text.processValue
                0x00000000       0x14 src/apps/Fredi/fredi.o
 .text.ProcessKeyInput
                0x00000000       0x64 src/apps/Fredi/fredi.o
 .text.testFalseSignalStreakIsSet
                0x00000000      0x1d4 src/apps/Fredi/fredi.o
 .text.testFalseSignalStreakIsClear
                0x00000000      0x1e2 src/apps/Fredi/fredi.o
 .text.testKeySignal
                0x00000000       0x30 src/apps/Fredi/fredi.o
 .text._delay_1500ms
                0x00000000       0x16 src/apps/Fredi/fredi.o
 .text.testSignalRatio
                0x00000000      0x278 src/apps/Fredi/fredi.o
 .text.sendLocoNetSpd
                0x00000000       0x18 src/apps/Fredi/fredi.o
 .text.sendLocoNetDirf
                0x00000000        0xe src/apps/Fredi/fredi.o
 .text.sendLocoNetSnd
                0x00000000        0xe src/apps/Fredi/fredi.o
 .text.sendLocoNetWriteSlotData
                0x00000000       0xaa src/apps/Fredi/fredi.o
 .text.sendLocoNetMove
                0x00000000       0x4a src/apps/Fredi/fredi.o
 .text.sendLocoNetFredAdc
                0x00000000       0x1a src/apps/Fredi/fredi.o
 .text.sendLocoNetFredButton
                0x00000000        0xe src/apps/Fredi/fredi.o
 .text.vCheckSelfTestEnd
                0x00000000       0x8a src/apps/Fredi/fredi.o
 .text.vProcessKey
                0x00000000      0x2be src/apps/Fredi/fredi.o
 .text.vProcessEncoder
                0x00000000       0xfa src/apps/Fredi/fredi.o
 .text.vProcessPoti
                0x00000000       0xd0 src/apps/Fredi/fredi.o
 .text.vCopySlotFromRxPacket
                0x00000000       0xd0 src/apps/Fredi/fredi.o
 .text.vSetUnconnected
                0x00000000       0x36 src/apps/Fredi/fredi.o
 .text.vProcessRxLoconetMessage
                0x00000000      0x230 src/apps/Fredi/fredi.o
 .data.bOldValue.2414
                0x00000000        0x2 src/apps/Fredi/fredi.o
 .bss.bLastCurrentkey.2318
                0x00000000        0x1 src/apps/Fredi/fredi.o
 .bss.wSelfTest
                0x00000000        0x2 src/apps/Fredi/fredi.o
 .bss.ratioCounter
                0x00000000        0x2 src/apps/Fredi/fredi.o
 .bss.wrongSignal
                0x00000000        0x4 src/apps/Fredi/fredi.o
 .bss.correctSignal
                0x00000000        0x4 src/apps/Fredi/fredi.o
 .bss.highStreak
                0x00000000        0x4 src/apps/Fredi/fredi.o
 .bss.streak    0x00000000        0x4 src/apps/Fredi/fredi.o
 .bss.shiftTimeOut
                0x00000000        0x1 src/apps/Fredi/fredi.o
 .bss.shiftStatus
                0x00000000        0x1 src/apps/Fredi/fredi.o
 .bss.keyStatus
                0x00000000        0x1 src/apps/Fredi/fredi.o
 .rodata.abSpd  0x00000000       0x25 src/apps/Fredi/fredi.o
 .bss.bNewState
                0x00000000        0x1 src/apps/Fredi/fredi.o
 .group         0x00000000        0x8 src/apps/Fredi/fuses.o
 .text          0x00000000        0x0 src/apps/Fredi/fuses.o
 .data          0x00000000        0x0 src/apps/Fredi/fuses.o
 .bss           0x00000000        0x0 src/apps/Fredi/fuses.o
 lfuses         0x00000000        0x1 src/apps/Fredi/fuses.o
 hfuses         0x00000000        0x1 src/apps/Fredi/fuses.o
 .debug_info    0x00000000       0x4d src/apps/Fredi/fuses.o
 .debug_abbrev  0x00000000       0x2f src/apps/Fredi/fuses.o
 .debug_aranges
                0x00000000       0x18 src/apps/Fredi/fuses.o
 .debug_macro   0x00000000       0x83 src/apps/Fredi/fuses.o
 .debug_macro   0x00000000      0xa4e src/apps/Fredi/fuses.o
 .debug_line    0x00000000       0x37 src/apps/Fredi/fuses.o
 .debug_str     0x00000000     0x2c85 src/apps/Fredi/fuses.o
 .comment       0x00000000       0x31 src/apps/Fredi/fuses.o
 .group         0x00000000        0x8 src/apps/Fredi/potAdc.o
 .group         0x00000000        0x8 src/apps/Fredi/potAdc.o
 .group         0x00000000        0x8 src/apps/Fredi/potAdc.o
 .group         0x00000000        0x8 src/apps/Fredi/potAdc.o
 .group         0x00000000        0x8 src/apps/Fredi/potAdc.o
 .group         0x00000000        0x8 src/apps/Fredi/potAdc.o
 .group         0x00000000        0x8 src/apps/Fredi/potAdc.o
 .group         0x00000000        0x8 src/apps/Fredi/potAdc.o
 .group         0x00000000        0x8 src/apps/Fredi/potAdc.o
 .group         0x00000000        0x8 src/apps/Fredi/potAdc.o
 .group         0x00000000        0x8 src/apps/Fredi/potAdc.o
 .group         0x00000000        0x8 src/apps/Fredi/potAdc.o
 .group         0x00000000        0x8 src/apps/Fredi/potAdc.o
 .group         0x00000000        0x8 src/apps/Fredi/potAdc.o
 .group         0x00000000        0x8 src/apps/Fredi/potAdc.o
 .text          0x00000000        0x0 src/apps/Fredi/potAdc.o
 .data          0x00000000        0x0 src/apps/Fredi/potAdc.o
 .bss           0x00000000        0x0 src/apps/Fredi/potAdc.o
 .debug_macro   0x00000000      0xa4e src/apps/Fredi/potAdc.o
 .debug_macro   0x00000000      0x1c9 src/apps/Fredi/potAdc.o
 .debug_macro   0x00000000       0x10 src/apps/Fredi/potAdc.o
 .debug_macro   0x00000000      0x302 src/apps/Fredi/potAdc.o
 .debug_macro   0x00000000       0x9e src/apps/Fredi/potAdc.o
 .debug_macro   0x00000000      0xc0a src/apps/Fredi/potAdc.o
 .debug_macro   0x00000000      0x170 src/apps/Fredi/potAdc.o
 .debug_macro   0x00000000       0xbd src/apps/Fredi/potAdc.o
 .debug_macro   0x00000000       0x34 src/apps/Fredi/potAdc.o
 .debug_macro   0x00000000       0x18 src/apps/Fredi/potAdc.o
 .debug_macro   0x00000000       0x6c src/apps/Fredi/potAdc.o
 .debug_macro   0x00000000      0x390 src/apps/Fredi/potAdc.o
 .group         0x00000000        0x8 src/avr-base/ln_sw_uart.o
 .group         0x00000000        0x8 src/avr-base/ln_sw_uart.o
 .group         0x00000000        0x8 src/avr-base/ln_sw_uart.o
 .group         0x00000000        0x8 src/avr-base/ln_sw_uart.o
 .group         0x00000000        0x8 src/avr-base/ln_sw_uart.o
 .group         0x00000000        0x8 src/avr-base/ln_sw_uart.o
 .group         0x00000000        0x8 src/avr-base/ln_sw_uart.o
 .group         0x00000000        0x8 src/avr-base/ln_sw_uart.o
 .group         0x00000000        0x8 src/avr-base/ln_sw_uart.o
 .group         0x00000000        0x8 src/avr-base/ln_sw_uart.o
 .group         0x00000000        0x8 src/avr-base/ln_sw_uart.o
 .group         0x00000000        0x8 src/avr-base/ln_sw_uart.o
 .group         0x00000000        0x8 src/avr-base/ln_sw_uart.o
 .group         0x00000000        0x8 src/avr-base/ln_sw_uart.o
 .group         0x00000000        0x8 src/avr-base/ln_sw_uart.o
 .group         0x00000000        0x8 src/avr-base/ln_sw_uart.o
 .group         0x00000000        0x8 src/avr-base/ln_sw_uart.o
 .group         0x00000000        0x8 src/avr-base/ln_sw_uart.o
 .group         0x00000000        0x8 src/avr-base/ln_sw_uart.o
 .text          0x00000000        0x0 src/avr-base/ln_sw_uart.o
 .data          0x00000000        0x0 src/avr-base/ln_sw_uart.o
 .bss           0x00000000        0x0 src/avr-base/ln_sw_uart.o
 .debug_macro   0x00000000      0xa4e src/avr-base/ln_sw_uart.o
 .debug_macro   0x00000000       0x10 src/avr-base/ln_sw_uart.o
 .debug_macro   0x00000000      0x1c9 src/avr-base/ln_sw_uart.o
 .debug_macro   0x00000000       0x9e src/avr-base/ln_sw_uart.o
 .debug_macro   0x00000000      0xc0a src/avr-base/ln_sw_uart.o
 .debug_macro   0x00000000      0x170 src/avr-base/ln_sw_uart.o
 .debug_macro   0x00000000       0xbd src/avr-base/ln_sw_uart.o
 .debug_macro   0x00000000       0x34 src/avr-base/ln_sw_uart.o
 .debug_macro   0x00000000       0x18 src/avr-base/ln_sw_uart.o
 .debug_macro   0x00000000       0x6c src/avr-base/ln_sw_uart.o
 .debug_macro   0x00000000       0x69 src/avr-base/ln_sw_uart.o
 .debug_macro   0x00000000      0x390 src/avr-base/ln_sw_uart.o
 .debug_macro   0x00000000       0x46 src/avr-base/ln_sw_uart.o
 .debug_macro   0x00000000      0x344 src/avr-base/ln_sw_uart.o
 .debug_macro   0x00000000       0x2e src/avr-base/ln_sw_uart.o
 .group         0x00000000        0x8 src/avr-base/systimer.o
 .group         0x00000000        0x8 src/avr-base/systimer.o
 .group         0x00000000        0x8 src/avr-base/systimer.o
 .group         0x00000000        0x8 src/avr-base/systimer.o
 .group         0x00000000        0x8 src/avr-base/systimer.o
 .group         0x00000000        0x8 src/avr-base/systimer.o
 .group         0x00000000        0x8 src/avr-base/systimer.o
 .group         0x00000000        0x8 src/avr-base/systimer.o
 .group         0x00000000        0x8 src/avr-base/systimer.o
 .group         0x00000000        0x8 src/avr-base/systimer.o
 .group         0x00000000        0x8 src/avr-base/systimer.o
 .group         0x00000000        0x8 src/avr-base/systimer.o
 .group         0x00000000        0x8 src/avr-base/systimer.o
 .group         0x00000000        0x8 src/avr-base/systimer.o
 .group         0x00000000        0x8 src/avr-base/systimer.o
 .text          0x00000000        0x0 src/avr-base/systimer.o
 .data          0x00000000        0x0 src/avr-base/systimer.o
 .bss           0x00000000        0x0 src/avr-base/systimer.o
 .debug_macro   0x00000000      0xa4e src/avr-base/systimer.o
 .debug_macro   0x00000000       0x10 src/avr-base/systimer.o
 .debug_macro   0x00000000      0x1c9 src/avr-base/systimer.o
 .debug_macro   0x00000000      0x2fc src/avr-base/systimer.o
 .debug_macro   0x00000000       0x9e src/avr-base/systimer.o
 .debug_macro   0x00000000      0xc0a src/avr-base/systimer.o
 .debug_macro   0x00000000      0x170 src/avr-base/systimer.o
 .debug_macro   0x00000000       0xbd src/avr-base/systimer.o
 .debug_macro   0x00000000       0x34 src/avr-base/systimer.o
 .debug_macro   0x00000000       0x18 src/avr-base/systimer.o
 .debug_macro   0x00000000       0x6c src/avr-base/systimer.o
 .debug_macro   0x00000000       0x46 src/avr-base/systimer.o
 .debug_macro   0x00000000      0x390 src/avr-base/systimer.o
 .debug_macro   0x00000000       0x1c src/avr-base/systimer.o
 .group         0x00000000        0x8 src/loconet/ln_buf.o
 .group         0x00000000        0x8 src/loconet/ln_buf.o
 .group         0x00000000        0x8 src/loconet/ln_buf.o
 .group         0x00000000        0x8 src/loconet/ln_buf.o
 .group         0x00000000        0x8 src/loconet/ln_buf.o
 .group         0x00000000        0x8 src/loconet/ln_buf.o
 .group         0x00000000        0x8 src/loconet/ln_buf.o
 .group         0x00000000        0x8 src/loconet/ln_buf.o
 .group         0x00000000        0x8 src/loconet/ln_buf.o
 .group         0x00000000        0x8 src/loconet/ln_buf.o
 .group         0x00000000        0x8 src/loconet/ln_buf.o
 .group         0x00000000        0x8 src/loconet/ln_buf.o
 .group         0x00000000        0x8 src/loconet/ln_buf.o
 .group         0x00000000        0x8 src/loconet/ln_buf.o
 .group         0x00000000        0x8 src/loconet/ln_buf.o
 .group         0x00000000        0x8 src/loconet/ln_buf.o
 .group         0x00000000        0x8 src/loconet/ln_buf.o
 .text          0x00000000        0x0 src/loconet/ln_buf.o
 .data          0x00000000        0x0 src/loconet/ln_buf.o
 .bss           0x00000000        0x0 src/loconet/ln_buf.o
 .text.initLnBuf
                0x00000000        0xc src/loconet/ln_buf.o
 .text.recvLnMsg
                0x00000000      0x21c src/loconet/ln_buf.o
 .text.getLnBufStats
                0x00000000        0x6 src/loconet/ln_buf.o
 .debug_macro   0x00000000      0xa4e src/loconet/ln_buf.o
 .debug_macro   0x00000000       0x16 src/loconet/ln_buf.o
 .debug_macro   0x00000000       0x97 src/loconet/ln_buf.o
 .debug_macro   0x00000000       0x16 src/loconet/ln_buf.o
 .debug_macro   0x00000000       0x10 src/loconet/ln_buf.o
 .debug_macro   0x00000000      0x1c9 src/loconet/ln_buf.o
 .debug_macro   0x00000000      0x2fc src/loconet/ln_buf.o
 .debug_macro   0x00000000       0x9e src/loconet/ln_buf.o
 .debug_macro   0x00000000      0xc0a src/loconet/ln_buf.o
 .debug_macro   0x00000000      0x170 src/loconet/ln_buf.o
 .debug_macro   0x00000000       0xbd src/loconet/ln_buf.o
 .debug_macro   0x00000000       0x34 src/loconet/ln_buf.o
 .debug_macro   0x00000000       0x18 src/loconet/ln_buf.o
 .debug_macro   0x00000000       0x6c src/loconet/ln_buf.o
 .debug_macro   0x00000000       0x63 src/loconet/ln_buf.o
 .debug_macro   0x00000000       0x46 src/loconet/ln_buf.o
 .debug_macro   0x00000000      0x344 src/loconet/ln_buf.o
 .group         0x00000000        0x8 src/loconet/ln_interface.o
 .group         0x00000000        0x8 src/loconet/ln_interface.o
 .group         0x00000000        0x8 src/loconet/ln_interface.o
 .group         0x00000000        0x8 src/loconet/ln_interface.o
 .group         0x00000000        0x8 src/loconet/ln_interface.o
 .group         0x00000000        0x8 src/loconet/ln_interface.o
 .group         0x00000000        0x8 src/loconet/ln_interface.o
 .group         0x00000000        0x8 src/loconet/ln_interface.o
 .group         0x00000000        0x8 src/loconet/ln_interface.o
 .group         0x00000000        0x8 src/loconet/ln_interface.o
 .group         0x00000000        0x8 src/loconet/ln_interface.o
 .group         0x00000000        0x8 src/loconet/ln_interface.o
 .group         0x00000000        0x8 src/loconet/ln_interface.o
 .group         0x00000000        0x8 src/loconet/ln_interface.o
 .group         0x00000000        0x8 src/loconet/ln_interface.o
 .group         0x00000000        0x8 src/loconet/ln_interface.o
 .group         0x00000000        0x8 src/loconet/ln_interface.o
 .group         0x00000000        0x8 src/loconet/ln_interface.o
 .group         0x00000000        0x8 src/loconet/ln_interface.o
 .text          0x00000000        0x0 src/loconet/ln_interface.o
 .data          0x00000000        0x0 src/loconet/ln_interface.o
 .bss           0x00000000        0x0 src/loconet/ln_interface.o
 .text.recvLocoNetPacket
                0x00000000        0xe src/loconet/ln_interface.o
 .text.sendLocoNet4BytePacketTry
                0x00000000       0x36 src/loconet/ln_interface.o
 .debug_macro   0x00000000      0xa4e src/loconet/ln_interface.o
 .debug_macro   0x00000000       0x10 src/loconet/ln_interface.o
 .debug_macro   0x00000000      0x1c9 src/loconet/ln_interface.o
 .debug_macro   0x00000000      0x2fc src/loconet/ln_interface.o
 .debug_macro   0x00000000       0x9e src/loconet/ln_interface.o
 .debug_macro   0x00000000      0xc0a src/loconet/ln_interface.o
 .debug_macro   0x00000000      0x170 src/loconet/ln_interface.o
 .debug_macro   0x00000000       0xbd src/loconet/ln_interface.o
 .debug_macro   0x00000000       0x34 src/loconet/ln_interface.o
 .debug_macro   0x00000000       0x18 src/loconet/ln_interface.o
 .debug_macro   0x00000000       0x6c src/loconet/ln_interface.o
 .debug_macro   0x00000000       0x69 src/loconet/ln_interface.o
 .debug_macro   0x00000000       0x16 src/loconet/ln_interface.o
 .debug_macro   0x00000000       0x97 src/loconet/ln_interface.o
 .debug_macro   0x00000000       0x16 src/loconet/ln_interface.o
 .debug_macro   0x00000000      0x390 src/loconet/ln_interface.o
 .debug_macro   0x00000000       0x46 src/loconet/ln_interface.o
 .debug_macro   0x00000000      0x344 src/loconet/ln_interface.o
 .debug_macro   0x00000000       0x2e src/loconet/ln_interface.o
 .group         0x00000000        0x8 src/loconet/utils.o
 .group         0x00000000        0x8 src/loconet/utils.o
 .group         0x00000000        0x8 src/loconet/utils.o
 .group         0x00000000        0x8 src/loconet/utils.o
 .text          0x00000000        0x0 src/loconet/utils.o
 .data          0x00000000        0x0 src/loconet/utils.o
 .bss           0x00000000        0x0 src/loconet/utils.o
 .text.decodePeerData
                0x00000000       0x5e src/loconet/utils.o
 .text.encodePeerData
                0x00000000       0x60 src/loconet/utils.o
 .debug_info    0x00000000      0x272 src/loconet/utils.o
 .debug_abbrev  0x00000000       0xde src/loconet/utils.o
 .debug_loc     0x00000000      0x26f src/loconet/utils.o
 .debug_aranges
                0x00000000       0x28 src/loconet/utils.o
 .debug_ranges  0x00000000       0x18 src/loconet/utils.o
 .debug_macro   0x00000000       0x40 src/loconet/utils.o
 .debug_macro   0x00000000      0xa4e src/loconet/utils.o
 .debug_macro   0x00000000       0x46 src/loconet/utils.o
 .debug_macro   0x00000000      0x1c9 src/loconet/utils.o
 .debug_macro   0x00000000      0x33e src/loconet/utils.o
 .debug_line    0x00000000      0x204 src/loconet/utils.o
 .debug_str     0x00000000     0x4216 src/loconet/utils.o
 .comment       0x00000000       0x31 src/loconet/utils.o
 .debug_frame   0x00000000       0x5c src/loconet/utils.o
 .group         0x00000000        0x8 src/ASF/mega/boards/stk600/rcx_x/init.o
 .group         0x00000000        0x8 src/ASF/mega/boards/stk600/rcx_x/init.o
 .group         0x00000000        0x8 src/ASF/mega/boards/stk600/rcx_x/init.o
 .group         0x00000000        0x8 src/ASF/mega/boards/stk600/rcx_x/init.o
 .group         0x00000000        0x8 src/ASF/mega/boards/stk600/rcx_x/init.o
 .group         0x00000000        0x8 src/ASF/mega/boards/stk600/rcx_x/init.o
 .group         0x00000000        0x8 src/ASF/mega/boards/stk600/rcx_x/init.o
 .group         0x00000000        0x8 src/ASF/mega/boards/stk600/rcx_x/init.o
 .group         0x00000000        0x8 src/ASF/mega/boards/stk600/rcx_x/init.o
 .group         0x00000000        0x8 src/ASF/mega/boards/stk600/rcx_x/init.o
 .group         0x00000000        0x8 src/ASF/mega/boards/stk600/rcx_x/init.o
 .group         0x00000000        0x8 src/ASF/mega/boards/stk600/rcx_x/init.o
 .group         0x00000000        0x8 src/ASF/mega/boards/stk600/rcx_x/init.o
 .group         0x00000000        0x8 src/ASF/mega/boards/stk600/rcx_x/init.o
 .group         0x00000000        0x8 src/ASF/mega/boards/stk600/rcx_x/init.o
 .group         0x00000000        0x8 src/ASF/mega/boards/stk600/rcx_x/init.o
 .group         0x00000000        0x8 src/ASF/mega/boards/stk600/rcx_x/init.o
 .group         0x00000000        0x8 src/ASF/mega/boards/stk600/rcx_x/init.o
 .group         0x00000000        0x8 src/ASF/mega/boards/stk600/rcx_x/init.o
 .group         0x00000000        0x8 src/ASF/mega/boards/stk600/rcx_x/init.o
 .group         0x00000000        0x8 src/ASF/mega/boards/stk600/rcx_x/init.o
 .group         0x00000000        0x8 src/ASF/mega/boards/stk600/rcx_x/init.o
 .group         0x00000000        0x8 src/ASF/mega/boards/stk600/rcx_x/init.o
 .group         0x00000000        0x8 src/ASF/mega/boards/stk600/rcx_x/init.o
 .group         0x00000000        0x8 src/ASF/mega/boards/stk600/rcx_x/init.o
 .text          0x00000000        0x0 src/ASF/mega/boards/stk600/rcx_x/init.o
 .data          0x00000000        0x0 src/ASF/mega/boards/stk600/rcx_x/init.o
 .bss           0x00000000        0x0 src/ASF/mega/boards/stk600/rcx_x/init.o
 .text.board_init
                0x00000000        0x2 src/ASF/mega/boards/stk600/rcx_x/init.o
 .debug_info    0x00000000       0x7c src/ASF/mega/boards/stk600/rcx_x/init.o
 .debug_abbrev  0x00000000       0x47 src/ASF/mega/boards/stk600/rcx_x/init.o
 .debug_aranges
                0x00000000       0x20 src/ASF/mega/boards/stk600/rcx_x/init.o
 .debug_ranges  0x00000000       0x10 src/ASF/mega/boards/stk600/rcx_x/init.o
 .debug_macro   0x00000000      0x134 src/ASF/mega/boards/stk600/rcx_x/init.o
 .debug_macro   0x00000000      0xa4e src/ASF/mega/boards/stk600/rcx_x/init.o
 .debug_macro   0x00000000       0x10 src/ASF/mega/boards/stk600/rcx_x/init.o
 .debug_macro   0x00000000      0x1c9 src/ASF/mega/boards/stk600/rcx_x/init.o
 .debug_macro   0x00000000      0x2fc src/ASF/mega/boards/stk600/rcx_x/init.o
 .debug_macro   0x00000000       0x9e src/ASF/mega/boards/stk600/rcx_x/init.o
 .debug_macro   0x00000000      0xc0a src/ASF/mega/boards/stk600/rcx_x/init.o
 .debug_macro   0x00000000      0x170 src/ASF/mega/boards/stk600/rcx_x/init.o
 .debug_macro   0x00000000       0xbd src/ASF/mega/boards/stk600/rcx_x/init.o
 .debug_macro   0x00000000       0x34 src/ASF/mega/boards/stk600/rcx_x/init.o
 .debug_macro   0x00000000       0x18 src/ASF/mega/boards/stk600/rcx_x/init.o
 .debug_macro   0x00000000       0x6c src/ASF/mega/boards/stk600/rcx_x/init.o
 .debug_macro   0x00000000       0x22 src/ASF/mega/boards/stk600/rcx_x/init.o
 .debug_macro   0x00000000      0x166 src/ASF/mega/boards/stk600/rcx_x/init.o
 .debug_macro   0x00000000       0x1c src/ASF/mega/boards/stk600/rcx_x/init.o
 .debug_macro   0x00000000       0x35 src/ASF/mega/boards/stk600/rcx_x/init.o
 .debug_macro   0x00000000       0x66 src/ASF/mega/boards/stk600/rcx_x/init.o
 .debug_macro   0x00000000      0x64b src/ASF/mega/boards/stk600/rcx_x/init.o
 .debug_macro   0x00000000       0x44 src/ASF/mega/boards/stk600/rcx_x/init.o
 .debug_macro   0x00000000       0x69 src/ASF/mega/boards/stk600/rcx_x/init.o
 .debug_macro   0x00000000       0x2c src/ASF/mega/boards/stk600/rcx_x/init.o
 .debug_macro   0x00000000       0x10 src/ASF/mega/boards/stk600/rcx_x/init.o
 .debug_macro   0x00000000       0xe2 src/ASF/mega/boards/stk600/rcx_x/init.o
 .debug_macro   0x00000000       0x40 src/ASF/mega/boards/stk600/rcx_x/init.o
 .debug_macro   0x00000000      0x100 src/ASF/mega/boards/stk600/rcx_x/init.o
 .debug_macro   0x00000000      0x2c0 src/ASF/mega/boards/stk600/rcx_x/init.o
 .debug_line    0x00000000      0x30e src/ASF/mega/boards/stk600/rcx_x/init.o
 .debug_str     0x00000000     0xe6c9 src/ASF/mega/boards/stk600/rcx_x/init.o
 .comment       0x00000000       0x31 src/ASF/mega/boards/stk600/rcx_x/init.o
 .debug_frame   0x00000000       0x24 src/ASF/mega/boards/stk600/rcx_x/init.o
 .text          0x00000000        0x0 d:/atmel studio/7.0/toolchain/avr8/avr8-gnu-toolchain/bin/../lib/gcc/avr/4.9.2/avr5\libgcc.a(_exit.o)
 .data          0x00000000        0x0 d:/atmel studio/7.0/toolchain/avr8/avr8-gnu-toolchain/bin/../lib/gcc/avr/4.9.2/avr5\libgcc.a(_exit.o)
 .bss           0x00000000        0x0 d:/atmel studio/7.0/toolchain/avr8/avr8-gnu-toolchain/bin/../lib/gcc/avr/4.9.2/avr5\libgcc.a(_exit.o)
 .text.libgcc.mul
                0x00000000        0x0 d:/atmel studio/7.0/toolchain/avr8/avr8-gnu-toolchain/bin/../lib/gcc/avr/4.9.2/avr5\libgcc.a(_exit.o)
 .text.libgcc.div
                0x00000000        0x0 d:/atmel studio/7.0/toolchain/avr8/avr8-gnu-toolchain/bin/../lib/gcc/avr/4.9.2/avr5\libgcc.a(_exit.o)
 .text.libgcc   0x00000000        0x0 d:/atmel studio/7.0/toolchain/avr8/avr8-gnu-toolchain/bin/../lib/gcc/avr/4.9.2/avr5\libgcc.a(_exit.o)
 .text.libgcc.prologue
                0x00000000        0x0 d:/atmel studio/7.0/toolchain/avr8/avr8-gnu-toolchain/bin/../lib/gcc/avr/4.9.2/avr5\libgcc.a(_exit.o)
 .text.libgcc.builtins
                0x00000000        0x0 d:/atmel studio/7.0/toolchain/avr8/avr8-gnu-toolchain/bin/../lib/gcc/avr/4.9.2/avr5\libgcc.a(_exit.o)
 .text.libgcc.fmul
                0x00000000        0x0 d:/atmel studio/7.0/toolchain/avr8/avr8-gnu-toolchain/bin/../lib/gcc/avr/4.9.2/avr5\libgcc.a(_exit.o)
 .text.libgcc.fixed
                0x00000000        0x0 d:/atmel studio/7.0/toolchain/avr8/avr8-gnu-toolchain/bin/../lib/gcc/avr/4.9.2/avr5\libgcc.a(_exit.o)
 .text          0x00000000        0x0 d:/atmel studio/7.0/toolchain/avr8/avr8-gnu-toolchain/bin/../lib/gcc/avr/4.9.2/avr5\libgcc.a(_tablejump2.o)
 .data          0x00000000        0x0 d:/atmel studio/7.0/toolchain/avr8/avr8-gnu-toolchain/bin/../lib/gcc/avr/4.9.2/avr5\libgcc.a(_tablejump2.o)
 .bss           0x00000000        0x0 d:/atmel studio/7.0/toolchain/avr8/avr8-gnu-toolchain/bin/../lib/gcc/avr/4.9.2/avr5\libgcc.a(_tablejump2.o)
 .text.libgcc.mul
                0x00000000        0x0 d:/atmel studio/7.0/toolchain/avr8/avr8-gnu-toolchain/bin/../lib/gcc/avr/4.9.2/avr5\libgcc.a(_tablejump2.o)
 .text.libgcc.div
                0x00000000        0x0 d:/atmel studio/7.0/toolchain/avr8/avr8-gnu-toolchain/bin/../lib/gcc/avr/4.9.2/avr5\libgcc.a(_tablejump2.o)
 .text.libgcc.prologue
                0x00000000        0x0 d:/atmel studio/7.0/toolchain/avr8/avr8-gnu-toolchain/bin/../lib/gcc/avr/4.9.2/avr5\libgcc.a(_tablejump2.o)
 .text.libgcc.builtins
                0x00000000        0x0 d:/atmel studio/7.0/toolchain/avr8/avr8-gnu-toolchain/bin/../lib/gcc/avr/4.9.2/avr5\libgcc.a(_tablejump2.o)
 .text.libgcc.fmul
                0x00000000        0x0 d:/atmel studio/7.0/toolchain/avr8/avr8-gnu-toolchain/bin/../lib/gcc/avr/4.9.2/avr5\libgcc.a(_tablejump2.o)
 .text.libgcc.fixed
                0x00000000        0x0 d:/atmel studio/7.0/toolchain/avr8/avr8-gnu-toolchain/bin/../lib/gcc/avr/4.9.2/avr5\libgcc.a(_tablejump2.o)
 .text          0x00000000        0x0 d:/atmel studio/7.0/toolchain/avr8/avr8-gnu-toolchain/bin/../lib/gcc/avr/4.9.2/avr5\libgcc.a(_copy_data.o)
 .data          0x00000000        0x0 d:/atmel studio/7.0/toolchain/avr8/avr8-gnu-toolchain/bin/../lib/gcc/avr/4.9.2/avr5\libgcc.a(_copy_data.o)
 .bss           0x00000000        0x0 d:/atmel studio/7.0/toolchain/avr8/avr8-gnu-toolchain/bin/../lib/gcc/avr/4.9.2/avr5\libgcc.a(_copy_data.o)
 .text.libgcc.mul
                0x00000000        0x0 d:/atmel studio/7.0/toolchain/avr8/avr8-gnu-toolchain/bin/../lib/gcc/avr/4.9.2/avr5\libgcc.a(_copy_data.o)
 .text.libgcc.div
                0x00000000        0x0 d:/atmel studio/7.0/toolchain/avr8/avr8-gnu-toolchain/bin/../lib/gcc/avr/4.9.2/avr5\libgcc.a(_copy_data.o)
 .text.libgcc   0x00000000        0x0 d:/atmel studio/7.0/toolchain/avr8/avr8-gnu-toolchain/bin/../lib/gcc/avr/4.9.2/avr5\libgcc.a(_copy_data.o)
 .text.libgcc.prologue
                0x00000000        0x0 d:/atmel studio/7.0/toolchain/avr8/avr8-gnu-toolchain/bin/../lib/gcc/avr/4.9.2/avr5\libgcc.a(_copy_data.o)
 .text.libgcc.builtins
                0x00000000        0x0 d:/atmel studio/7.0/toolchain/avr8/avr8-gnu-toolchain/bin/../lib/gcc/avr/4.9.2/avr5\libgcc.a(_copy_data.o)
 .text.libgcc.fmul
                0x00000000        0x0 d:/atmel studio/7.0/toolchain/avr8/avr8-gnu-toolchain/bin/../lib/gcc/avr/4.9.2/avr5\libgcc.a(_copy_data.o)
 .text.libgcc.fixed
                0x00000000        0x0 d:/atmel studio/7.0/toolchain/avr8/avr8-gnu-toolchain/bin/../lib/gcc/avr/4.9.2/avr5\libgcc.a(_copy_data.o)
 .text          0x00000000        0x0 d:/atmel studio/7.0/toolchain/avr8/avr8-gnu-toolchain/bin/../lib/gcc/avr/4.9.2/avr5\libgcc.a(_clear_bss.o)
 .data          0x00000000        0x0 d:/atmel studio/7.0/toolchain/avr8/avr8-gnu-toolchain/bin/../lib/gcc/avr/4.9.2/avr5\libgcc.a(_clear_bss.o)
 .bss           0x00000000        0x0 d:/atmel studio/7.0/toolchain/avr8/avr8-gnu-toolchain/bin/../lib/gcc/avr/4.9.2/avr5\libgcc.a(_clear_bss.o)
 .text.libgcc.mul
                0x00000000        0x0 d:/atmel studio/7.0/toolchain/avr8/avr8-gnu-toolchain/bin/../lib/gcc/avr/4.9.2/avr5\libgcc.a(_clear_bss.o)
 .text.libgcc.div
                0x00000000        0x0 d:/atmel studio/7.0/toolchain/avr8/avr8-gnu-toolchain/bin/../lib/gcc/avr/4.9.2/avr5\libgcc.a(_clear_bss.o)
 .text.libgcc   0x00000000        0x0 d:/atmel studio/7.0/toolchain/avr8/avr8-gnu-toolchain/bin/../lib/gcc/avr/4.9.2/avr5\libgcc.a(_clear_bss.o)
 .text.libgcc.prologue
                0x00000000        0x0 d:/atmel studio/7.0/toolchain/avr8/avr8-gnu-toolchain/bin/../lib/gcc/avr/4.9.2/avr5\libgcc.a(_clear_bss.o)
 .text.libgcc.builtins
                0x00000000        0x0 d:/atmel studio/7.0/toolchain/avr8/avr8-gnu-toolchain/bin/../lib/gcc/avr/4.9.2/avr5\libgcc.a(_clear_bss.o)
 .text.libgcc.fmul
                0x00000000        0x0 d:/atmel studio/7.0/toolchain/avr8/avr8-gnu-toolchain/bin/../lib/gcc/avr/4.9.2/avr5\libgcc.a(_clear_bss.o)
 .text.libgcc.fixed
                0x00000000        0x0 d:/atmel studio/7.0/toolchain/avr8/avr8-gnu-toolchain/bin/../lib/gcc/avr/4.9.2/avr5\libgcc.a(_clear_bss.o)
 .text          0x00000000        0x0 d:/atmel studio/7.0/toolchain/avr8/avr8-gnu-toolchain/bin/../lib/gcc/avr/4.9.2/../../../../avr/lib/avr5\libc.a(memcpy.o)
 .data          0x00000000        0x0 d:/atmel studio/7.0/toolchain/avr8/avr8-gnu-toolchain/bin/../lib/gcc/avr/4.9.2/../../../../avr/lib/avr5\libc.a(memcpy.o)
 .bss           0x00000000        0x0 d:/atmel studio/7.0/toolchain/avr8/avr8-gnu-toolchain/bin/../lib/gcc/avr/4.9.2/../../../../avr/lib/avr5\libc.a(memcpy.o)
 .text.avr-libc
                0x00000000       0x12 d:/atmel studio/7.0/toolchain/avr8/avr8-gnu-toolchain/bin/../lib/gcc/avr/4.9.2/../../../../avr/lib/avr5\libc.a(memcpy.o)
 .text          0x00000000        0x0 D:/Atmel Studio/7.0/Packs/atmel/ATmega_DFP/1.1.130/gcc/dev/atmega16/avr5\libatmega16.a(eerd_byte.o)
 .data          0x00000000        0x0 D:/Atmel Studio/7.0/Packs/atmel/ATmega_DFP/1.1.130/gcc/dev/atmega16/avr5\libatmega16.a(eerd_byte.o)
 .bss           0x00000000        0x0 D:/Atmel Studio/7.0/Packs/atmel/ATmega_DFP/1.1.130/gcc/dev/atmega16/avr5\libatmega16.a(eerd_byte.o)
 .text          0x00000000        0x0 D:/Atmel Studio/7.0/Packs/atmel/ATmega_DFP/1.1.130/gcc/dev/atmega16/avr5\libatmega16.a(eewr_byte.o)
 .data          0x00000000        0x0 D:/Atmel Studio/7.0/Packs/atmel/ATmega_DFP/1.1.130/gcc/dev/atmega16/avr5\libatmega16.a(eewr_byte.o)
 .bss           0x00000000        0x0 D:/Atmel Studio/7.0/Packs/atmel/ATmega_DFP/1.1.130/gcc/dev/atmega16/avr5\libatmega16.a(eewr_byte.o)

Memory Configuration

Name             Origin             Length             Attributes
text             0x00000000         0x00020000         xr
data             0x00800060         0x0000ffa0         rw !x
eeprom           0x00810000         0x00010000         rw !x
fuse             0x00820000         0x00000002         rw !x
lock             0x00830000         0x00000400         rw !x
signature        0x00840000         0x00000400         rw !x
user_signatures  0x00850000         0x00000400         rw !x
*default*        0x00000000         0xffffffff

Linker script and memory map

LOAD D:/Atmel Studio/7.0/Packs/atmel/ATmega_DFP/1.1.130/gcc/dev/atmega16/avr5/crtatmega16.o
LOAD src/apps/Fredi/fredi.o
LOAD src/apps/Fredi/fuses.o
LOAD src/apps/Fredi/potAdc.o
LOAD src/avr-base/ln_sw_uart.o
LOAD src/avr-base/systimer.o
LOAD src/loconet/ln_buf.o
LOAD src/loconet/ln_interface.o
LOAD src/loconet/utils.o
LOAD src/ASF/mega/boards/stk600/rcx_x/init.o
START GROUP
LOAD d:/atmel studio/7.0/toolchain/avr8/avr8-gnu-toolchain/bin/../lib/gcc/avr/4.9.2/../../../../avr/lib/avr5\libm.a
END GROUP
START GROUP
LOAD d:/atmel studio/7.0/toolchain/avr8/avr8-gnu-toolchain/bin/../lib/gcc/avr/4.9.2/avr5\libgcc.a
LOAD d:/atmel studio/7.0/toolchain/avr8/avr8-gnu-toolchain/bin/../lib/gcc/avr/4.9.2/../../../../avr/lib/avr5\libm.a
LOAD d:/atmel studio/7.0/toolchain/avr8/avr8-gnu-toolchain/bin/../lib/gcc/avr/4.9.2/../../../../avr/lib/avr5\libc.a
LOAD D:/Atmel Studio/7.0/Packs/atmel/ATmega_DFP/1.1.130/gcc/dev/atmega16/avr5\libatmega16.a
END GROUP
                0x00020000                __TEXT_REGION_LENGTH__ = DEFINED (__TEXT_REGION_LENGTH__)?__TEXT_REGION_LENGTH__:0x20000
                0x0000ffa0                __DATA_REGION_LENGTH__ = DEFINED (__DATA_REGION_LENGTH__)?__DATA_REGION_LENGTH__:0xffa0
                0x00010000                __EEPROM_REGION_LENGTH__ = DEFINED (__EEPROM_REGION_LENGTH__)?__EEPROM_REGION_LENGTH__:0x10000
                [0x00000002]                __FUSE_REGION_LENGTH__ = DEFINED (__FUSE_REGION_LENGTH__)?__FUSE_REGION_LENGTH__:0x400
                0x00000400                __LOCK_REGION_LENGTH__ = DEFINED (__LOCK_REGION_LENGTH__)?__LOCK_REGION_LENGTH__:0x400
                0x00000400                __SIGNATURE_REGION_LENGTH__ = DEFINED (__SIGNATURE_REGION_LENGTH__)?__SIGNATURE_REGION_LENGTH__:0x400
                0x00000400                __USER_SIGNATURE_REGION_LENGTH__ = DEFINED (__USER_SIGNATURE_REGION_LENGTH__)?__USER_SIGNATURE_REGION_LENGTH__:0x400

.hash
 *(.hash)

.dynsym
 *(.dynsym)

.dynstr
 *(.dynstr)

.gnu.version
 *(.gnu.version)

.gnu.version_d
 *(.gnu.version_d)

.gnu.version_r
 *(.gnu.version_r)

.rel.init
 *(.rel.init)

.rela.init
 *(.rela.init)

.rel.text
 *(.rel.text)
 *(.rel.text.*)
 *(.rel.gnu.linkonce.t*)

.rela.text
 *(.rela.text)
 *(.rela.text.*)
 *(.rela.gnu.linkonce.t*)

.rel.fini
 *(.rel.fini)

.rela.fini
 *(.rela.fini)

.rel.rodata
 *(.rel.rodata)
 *(.rel.rodata.*)
 *(.rel.gnu.linkonce.r*)

.rela.rodata
 *(.rela.rodata)
 *(.rela.rodata.*)
 *(.rela.gnu.linkonce.r*)

.rel.data
 *(.rel.data)
 *(.rel.data.*)
 *(.rel.gnu.linkonce.d*)

.rela.data
 *(.rela.data)
 *(.rela.data.*)
 *(.rela.gnu.linkonce.d*)

.rel.ctors
 *(.rel.ctors)

.rela.ctors
 *(.rela.ctors)

.rel.dtors
 *(.rel.dtors)

.rela.dtors
 *(.rela.dtors)

.rel.got
 *(.rel.got)

.rela.got
 *(.rela.got)

.rel.bss
 *(.rel.bss)

.rela.bss
 *(.rela.bss)

.rel.plt
 *(.rel.plt)

.rela.plt
 *(.rela.plt)

.text           0x00000000      0xf4e
 *(.vectors)
 .vectors       0x00000000       0x54 D:/Atmel Studio/7.0/Packs/atmel/ATmega_DFP/1.1.130/gcc/dev/atmega16/avr5/crtatmega16.o
                0x00000000                __vector_default
                0x00000000                __vectors
 *(.vectors)
 *(.progmem.gcc*)
 .progmem.gcc_sw_table.vSetState
                0x00000054       0xcc src/apps/Fredi/fredi.o
 .progmem.gcc_sw_table.MessageTimerAction
                0x00000120       0x3c src/apps/Fredi/fredi.o
                0x0000015c                . = ALIGN (0x2)
                0x0000015c                __trampolines_start = .
 *(.trampolines)
 .trampolines   0x0000015c        0x0 linker stubs
 *(.trampolines*)
                0x0000015c                __trampolines_end = .
 *libprintf_flt.a:*(.progmem.data)
 *libc.a:*(.progmem.data)
 *(.progmem*)
                0x0000015c                . = ALIGN (0x2)
 *(.jumptables)
 *(.jumptables*)
 *(.lowtext)
 *(.lowtext*)
                0x0000015c                __ctors_start = .
 *(.ctors)
                0x0000015c                __ctors_end = .
                0x0000015c                __dtors_start = .
 *(.dtors)
                0x0000015c                __dtors_end = .
 SORT(*)(.ctors)
 SORT(*)(.dtors)
 *(.init0)
 .init0         0x0000015c        0x0 D:/Atmel Studio/7.0/Packs/atmel/ATmega_DFP/1.1.130/gcc/dev/atmega16/avr5/crtatmega16.o
                0x0000015c                __init
 *(.init0)
 *(.init1)
 *(.init1)
 *(.init2)
 .init2         0x0000015c        0xc D:/Atmel Studio/7.0/Packs/atmel/ATmega_DFP/1.1.130/gcc/dev/atmega16/avr5/crtatmega16.o
 *(.init2)
 *(.init3)
 *(.init3)
 *(.init4)
 .init4         0x00000168       0x16 d:/atmel studio/7.0/toolchain/avr8/avr8-gnu-toolchain/bin/../lib/gcc/avr/4.9.2/avr5\libgcc.a(_copy_data.o)
                0x00000168                __do_copy_data
 .init4         0x0000017e       0x10 d:/atmel studio/7.0/toolchain/avr8/avr8-gnu-toolchain/bin/../lib/gcc/avr/4.9.2/avr5\libgcc.a(_clear_bss.o)
                0x0000017e                __do_clear_bss
 *(.init4)
 *(.init5)
 *(.init5)
 *(.init6)
 *(.init6)
 *(.init7)
 *(.init7)
 *(.init8)
 *(.init8)
 *(.init9)
 .init9         0x0000018e        0x4 D:/Atmel Studio/7.0/Packs/atmel/ATmega_DFP/1.1.130/gcc/dev/atmega16/avr5/crtatmega16.o
 *(.init9)
 *(.text)
 .text          0x00000192        0x2 D:/Atmel Studio/7.0/Packs/atmel/ATmega_DFP/1.1.130/gcc/dev/atmega16/avr5/crtatmega16.o
                0x00000192                __vector_1
                0x00000192                __vector_12
                0x00000192                __bad_interrupt
                0x00000192                __vector_3
                0x00000192                __vector_11
                0x00000192                __vector_13
                0x00000192                __vector_17
                0x00000192                __vector_19
                0x00000192                __vector_7
                0x00000192                __vector_4
                0x00000192                __vector_15
                0x00000192                __vector_8
                0x00000192                __vector_14
                0x00000192                __vector_10
                0x00000192                __vector_16
                0x00000192                __vector_18
                0x00000192                __vector_20
                0x00000194                . = ALIGN (0x2)
 *(.text.*)
 .text.IncrementTimerAction
                0x00000194       0x22 src/apps/Fredi/fredi.o
                0x00000194                IncrementTimerAction
 .text.ReleaseStopTimerAction
                0x000001b6        0x8 src/apps/Fredi/fredi.o
                0x000001b6                ReleaseStopTimerAction
 .text.KeyTimerAction
                0x000001be       0xb0 src/apps/Fredi/fredi.o
                0x000001be                KeyTimerAction
 .text.setLEDasOutput
                0x0000026e        0xa src/apps/Fredi/fredi.o
                0x0000026e                setLEDasOutput
 .text.disableLED4
                0x00000278        0x4 src/apps/Fredi/fredi.o
                0x00000278                disableLED4
 .text.initKeys
                0x0000027c       0xbe src/apps/Fredi/fredi.o
                0x0000027c                initKeys
 .text.__vector_2
                0x0000033a       0x5a src/apps/Fredi/fredi.o
                0x0000033a                __vector_2
 .text.vSetState
                0x00000394       0x7c src/apps/Fredi/fredi.o
                0x00000394                vSetState
 .text.MessageTimerAction
                0x00000410       0xee src/apps/Fredi/fredi.o
                0x00000410                MessageTimerAction
 .text.initSlots
                0x000004fe       0xb6 src/apps/Fredi/fredi.o
                0x000004fe                initSlots
 .text.entprellen_druecken
                0x000005b4       0x26 src/apps/Fredi/fredi.o
                0x000005b4                entprellen_druecken
 .text.sendLocoNetAdr
                0x000005da       0x22 src/apps/Fredi/fredi.o
                0x000005da                sendLocoNetAdr
 .text.sendLocoNetFredCd
                0x000005fc        0xc src/apps/Fredi/fredi.o
                0x000005fc                sendLocoNetFredCd
 .text.main     0x00000608      0x1d0 src/apps/Fredi/fredi.o
                0x00000608                main
 .text.potAdcPowerOff
                0x000007d8        0x4 src/apps/Fredi/potAdc.o
                0x000007d8                potAdcPowerOff
 .text.potAdcInit
                0x000007dc       0x16 src/apps/Fredi/potAdc.o
                0x000007dc                potAdcInit
 .text.potAdcTimerAction
                0x000007f2       0x92 src/apps/Fredi/potAdc.o
                0x000007f2                potAdcTimerAction
 .text.__vector_5
                0x00000884       0x54 src/avr-base/ln_sw_uart.o
                0x00000884                __vector_5
 .text.__vector_6
                0x000008d8      0x278 src/avr-base/ln_sw_uart.o
                0x000008d8                __vector_6
 .text.initLocoNetHardware
                0x00000b50       0x2a src/avr-base/ln_sw_uart.o
                0x00000b50                initLocoNetHardware
 .text.sendLocoNetPacketTry
                0x00000b7a      0x13c src/avr-base/ln_sw_uart.o
                0x00000b7a                sendLocoNetPacketTry
 .text.__vector_9
                0x00000cb6       0x66 src/avr-base/systimer.o
                0x00000cb6                __vector_9
 .text.initTimer
                0x00000d1c       0x1a src/avr-base/systimer.o
                0x00000d1c                initTimer
 .text.addTimerAction
                0x00000d36       0x46 src/avr-base/systimer.o
                0x00000d36                addTimerAction
 .text.resetTimerAction
                0x00000d7c        0x6 src/avr-base/systimer.o
                0x00000d7c                resetTimerAction
 .text.delayTimer
                0x00000d82       0x16 src/avr-base/systimer.o
                0x00000d82                delayTimer
 .text.processTimerActions
                0x00000d98       0xb0 src/avr-base/systimer.o
                0x00000d98                processTimerActions
 .text.getLnMsgSize
                0x00000e48       0x1a src/loconet/ln_buf.o
                0x00000e48                getLnMsgSize
 .text.initLocoNet
                0x00000e62        0xc src/loconet/ln_interface.o
                0x00000e62                initLocoNet
 .text.sendLocoNetPacket
                0x00000e6e       0x74 src/loconet/ln_interface.o
                0x00000e6e                sendLocoNetPacket
 .text.sendLocoNet4BytePacket
                0x00000ee2       0x32 src/loconet/ln_interface.o
                0x00000ee2                sendLocoNet4BytePacket
 .text.libgcc   0x00000f14        0xc d:/atmel studio/7.0/toolchain/avr8/avr8-gnu-toolchain/bin/../lib/gcc/avr/4.9.2/avr5\libgcc.a(_tablejump2.o)
                0x00000f14                __tablejump2__
 .text.avr-libc
                0x00000f20       0x10 D:/Atmel Studio/7.0/Packs/atmel/ATmega_DFP/1.1.130/gcc/dev/atmega16/avr5\libatmega16.a(eerd_byte.o)
                0x00000f20                eeprom_read_byte
 .text.avr-libc
                0x00000f30       0x1a D:/Atmel Studio/7.0/Packs/atmel/ATmega_DFP/1.1.130/gcc/dev/atmega16/avr5\libatmega16.a(eewr_byte.o)
                0x00000f30                eeprom_write_byte
                0x00000f32                eeprom_write_r18
                0x00000f4a                . = ALIGN (0x2)
 *(.fini9)
 .fini9         0x00000f4a        0x0 d:/atmel studio/7.0/toolchain/avr8/avr8-gnu-toolchain/bin/../lib/gcc/avr/4.9.2/avr5\libgcc.a(_exit.o)
                0x00000f4a                _exit
                0x00000f4a                exit
 *(.fini9)
 *(.fini8)
 *(.fini8)
 *(.fini7)
 *(.fini7)
 *(.fini6)
 *(.fini6)
 *(.fini5)
 *(.fini5)
 *(.fini4)
 *(.fini4)
 *(.fini3)
 *(.fini3)
 *(.fini2)
 *(.fini2)
 *(.fini1)
 *(.fini1)
 *(.fini0)
 .fini0         0x00000f4a        0x4 d:/atmel studio/7.0/toolchain/avr8/avr8-gnu-toolchain/bin/../lib/gcc/avr/4.9.2/avr5\libgcc.a(_exit.o)
 *(.fini0)
                0x00000f4e                _etext = .

.data           0x00800060        0x6 load address 0x00000f4e
                0x00800060                PROVIDE (__data_start, .)
 *(.data)
 *(.data*)
 .data.bLastDirSwitch.2227
                0x00800060        0x1 src/apps/Fredi/fredi.o
 .data.bLastEncSwitch.2223
                0x00800061        0x1 src/apps/Fredi/fredi.o
 .data.bLastKey.2225
                0x00800062        0x1 src/apps/Fredi/fredi.o
 .data.fSetSpeed
                0x00800063        0x1 src/apps/Fredi/fredi.o
 .data.bLEDReload
                0x00800064        0x1 src/apps/Fredi/fredi.o
                0x00800064                bLEDReload
 .data.bThrState
                0x00800065        0x1 src/apps/Fredi/fredi.o
                0x00800065                bThrState
 *(.rodata)
 *(.rodata*)
 *(.gnu.linkonce.d*)
                0x00800066                . = ALIGN (0x2)
                0x00800066                _edata = .
                0x00800066                PROVIDE (__data_end, .)

.bss            0x00800066      0x14b
                0x00800066                PROVIDE (__bss_start, .)
 *(.bss)
 *(.bss*)
 .bss.bStopPressed
                0x00800066        0x1 src/apps/Fredi/fredi.o
 .bss.bCurrentKey
                0x00800067        0x1 src/apps/Fredi/fredi.o
 .bss.sEncDir   0x00800068        0x1 src/apps/Fredi/fredi.o
 .bss.entprell  0x00800069        0x1 src/apps/Fredi/fredi.o
                0x00800069                entprell
 .bss.old_value
                0x0080006a        0x1 src/apps/Fredi/fredi.o
                0x0080006a                old_value
 .bss.value     0x0080006b        0x1 src/apps/Fredi/fredi.o
                0x0080006b                value
 .bss.slotnumber
                0x0080006c        0x1 src/apps/Fredi/fredi.o
                0x0080006c                slotnumber
 .bss.bSpdCnt   0x0080006d        0x1 src/apps/Fredi/fredi.o
 .bss.bEvent    0x0080006e        0x1 src/apps/Fredi/fredi.o
                0x0080006e                bEvent
 .bss.bFrediVersion
                0x0080006f        0x1 src/apps/Fredi/fredi.o
                0x0080006f                bFrediVersion
 .bss.timeFilterState.1676
                0x00800070        0x1 src/apps/Fredi/potAdc.o
 .bss.count.1677
                0x00800071        0x1 src/apps/Fredi/potAdc.o
 .bss.deltaFilterState.1667
                0x00800072        0x2 src/apps/Fredi/potAdc.o
 .bss.potAdcRawValue
                0x00800074        0x2 src/apps/Fredi/potAdc.o
                0x00800074                potAdcRawValue
 .bss.potAdcSpeedValue
                0x00800076        0x1 src/apps/Fredi/potAdc.o
                0x00800076                potAdcSpeedValue
 .bss.DelayTimerTicks
                0x00800077        0x2 src/avr-base/systimer.o
                0x00800077                DelayTimerTicks
 .bss.FastTimerTicks
                0x00800079        0x1 src/avr-base/systimer.o
                0x00800079                FastTimerTicks
 .bss.SlowTimerTicks
                0x0080007a        0x1 src/avr-base/systimer.o
                0x0080007a                SlowTimerTicks
 .bss.SlowTimerAccumulator
                0x0080007b        0x1 src/avr-base/systimer.o
                0x0080007b                SlowTimerAccumulator
 .bss.FastTimerActionList
                0x0080007c        0x2 src/avr-base/systimer.o
 .bss.SlowTimerActionList
                0x0080007e        0x2 src/avr-base/systimer.o
 .bss.pstLnRxBuffer
                0x00800080        0x2 src/loconet/ln_interface.o
 *(COMMON)
 COMMON         0x00800082      0x123 src/apps/Fredi/fredi.o
                0x00800082                MessageTimer
                0x00800089                bERWFunKey2Status
                0x0080008a                IncrementTimer
                0x00800091                LEDTimer
                0x00800098                bERWFunKey4Status
                0x00800099                KeyTimer
                0x008000a0                RxPacket
                0x008000a2                RxBuffer
                0x0080012e                ReleaseStopTimer
                0x00800135                TxPacket
                0x0080014b                slotArray
                0x008001a3                bERWFunKey3Status
                0x008001a4                bERWFunKey1Status
 COMMON         0x008001a5        0xc src/avr-base/ln_sw_uart.o
                0x008001a5                lnTxSuccess
                0x008001a6                lnTxIndex
                0x008001a7                lnTxLength
                0x008001a8                lnCurrentByte
                0x008001a9                lnCompareTarget
                0x008001ab                lnRxBuffer
                0x008001ad                lnState
                0x008001ae                lnBitCount
                0x008001af                lnTxData
                0x008001b1                PROVIDE (__bss_end, .)
                0x00000f4e                __data_load_start = LOADADDR (.data)
                0x00000f54                __data_load_end = (__data_load_start + SIZEOF (.data))

.noinit         0x008001b1        0x0
                [!provide]                PROVIDE (__noinit_start, .)
 *(.noinit*)
                [!provide]                PROVIDE (__noinit_end, .)
                0x008001b1                _end = .
                [!provide]                PROVIDE (__heap_start, .)

.eeprom         0x00810000        0xc
 *(.eeprom*)
 .eeprom        0x00810000        0xc src/apps/Fredi/fredi.o
                0x00810000                abEEPROM
                0x0081000c                __eeprom_end = .

.fuse
 *(.fuse)
 *(.lfuse)
 *(.hfuse)
 *(.efuse)

.lock
 *(.lock*)

.signature
 *(.signature*)

.user_signatures
 *(.user_signatures*)

.stab
 *(.stab)

.stabstr
 *(.stabstr)

.stab.excl
 *(.stab.excl)

.stab.exclstr
 *(.stab.exclstr)

.stab.index
 *(.stab.index)

.stab.indexstr
 *(.stab.indexstr)

.comment        0x00000000       0x30
 *(.comment)
 .comment       0x00000000       0x30 src/apps/Fredi/fredi.o
                                 0x31 (size before relaxing)
 .comment       0x00000030       0x31 src/apps/Fredi/potAdc.o
 .comment       0x00000030       0x31 src/avr-base/ln_sw_uart.o
 .comment       0x00000030       0x31 src/avr-base/systimer.o
 .comment       0x00000030       0x31 src/loconet/ln_buf.o
 .comment       0x00000030       0x31 src/loconet/ln_interface.o

.note.gnu.avr.deviceinfo
                0x00000000       0x3c
 .note.gnu.avr.deviceinfo
                0x00000000       0x3c D:/Atmel Studio/7.0/Packs/atmel/ATmega_DFP/1.1.130/gcc/dev/atmega16/avr5/crtatmega16.o

.note.gnu.build-id
 *(.note.gnu.build-id)

.debug
 *(.debug)

.line
 *(.line)

.debug_srcinfo
 *(.debug_srcinfo)

.debug_sfnames
 *(.debug_sfnames)

.debug_aranges  0x00000000      0x2e8
 *(.debug_aranges)
 .debug_aranges
                0x00000000      0x180 src/apps/Fredi/fredi.o
 .debug_aranges
                0x00000180       0x30 src/apps/Fredi/potAdc.o
 .debug_aranges
                0x000001b0       0x38 src/avr-base/ln_sw_uart.o
 .debug_aranges
                0x000001e8       0x48 src/avr-base/systimer.o
 .debug_aranges
                0x00000230       0x38 src/loconet/ln_buf.o
 .debug_aranges
                0x00000268       0x40 src/loconet/ln_interface.o
 .debug_aranges
                0x000002a8       0x20 D:/Atmel Studio/7.0/Packs/atmel/ATmega_DFP/1.1.130/gcc/dev/atmega16/avr5\libatmega16.a(eerd_byte.o)
 .debug_aranges
                0x000002c8       0x20 D:/Atmel Studio/7.0/Packs/atmel/ATmega_DFP/1.1.130/gcc/dev/atmega16/avr5\libatmega16.a(eewr_byte.o)

.debug_pubnames
 *(.debug_pubnames)

.debug_info     0x00000000     0x6f31
 *(.debug_info .gnu.linkonce.wi.*)
 .debug_info    0x00000000      0x52e D:/Atmel Studio/7.0/Packs/atmel/ATmega_DFP/1.1.130/gcc/dev/atmega16/avr5/crtatmega16.o
 .debug_info    0x0000052e     0x2e62 src/apps/Fredi/fredi.o
 .debug_info    0x00003390      0x22e src/apps/Fredi/potAdc.o
 .debug_info    0x000035be     0x1267 src/avr-base/ln_sw_uart.o
 .debug_info    0x00004825      0x2d8 src/avr-base/systimer.o
 .debug_info    0x00004afd     0x1104 src/loconet/ln_buf.o
 .debug_info    0x00005c01     0x11dc src/loconet/ln_interface.o
 .debug_info    0x00006ddd       0xaa D:/Atmel Studio/7.0/Packs/atmel/ATmega_DFP/1.1.130/gcc/dev/atmega16/avr5\libatmega16.a(eerd_byte.o)
 .debug_info    0x00006e87       0xaa D:/Atmel Studio/7.0/Packs/atmel/ATmega_DFP/1.1.130/gcc/dev/atmega16/avr5\libatmega16.a(eewr_byte.o)

.debug_abbrev   0x00000000     0x112f
 *(.debug_abbrev)
 .debug_abbrev  0x00000000      0x4e7 D:/Atmel Studio/7.0/Packs/atmel/ATmega_DFP/1.1.130/gcc/dev/atmega16/avr5/crtatmega16.o
 .debug_abbrev  0x000004e7      0x3d7 src/apps/Fredi/fredi.o
 .debug_abbrev  0x000008be       0xf7 src/apps/Fredi/potAdc.o
 .debug_abbrev  0x000009b5      0x24c src/avr-base/ln_sw_uart.o
 .debug_abbrev  0x00000c01      0x14e src/avr-base/systimer.o
 .debug_abbrev  0x00000d4f      0x1cf src/loconet/ln_buf.o
 .debug_abbrev  0x00000f1e      0x1e9 src/loconet/ln_interface.o
 .debug_abbrev  0x00001107       0x14 D:/Atmel Studio/7.0/Packs/atmel/ATmega_DFP/1.1.130/gcc/dev/atmega16/avr5\libatmega16.a(eerd_byte.o)
 .debug_abbrev  0x0000111b       0x14 D:/Atmel Studio/7.0/Packs/atmel/ATmega_DFP/1.1.130/gcc/dev/atmega16/avr5\libatmega16.a(eewr_byte.o)

.debug_line     0x00000000     0x2d2d
 *(.debug_line .debug_line.* .debug_line_end)
 .debug_line    0x00000000      0x115 D:/Atmel Studio/7.0/Packs/atmel/ATmega_DFP/1.1.130/gcc/dev/atmega16/avr5/crtatmega16.o
 .debug_line    0x00000115     0x173c src/apps/Fredi/fredi.o
 .debug_line    0x00001851      0x2ca src/apps/Fredi/potAdc.o
 .debug_line    0x00001b1b      0x5ab src/avr-base/ln_sw_uart.o
 .debug_line    0x000020c6      0x3ee src/avr-base/systimer.o
 .debug_line    0x000024b4      0x3f2 src/loconet/ln_buf.o
 .debug_line    0x000028a6      0x375 src/loconet/ln_interface.o
 .debug_line    0x00002c1b       0x7a D:/Atmel Studio/7.0/Packs/atmel/ATmega_DFP/1.1.130/gcc/dev/atmega16/avr5\libatmega16.a(eerd_byte.o)
 .debug_line    0x00002c95       0x98 D:/Atmel Studio/7.0/Packs/atmel/ATmega_DFP/1.1.130/gcc/dev/atmega16/avr5\libatmega16.a(eewr_byte.o)

.debug_frame    0x00000000      0x7c0
 *(.debug_frame)
 .debug_frame   0x00000000      0x4a8 src/apps/Fredi/fredi.o
 .debug_frame   0x000004a8       0x44 src/apps/Fredi/potAdc.o
 .debug_frame   0x000004ec       0xd4 src/avr-base/ln_sw_uart.o
 .debug_frame   0x000005c0       0xa4 src/avr-base/systimer.o
 .debug_frame   0x00000664       0xb4 src/loconet/ln_buf.o
 .debug_frame   0x00000718       0xa8 src/loconet/ln_interface.o

.debug_str      0x00000000     0x9ac3
 *(.debug_str)
 .debug_str     0x00000000      0x1af D:/Atmel Studio/7.0/Packs/atmel/ATmega_DFP/1.1.130/gcc/dev/atmega16/avr5/crtatmega16.o
 .debug_str     0x000001af     0x8fd3 src/apps/Fredi/fredi.o
                               0x91cc (size before relaxing)
 .debug_str     0x00009182      0x2d2 src/apps/Fredi/potAdc.o
                               0x6be7 (size before relaxing)
 .debug_str     0x00009454      0x3f5 src/avr-base/ln_sw_uart.o
                               0x8470 (size before relaxing)
 .debug_str     0x00009849      0x145 src/avr-base/systimer.o
                               0x6cac (size before relaxing)
 .debug_str     0x0000998e       0xad src/loconet/ln_buf.o
                               0x7629 (size before relaxing)
 .debug_str     0x00009a3b       0x88 src/loconet/ln_interface.o
                               0x82ef (size before relaxing)

.debug_loc      0x00000000     0x2385
 *(.debug_loc)
 .debug_loc     0x00000000     0x17d6 src/apps/Fredi/fredi.o
 .debug_loc     0x000017d6       0xa4 src/apps/Fredi/potAdc.o
 .debug_loc     0x0000187a      0x367 src/avr-base/ln_sw_uart.o
 .debug_loc     0x00001be1      0x1df src/avr-base/systimer.o
 .debug_loc     0x00001dc0      0x2ad src/loconet/ln_buf.o
 .debug_loc     0x0000206d      0x318 src/loconet/ln_interface.o

.debug_macinfo
 *(.debug_macinfo)

.debug_weaknames
 *(.debug_weaknames)

.debug_funcnames
 *(.debug_funcnames)

.debug_typenames
 *(.debug_typenames)

.debug_varnames
 *(.debug_varnames)

.debug_pubtypes
 *(.debug_pubtypes)

.debug_ranges   0x00000000      0x2b8
 *(.debug_ranges)
 .debug_ranges  0x00000000      0x1c8 src/apps/Fredi/fredi.o
 .debug_ranges  0x000001c8       0x20 src/apps/Fredi/potAdc.o
 .debug_ranges  0x000001e8       0x40 src/avr-base/ln_sw_uart.o
 .debug_ranges  0x00000228       0x38 src/avr-base/systimer.o
 .debug_ranges  0x00000260       0x28 src/loconet/ln_buf.o
 .debug_ranges  0x00000288       0x30 src/loconet/ln_interface.o

.debug_macro    0x00000000     0x3534
 *(.debug_macro)
 .debug_macro   0x00000000      0x13a src/apps/Fredi/fredi.o
 .debug_macro   0x0000013a      0xa4e src/apps/Fredi/fredi.o
 .debug_macro   0x00000b88      0x1c9 src/apps/Fredi/fredi.o
 .debug_macro   0x00000d51       0x10 src/apps/Fredi/fredi.o
 .debug_macro   0x00000d61      0x302 src/apps/Fredi/fredi.o
 .debug_macro   0x00001063       0x9e src/apps/Fredi/fredi.o
 .debug_macro   0x00001101      0xc0a src/apps/Fredi/fredi.o
 .debug_macro   0x00001d0b      0x170 src/apps/Fredi/fredi.o
 .debug_macro   0x00001e7b       0xbd src/apps/Fredi/fredi.o
 .debug_macro   0x00001f38       0x34 src/apps/Fredi/fredi.o
 .debug_macro   0x00001f6c       0x18 src/apps/Fredi/fredi.o
 .debug_macro   0x00001f84       0x6c src/apps/Fredi/fredi.o
 .debug_macro   0x00001ff0       0x69 src/apps/Fredi/fredi.o
 .debug_macro   0x00002059      0x166 src/apps/Fredi/fredi.o
 .debug_macro   0x000021bf       0x39 src/apps/Fredi/fredi.o
 .debug_macro   0x000021f8      0x390 src/apps/Fredi/fredi.o
 .debug_macro   0x00002588       0x10 src/apps/Fredi/fredi.o
 .debug_macro   0x00002598      0x166 src/apps/Fredi/fredi.o
 .debug_macro   0x000026fe       0x46 src/apps/Fredi/fredi.o
 .debug_macro   0x00002744      0x344 src/apps/Fredi/fredi.o
 .debug_macro   0x00002a88       0x2e src/apps/Fredi/fredi.o
 .debug_macro   0x00002ab6       0x1c src/apps/Fredi/fredi.o
 .debug_macro   0x00002ad2       0x10 src/apps/Fredi/fredi.o
 .debug_macro   0x00002ae2       0xd6 src/apps/Fredi/potAdc.o
 .debug_macro   0x00002bb8       0x1c src/apps/Fredi/potAdc.o
 .debug_macro   0x00002bd4      0x10e src/apps/Fredi/potAdc.o
 .debug_macro   0x00002ce2       0x66 src/apps/Fredi/potAdc.o
 .debug_macro   0x00002d48      0x13f src/avr-base/ln_sw_uart.o
 .debug_macro   0x00002e87      0x2fc src/avr-base/ln_sw_uart.o
 .debug_macro   0x00003183       0x16 src/avr-base/ln_sw_uart.o
 .debug_macro   0x00003199       0x97 src/avr-base/ln_sw_uart.o
 .debug_macro   0x00003230       0x16 src/avr-base/ln_sw_uart.o
 .debug_macro   0x00003246       0xc9 src/avr-base/systimer.o
 .debug_macro   0x0000330f       0x63 src/avr-base/systimer.o
 .debug_macro   0x00003372       0xdb src/loconet/ln_buf.o
 .debug_macro   0x0000344d       0xe7 src/loconet/ln_interface.o
OUTPUT(ATMega16.elf elf32-avr)
LOAD linker stubs
