Archive member included to satisfy reference by file (symbol)

e:/uni/programme/atmel studio/7.0/toolchain/avr8/avr8-gnu-toolchain/bin/../lib/gcc/avr/5.4.0/avr5\libgcc.a(_exit.o)
                              E:/Uni/Programme/Atmel Studio/7.0/Packs/atmel/ATmega_DFP/1.2.132/gcc/dev/atmega16/avr5/crtatmega16.o (exit)
e:/uni/programme/atmel studio/7.0/toolchain/avr8/avr8-gnu-toolchain/bin/../lib/gcc/avr/5.4.0/avr5\libgcc.a(_tablejump2.o)
                              src/apps/Fredi/fredi.o (__tablejump2__)
e:/uni/programme/atmel studio/7.0/toolchain/avr8/avr8-gnu-toolchain/bin/../lib/gcc/avr/5.4.0/avr5\libgcc.a(_copy_data.o)
                              src/apps/Fredi/fredi.o (__do_copy_data)
e:/uni/programme/atmel studio/7.0/toolchain/avr8/avr8-gnu-toolchain/bin/../lib/gcc/avr/5.4.0/avr5\libgcc.a(_clear_bss.o)
                              src/apps/Fredi/fredi.o (__do_clear_bss)
e:/uni/programme/atmel studio/7.0/toolchain/avr8/avr8-gnu-toolchain/bin/../lib/gcc/avr/5.4.0/../../../../avr/lib/avr5\libc.a(memcpy.o)
                              src/loconet/ln_buf.o (memcpy)
E:/Uni/Programme/Atmel Studio/7.0/Packs/atmel/ATmega_DFP/1.2.132/gcc/dev/atmega16/avr5\libatmega16.a(eerd_byte.o)
                              src/apps/Fredi/fredi.o (eeprom_read_byte)
E:/Uni/Programme/Atmel Studio/7.0/Packs/atmel/ATmega_DFP/1.2.132/gcc/dev/atmega16/avr5\libatmega16.a(eewr_byte.o)
                              src/apps/Fredi/fredi.o (eeprom_write_byte)

Allocating common symbols
Common symbol       size              file

lnTxSuccess         0x1               src/avr-base/ln_sw_uart.o
lnTxIndex           0x1               src/avr-base/ln_sw_uart.o
lnTxLength          0x1               src/avr-base/ln_sw_uart.o
MessageTimer        0x7               src/apps/Fredi/fredi.o
bERWFunKey2Status   0x1               src/apps/Fredi/fredi.o
IncrementTimer      0x7               src/apps/Fredi/fredi.o
lnCurrentByte       0x1               src/avr-base/ln_sw_uart.o
LEDTimer            0x7               src/apps/Fredi/fredi.o
bERWFunKey4Status   0x1               src/apps/Fredi/fredi.o
KeyTimer            0x7               src/apps/Fredi/fredi.o
lnCompareTarget     0x2               src/avr-base/ln_sw_uart.o
lnRxBuffer          0x2               src/avr-base/ln_sw_uart.o
RxPacket            0x2               src/apps/Fredi/fredi.o
RxBuffer            0x8c              src/apps/Fredi/fredi.o
ReleaseStopTimer    0x7               src/apps/Fredi/fredi.o
lnState             0x1               src/avr-base/ln_sw_uart.o
TxPacket            0x16              src/apps/Fredi/fredi.o
slotArray           0x58              src/apps/Fredi/fredi.o
bERWFunKey3Status   0x1               src/apps/Fredi/fredi.o
lnBitCount          0x1               src/avr-base/ln_sw_uart.o
lnTxData            0x2               src/avr-base/ln_sw_uart.o
bERWFunKey1Status   0x1               src/apps/Fredi/fredi.o

Discarded input sections

 .data          0x00000000        0x0 E:/Uni/Programme/Atmel Studio/7.0/Packs/atmel/ATmega_DFP/1.2.132/gcc/dev/atmega16/avr5/crtatmega16.o
 .bss           0x00000000        0x0 E:/Uni/Programme/Atmel Studio/7.0/Packs/atmel/ATmega_DFP/1.2.132/gcc/dev/atmega16/avr5/crtatmega16.o
 .group         0x00000000        0x8 src/apps/Fredi/fredi.o
 .group         0x00000000        0x8 src/apps/Fredi/fredi.o
 .group         0x00000000        0x8 src/apps/Fredi/fredi.o
 .group         0x00000000        0x8 src/apps/Fredi/fredi.o
 .group         0x00000000        0x8 src/apps/Fredi/fredi.o
 .group         0x00000000        0x8 src/apps/Fredi/fredi.o
 .group         0x00000000        0x8 src/apps/Fredi/fredi.o
 .group         0x00000000        0x8 src/apps/Fredi/fredi.o
 .group         0x00000000        0x8 src/apps/Fredi/fredi.o
 .group         0x00000000        0x8 src/apps/Fredi/fredi.o
 .group         0x00000000        0x8 src/apps/Fredi/fredi.o
 .group         0x00000000        0x8 src/apps/Fredi/fredi.o
 .group         0x00000000        0x8 src/apps/Fredi/fredi.o
 .group         0x00000000        0x8 src/apps/Fredi/fredi.o
 .group         0x00000000        0x8 src/apps/Fredi/fredi.o
 .group         0x00000000        0x8 src/apps/Fredi/fredi.o
 .group         0x00000000        0x8 src/apps/Fredi/fredi.o
 .group         0x00000000        0x8 src/apps/Fredi/fredi.o
 .group         0x00000000        0x8 src/apps/Fredi/fredi.o
 .group         0x00000000        0x8 src/apps/Fredi/fredi.o
 .group         0x00000000        0x8 src/apps/Fredi/fredi.o
 .group         0x00000000        0x8 src/apps/Fredi/fredi.o
 .text          0x00000000        0x0 src/apps/Fredi/fredi.o
 .data          0x00000000        0x0 src/apps/Fredi/fredi.o
 .bss           0x00000000        0x0 src/apps/Fredi/fredi.o
 .text.GET_SPDCNT_BY_SLOTSPD
                0x00000000       0x28 src/apps/Fredi/fredi.o
 .text.enableLED2
                0x00000000        0x4 src/apps/Fredi/fredi.o
 .text.enableLED3
                0x00000000        0x4 src/apps/Fredi/fredi.o
 .text.enableLED4
                0x00000000        0x4 src/apps/Fredi/fredi.o
 .text.disableLED2
                0x00000000        0x4 src/apps/Fredi/fredi.o
 .text.disableLED3
                0x00000000        0x4 src/apps/Fredi/fredi.o
 .text.LEDTimerAction
                0x00000000       0x8c src/apps/Fredi/fredi.o
 .text.entprellen_druecken
                0x00000000       0x26 src/apps/Fredi/fredi.o
 .text.ProcessShiftedKeyInput
                0x00000000       0x32 src/apps/Fredi/fredi.o
 .text.processValue
                0x00000000       0x1e src/apps/Fredi/fredi.o
 .text.ProcessKeyInput
                0x00000000       0x64 src/apps/Fredi/fredi.o
 .text.testFalseSignalStreakIsSet
                0x00000000      0x1ac src/apps/Fredi/fredi.o
 .text.testFalseSignalStreakIsClear
                0x00000000      0x14a src/apps/Fredi/fredi.o
 .text.testKeySignal
                0x00000000       0x30 src/apps/Fredi/fredi.o
 .text.testSignalRatio
                0x00000000      0x24c src/apps/Fredi/fredi.o
 .text.sendLocoNetSpd
                0x00000000       0x18 src/apps/Fredi/fredi.o
 .text.sendLocoNetDirf
                0x00000000        0xe src/apps/Fredi/fredi.o
 .text.sendLocoNetSnd
                0x00000000        0xe src/apps/Fredi/fredi.o
 .text.sendLocoNetWriteSlotData
                0x00000000       0xaa src/apps/Fredi/fredi.o
 .text.sendLocoNetMove
                0x00000000       0x4a src/apps/Fredi/fredi.o
 .text.sendLocoNetFredAdc
                0x00000000       0x1a src/apps/Fredi/fredi.o
 .text.sendLocoNetFredButton
                0x00000000        0xe src/apps/Fredi/fredi.o
 .text.vCheckSelfTestEnd
                0x00000000       0x8a src/apps/Fredi/fredi.o
 .text.vProcessKey
                0x00000000      0x2b6 src/apps/Fredi/fredi.o
 .text.vProcessEncoder
                0x00000000       0xfa src/apps/Fredi/fredi.o
 .text.vProcessPoti
                0x00000000       0xd0 src/apps/Fredi/fredi.o
 .text.vCopySlotFromRxPacket
                0x00000000       0xd0 src/apps/Fredi/fredi.o
 .text.vSetUnconnected
                0x00000000       0x36 src/apps/Fredi/fredi.o
 .text.vProcessRxLoconetMessage
                0x00000000      0x244 src/apps/Fredi/fredi.o
 .data.bOldValue.2531
                0x00000000        0x2 src/apps/Fredi/fredi.o
 .bss.bLastCurrentkey.2436
                0x00000000        0x1 src/apps/Fredi/fredi.o
 .bss.wSelfTest
                0x00000000        0x2 src/apps/Fredi/fredi.o
 .bss.ratioCounter
                0x00000000        0x2 src/apps/Fredi/fredi.o
 .bss.wrongSignal
                0x00000000        0x4 src/apps/Fredi/fredi.o
 .bss.correctSignal
                0x00000000        0x4 src/apps/Fredi/fredi.o
 .data.highStreak
                0x00000000        0x4 src/apps/Fredi/fredi.o
 .bss.streak    0x00000000        0x4 src/apps/Fredi/fredi.o
 .bss.shiftTimeOut
                0x00000000        0x1 src/apps/Fredi/fredi.o
 .bss.shiftStatus
                0x00000000        0x1 src/apps/Fredi/fredi.o
 .bss.keyStatus
                0x00000000        0x1 src/apps/Fredi/fredi.o
 .bss.entprell  0x00000000        0x1 src/apps/Fredi/fredi.o
 .bss.old_value
                0x00000000        0x1 src/apps/Fredi/fredi.o
 .bss.value     0x00000000        0x1 src/apps/Fredi/fredi.o
 .rodata.abSpd  0x00000000       0x25 src/apps/Fredi/fredi.o
 .bss.bNewState
                0x00000000        0x1 src/apps/Fredi/fredi.o
 .group         0x00000000        0x8 src/apps/Fredi/fuses.o
 .text          0x00000000        0x0 src/apps/Fredi/fuses.o
 .data          0x00000000        0x0 src/apps/Fredi/fuses.o
 .bss           0x00000000        0x0 src/apps/Fredi/fuses.o
 lfuses         0x00000000        0x1 src/apps/Fredi/fuses.o
 hfuses         0x00000000        0x1 src/apps/Fredi/fuses.o
 .debug_info    0x00000000       0x4d src/apps/Fredi/fuses.o
 .debug_abbrev  0x00000000       0x2f src/apps/Fredi/fuses.o
 .debug_aranges
                0x00000000       0x18 src/apps/Fredi/fuses.o
 .debug_macro   0x00000000       0x83 src/apps/Fredi/fuses.o
 .debug_macro   0x00000000      0xa4e src/apps/Fredi/fuses.o
 .debug_line    0x00000000       0x37 src/apps/Fredi/fuses.o
 .debug_str     0x00000000     0x2c84 src/apps/Fredi/fuses.o
 .comment       0x00000000       0x31 src/apps/Fredi/fuses.o
 .group         0x00000000        0x8 src/apps/Fredi/potAdc.o
 .group         0x00000000        0x8 src/apps/Fredi/potAdc.o
 .group         0x00000000        0x8 src/apps/Fredi/potAdc.o
 .group         0x00000000        0x8 src/apps/Fredi/potAdc.o
 .group         0x00000000        0x8 src/apps/Fredi/potAdc.o
 .group         0x00000000        0x8 src/apps/Fredi/potAdc.o
 .group         0x00000000        0x8 src/apps/Fredi/potAdc.o
 .group         0x00000000        0x8 src/apps/Fredi/potAdc.o
 .group         0x00000000        0x8 src/apps/Fredi/potAdc.o
 .group         0x00000000        0x8 src/apps/Fredi/potAdc.o
 .group         0x00000000        0x8 src/apps/Fredi/potAdc.o
 .group         0x00000000        0x8 src/apps/Fredi/potAdc.o
 .group         0x00000000        0x8 src/apps/Fredi/potAdc.o
 .group         0x00000000        0x8 src/apps/Fredi/potAdc.o
 .group         0x00000000        0x8 src/apps/Fredi/potAdc.o
 .text          0x00000000        0x0 src/apps/Fredi/potAdc.o
 .data          0x00000000        0x0 src/apps/Fredi/potAdc.o
 .bss           0x00000000        0x0 src/apps/Fredi/potAdc.o
 .debug_macro   0x00000000      0xa4e src/apps/Fredi/potAdc.o
 .debug_macro   0x00000000      0x1c9 src/apps/Fredi/potAdc.o
 .debug_macro   0x00000000       0x10 src/apps/Fredi/potAdc.o
 .debug_macro   0x00000000      0x302 src/apps/Fredi/potAdc.o
 .debug_macro   0x00000000       0x9e src/apps/Fredi/potAdc.o
 .debug_macro   0x00000000      0xc0a src/apps/Fredi/potAdc.o
 .debug_macro   0x00000000      0x170 src/apps/Fredi/potAdc.o
 .debug_macro   0x00000000       0xbd src/apps/Fredi/potAdc.o
 .debug_macro   0x00000000       0x34 src/apps/Fredi/potAdc.o
 .debug_macro   0x00000000       0x18 src/apps/Fredi/potAdc.o
 .debug_macro   0x00000000       0x6c src/apps/Fredi/potAdc.o
 .debug_macro   0x00000000      0x397 src/apps/Fredi/potAdc.o
 .group         0x00000000        0x8 src/avr-base/ln_sw_uart.o
 .group         0x00000000        0x8 src/avr-base/ln_sw_uart.o
 .group         0x00000000        0x8 src/avr-base/ln_sw_uart.o
 .group         0x00000000        0x8 src/avr-base/ln_sw_uart.o
 .group         0x00000000        0x8 src/avr-base/ln_sw_uart.o
 .group         0x00000000        0x8 src/avr-base/ln_sw_uart.o
 .group         0x00000000        0x8 src/avr-base/ln_sw_uart.o
 .group         0x00000000        0x8 src/avr-base/ln_sw_uart.o
 .group         0x00000000        0x8 src/avr-base/ln_sw_uart.o
 .group         0x00000000        0x8 src/avr-base/ln_sw_uart.o
 .group         0x00000000        0x8 src/avr-base/ln_sw_uart.o
 .group         0x00000000        0x8 src/avr-base/ln_sw_uart.o
 .group         0x00000000        0x8 src/avr-base/ln_sw_uart.o
 .group         0x00000000        0x8 src/avr-base/ln_sw_uart.o
 .group         0x00000000        0x8 src/avr-base/ln_sw_uart.o
 .group         0x00000000        0x8 src/avr-base/ln_sw_uart.o
 .group         0x00000000        0x8 src/avr-base/ln_sw_uart.o
 .group         0x00000000        0x8 src/avr-base/ln_sw_uart.o
 .group         0x00000000        0x8 src/avr-base/ln_sw_uart.o
 .text          0x00000000        0x0 src/avr-base/ln_sw_uart.o
 .data          0x00000000        0x0 src/avr-base/ln_sw_uart.o
 .bss           0x00000000        0x0 src/avr-base/ln_sw_uart.o
 .debug_macro   0x00000000      0xa4e src/avr-base/ln_sw_uart.o
 .debug_macro   0x00000000       0x10 src/avr-base/ln_sw_uart.o
 .debug_macro   0x00000000      0x1c9 src/avr-base/ln_sw_uart.o
 .debug_macro   0x00000000       0x9e src/avr-base/ln_sw_uart.o
 .debug_macro   0x00000000      0xc0a src/avr-base/ln_sw_uart.o
 .debug_macro   0x00000000      0x170 src/avr-base/ln_sw_uart.o
 .debug_macro   0x00000000       0xbd src/avr-base/ln_sw_uart.o
 .debug_macro   0x00000000       0x34 src/avr-base/ln_sw_uart.o
 .debug_macro   0x00000000       0x18 src/avr-base/ln_sw_uart.o
 .debug_macro   0x00000000       0x6c src/avr-base/ln_sw_uart.o
 .debug_macro   0x00000000       0x69 src/avr-base/ln_sw_uart.o
 .debug_macro   0x00000000      0x397 src/avr-base/ln_sw_uart.o
 .debug_macro   0x00000000       0x46 src/avr-base/ln_sw_uart.o
 .debug_macro   0x00000000      0x344 src/avr-base/ln_sw_uart.o
 .debug_macro   0x00000000       0x2e src/avr-base/ln_sw_uart.o
 .group         0x00000000        0x8 src/avr-base/systimer.o
 .group         0x00000000        0x8 src/avr-base/systimer.o
 .group         0x00000000        0x8 src/avr-base/systimer.o
 .group         0x00000000        0x8 src/avr-base/systimer.o
 .group         0x00000000        0x8 src/avr-base/systimer.o
 .group         0x00000000        0x8 src/avr-base/systimer.o
 .group         0x00000000        0x8 src/avr-base/systimer.o
 .group         0x00000000        0x8 src/avr-base/systimer.o
 .group         0x00000000        0x8 src/avr-base/systimer.o
 .group         0x00000000        0x8 src/avr-base/systimer.o
 .group         0x00000000        0x8 src/avr-base/systimer.o
 .group         0x00000000        0x8 src/avr-base/systimer.o
 .group         0x00000000        0x8 src/avr-base/systimer.o
 .group         0x00000000        0x8 src/avr-base/systimer.o
 .group         0x00000000        0x8 src/avr-base/systimer.o
 .text          0x00000000        0x0 src/avr-base/systimer.o
 .data          0x00000000        0x0 src/avr-base/systimer.o
 .bss           0x00000000        0x0 src/avr-base/systimer.o
 .debug_macro   0x00000000      0xa4e src/avr-base/systimer.o
 .debug_macro   0x00000000       0x10 src/avr-base/systimer.o
 .debug_macro   0x00000000      0x1c9 src/avr-base/systimer.o
 .debug_macro   0x00000000      0x2fc src/avr-base/systimer.o
 .debug_macro   0x00000000       0x9e src/avr-base/systimer.o
 .debug_macro   0x00000000      0xc0a src/avr-base/systimer.o
 .debug_macro   0x00000000      0x170 src/avr-base/systimer.o
 .debug_macro   0x00000000       0xbd src/avr-base/systimer.o
 .debug_macro   0x00000000       0x34 src/avr-base/systimer.o
 .debug_macro   0x00000000       0x18 src/avr-base/systimer.o
 .debug_macro   0x00000000       0x6c src/avr-base/systimer.o
 .debug_macro   0x00000000       0x46 src/avr-base/systimer.o
 .debug_macro   0x00000000      0x397 src/avr-base/systimer.o
 .debug_macro   0x00000000       0x1c src/avr-base/systimer.o
 .group         0x00000000        0x8 src/loconet/ln_buf.o
 .group         0x00000000        0x8 src/loconet/ln_buf.o
 .group         0x00000000        0x8 src/loconet/ln_buf.o
 .group         0x00000000        0x8 src/loconet/ln_buf.o
 .group         0x00000000        0x8 src/loconet/ln_buf.o
 .group         0x00000000        0x8 src/loconet/ln_buf.o
 .group         0x00000000        0x8 src/loconet/ln_buf.o
 .group         0x00000000        0x8 src/loconet/ln_buf.o
 .group         0x00000000        0x8 src/loconet/ln_buf.o
 .group         0x00000000        0x8 src/loconet/ln_buf.o
 .group         0x00000000        0x8 src/loconet/ln_buf.o
 .group         0x00000000        0x8 src/loconet/ln_buf.o
 .group         0x00000000        0x8 src/loconet/ln_buf.o
 .group         0x00000000        0x8 src/loconet/ln_buf.o
 .group         0x00000000        0x8 src/loconet/ln_buf.o
 .group         0x00000000        0x8 src/loconet/ln_buf.o
 .group         0x00000000        0x8 src/loconet/ln_buf.o
 .text          0x00000000        0x0 src/loconet/ln_buf.o
 .data          0x00000000        0x0 src/loconet/ln_buf.o
 .bss           0x00000000        0x0 src/loconet/ln_buf.o
 .text.initLnBuf
                0x00000000        0xc src/loconet/ln_buf.o
 .text.recvLnMsg
                0x00000000      0x21e src/loconet/ln_buf.o
 .text.getLnBufStats
                0x00000000        0x6 src/loconet/ln_buf.o
 .debug_macro   0x00000000      0xa4e src/loconet/ln_buf.o
 .debug_macro   0x00000000       0x16 src/loconet/ln_buf.o
 .debug_macro   0x00000000       0x97 src/loconet/ln_buf.o
 .debug_macro   0x00000000       0x16 src/loconet/ln_buf.o
 .debug_macro   0x00000000       0x10 src/loconet/ln_buf.o
 .debug_macro   0x00000000      0x1c9 src/loconet/ln_buf.o
 .debug_macro   0x00000000      0x2fc src/loconet/ln_buf.o
 .debug_macro   0x00000000       0x9e src/loconet/ln_buf.o
 .debug_macro   0x00000000      0xc0a src/loconet/ln_buf.o
 .debug_macro   0x00000000      0x170 src/loconet/ln_buf.o
 .debug_macro   0x00000000       0xbd src/loconet/ln_buf.o
 .debug_macro   0x00000000       0x34 src/loconet/ln_buf.o
 .debug_macro   0x00000000       0x18 src/loconet/ln_buf.o
 .debug_macro   0x00000000       0x6c src/loconet/ln_buf.o
 .debug_macro   0x00000000       0x63 src/loconet/ln_buf.o
 .debug_macro   0x00000000       0x46 src/loconet/ln_buf.o
 .debug_macro   0x00000000      0x344 src/loconet/ln_buf.o
 .group         0x00000000        0x8 src/loconet/ln_interface.o
 .group         0x00000000        0x8 src/loconet/ln_interface.o
 .group         0x00000000        0x8 src/loconet/ln_interface.o
 .group         0x00000000        0x8 src/loconet/ln_interface.o
 .group         0x00000000        0x8 src/loconet/ln_interface.o
 .group         0x00000000        0x8 src/loconet/ln_interface.o
 .group         0x00000000        0x8 src/loconet/ln_interface.o
 .group         0x00000000        0x8 src/loconet/ln_interface.o
 .group         0x00000000        0x8 src/loconet/ln_interface.o
 .group         0x00000000        0x8 src/loconet/ln_interface.o
 .group         0x00000000        0x8 src/loconet/ln_interface.o
 .group         0x00000000        0x8 src/loconet/ln_interface.o
 .group         0x00000000        0x8 src/loconet/ln_interface.o
 .group         0x00000000        0x8 src/loconet/ln_interface.o
 .group         0x00000000        0x8 src/loconet/ln_interface.o
 .group         0x00000000        0x8 src/loconet/ln_interface.o
 .group         0x00000000        0x8 src/loconet/ln_interface.o
 .group         0x00000000        0x8 src/loconet/ln_interface.o
 .group         0x00000000        0x8 src/loconet/ln_interface.o
 .text          0x00000000        0x0 src/loconet/ln_interface.o
 .data          0x00000000        0x0 src/loconet/ln_interface.o
 .bss           0x00000000        0x0 src/loconet/ln_interface.o
 .text.recvLocoNetPacket
                0x00000000        0xe src/loconet/ln_interface.o
 .text.sendLocoNet4BytePacketTry
                0x00000000       0x36 src/loconet/ln_interface.o
 .debug_macro   0x00000000      0xa4e src/loconet/ln_interface.o
 .debug_macro   0x00000000       0x10 src/loconet/ln_interface.o
 .debug_macro   0x00000000      0x1c9 src/loconet/ln_interface.o
 .debug_macro   0x00000000      0x2fc src/loconet/ln_interface.o
 .debug_macro   0x00000000       0x9e src/loconet/ln_interface.o
 .debug_macro   0x00000000      0xc0a src/loconet/ln_interface.o
 .debug_macro   0x00000000      0x170 src/loconet/ln_interface.o
 .debug_macro   0x00000000       0xbd src/loconet/ln_interface.o
 .debug_macro   0x00000000       0x34 src/loconet/ln_interface.o
 .debug_macro   0x00000000       0x18 src/loconet/ln_interface.o
 .debug_macro   0x00000000       0x6c src/loconet/ln_interface.o
 .debug_macro   0x00000000       0x69 src/loconet/ln_interface.o
 .debug_macro   0x00000000       0x16 src/loconet/ln_interface.o
 .debug_macro   0x00000000       0x97 src/loconet/ln_interface.o
 .debug_macro   0x00000000       0x16 src/loconet/ln_interface.o
 .debug_macro   0x00000000      0x397 src/loconet/ln_interface.o
 .debug_macro   0x00000000       0x46 src/loconet/ln_interface.o
 .debug_macro   0x00000000      0x344 src/loconet/ln_interface.o
 .debug_macro   0x00000000       0x2e src/loconet/ln_interface.o
 .group         0x00000000        0x8 src/loconet/utils.o
 .group         0x00000000        0x8 src/loconet/utils.o
 .group         0x00000000        0x8 src/loconet/utils.o
 .group         0x00000000        0x8 src/loconet/utils.o
 .text          0x00000000        0x0 src/loconet/utils.o
 .data          0x00000000        0x0 src/loconet/utils.o
 .bss           0x00000000        0x0 src/loconet/utils.o
 .text.decodePeerData
                0x00000000       0x62 src/loconet/utils.o
 .text.encodePeerData
                0x00000000       0x66 src/loconet/utils.o
 .debug_info    0x00000000      0x272 src/loconet/utils.o
 .debug_abbrev  0x00000000       0xde src/loconet/utils.o
 .debug_loc     0x00000000      0x2ce src/loconet/utils.o
 .debug_aranges
                0x00000000       0x28 src/loconet/utils.o
 .debug_ranges  0x00000000       0x18 src/loconet/utils.o
 .debug_macro   0x00000000       0x40 src/loconet/utils.o
 .debug_macro   0x00000000      0xa4e src/loconet/utils.o
 .debug_macro   0x00000000       0x46 src/loconet/utils.o
 .debug_macro   0x00000000      0x1c9 src/loconet/utils.o
 .debug_macro   0x00000000      0x33e src/loconet/utils.o
 .debug_line    0x00000000      0x208 src/loconet/utils.o
 .debug_str     0x00000000     0x4215 src/loconet/utils.o
 .comment       0x00000000       0x31 src/loconet/utils.o
 .debug_frame   0x00000000       0x74 src/loconet/utils.o
 .group         0x00000000        0x8 src/ASF/mega/boards/stk600/rcx_x/init.o
 .group         0x00000000        0x8 src/ASF/mega/boards/stk600/rcx_x/init.o
 .group         0x00000000        0x8 src/ASF/mega/boards/stk600/rcx_x/init.o
 .group         0x00000000        0x8 src/ASF/mega/boards/stk600/rcx_x/init.o
 .group         0x00000000        0x8 src/ASF/mega/boards/stk600/rcx_x/init.o
 .group         0x00000000        0x8 src/ASF/mega/boards/stk600/rcx_x/init.o
 .group         0x00000000        0x8 src/ASF/mega/boards/stk600/rcx_x/init.o
 .group         0x00000000        0x8 src/ASF/mega/boards/stk600/rcx_x/init.o
 .group         0x00000000        0x8 src/ASF/mega/boards/stk600/rcx_x/init.o
 .group         0x00000000        0x8 src/ASF/mega/boards/stk600/rcx_x/init.o
 .group         0x00000000        0x8 src/ASF/mega/boards/stk600/rcx_x/init.o
 .group         0x00000000        0x8 src/ASF/mega/boards/stk600/rcx_x/init.o
 .group         0x00000000        0x8 src/ASF/mega/boards/stk600/rcx_x/init.o
 .group         0x00000000        0x8 src/ASF/mega/boards/stk600/rcx_x/init.o
 .group         0x00000000        0x8 src/ASF/mega/boards/stk600/rcx_x/init.o
 .group         0x00000000        0x8 src/ASF/mega/boards/stk600/rcx_x/init.o
 .group         0x00000000        0x8 src/ASF/mega/boards/stk600/rcx_x/init.o
 .group         0x00000000        0x8 src/ASF/mega/boards/stk600/rcx_x/init.o
 .group         0x00000000        0x8 src/ASF/mega/boards/stk600/rcx_x/init.o
 .group         0x00000000        0x8 src/ASF/mega/boards/stk600/rcx_x/init.o
 .group         0x00000000        0x8 src/ASF/mega/boards/stk600/rcx_x/init.o
 .group         0x00000000        0x8 src/ASF/mega/boards/stk600/rcx_x/init.o
 .group         0x00000000        0x8 src/ASF/mega/boards/stk600/rcx_x/init.o
 .group         0x00000000        0x8 src/ASF/mega/boards/stk600/rcx_x/init.o
 .group         0x00000000        0x8 src/ASF/mega/boards/stk600/rcx_x/init.o
 .text          0x00000000        0x0 src/ASF/mega/boards/stk600/rcx_x/init.o
 .data          0x00000000        0x0 src/ASF/mega/boards/stk600/rcx_x/init.o
 .bss           0x00000000        0x0 src/ASF/mega/boards/stk600/rcx_x/init.o
 .text.board_init
                0x00000000        0x2 src/ASF/mega/boards/stk600/rcx_x/init.o
 .debug_info    0x00000000       0x7c src/ASF/mega/boards/stk600/rcx_x/init.o
 .debug_abbrev  0x00000000       0x47 src/ASF/mega/boards/stk600/rcx_x/init.o
 .debug_aranges
                0x00000000       0x20 src/ASF/mega/boards/stk600/rcx_x/init.o
 .debug_ranges  0x00000000       0x10 src/ASF/mega/boards/stk600/rcx_x/init.o
 .debug_macro   0x00000000      0x134 src/ASF/mega/boards/stk600/rcx_x/init.o
 .debug_macro   0x00000000      0xa4e src/ASF/mega/boards/stk600/rcx_x/init.o
 .debug_macro   0x00000000       0x10 src/ASF/mega/boards/stk600/rcx_x/init.o
 .debug_macro   0x00000000      0x1c9 src/ASF/mega/boards/stk600/rcx_x/init.o
 .debug_macro   0x00000000      0x2fc src/ASF/mega/boards/stk600/rcx_x/init.o
 .debug_macro   0x00000000       0x9e src/ASF/mega/boards/stk600/rcx_x/init.o
 .debug_macro   0x00000000      0xc0a src/ASF/mega/boards/stk600/rcx_x/init.o
 .debug_macro   0x00000000      0x170 src/ASF/mega/boards/stk600/rcx_x/init.o
 .debug_macro   0x00000000       0xbd src/ASF/mega/boards/stk600/rcx_x/init.o
 .debug_macro   0x00000000       0x34 src/ASF/mega/boards/stk600/rcx_x/init.o
 .debug_macro   0x00000000       0x18 src/ASF/mega/boards/stk600/rcx_x/init.o
 .debug_macro   0x00000000       0x6c src/ASF/mega/boards/stk600/rcx_x/init.o
 .debug_macro   0x00000000       0x22 src/ASF/mega/boards/stk600/rcx_x/init.o
 .debug_macro   0x00000000      0x16d src/ASF/mega/boards/stk600/rcx_x/init.o
 .debug_macro   0x00000000       0x1c src/ASF/mega/boards/stk600/rcx_x/init.o
 .debug_macro   0x00000000       0x35 src/ASF/mega/boards/stk600/rcx_x/init.o
 .debug_macro   0x00000000       0x66 src/ASF/mega/boards/stk600/rcx_x/init.o
 .debug_macro   0x00000000      0x64b src/ASF/mega/boards/stk600/rcx_x/init.o
 .debug_macro   0x00000000       0x44 src/ASF/mega/boards/stk600/rcx_x/init.o
 .debug_macro   0x00000000       0x69 src/ASF/mega/boards/stk600/rcx_x/init.o
 .debug_macro   0x00000000       0x2c src/ASF/mega/boards/stk600/rcx_x/init.o
 .debug_macro   0x00000000       0x10 src/ASF/mega/boards/stk600/rcx_x/init.o
 .debug_macro   0x00000000       0xe2 src/ASF/mega/boards/stk600/rcx_x/init.o
 .debug_macro   0x00000000       0x40 src/ASF/mega/boards/stk600/rcx_x/init.o
 .debug_macro   0x00000000      0x100 src/ASF/mega/boards/stk600/rcx_x/init.o
 .debug_macro   0x00000000      0x2c0 src/ASF/mega/boards/stk600/rcx_x/init.o
 .debug_line    0x00000000      0x346 src/ASF/mega/boards/stk600/rcx_x/init.o
 .debug_str     0x00000000     0xe6dd src/ASF/mega/boards/stk600/rcx_x/init.o
 .comment       0x00000000       0x31 src/ASF/mega/boards/stk600/rcx_x/init.o
 .debug_frame   0x00000000       0x24 src/ASF/mega/boards/stk600/rcx_x/init.o
 .text          0x00000000        0x0 e:/uni/programme/atmel studio/7.0/toolchain/avr8/avr8-gnu-toolchain/bin/../lib/gcc/avr/5.4.0/avr5\libgcc.a(_exit.o)
 .data          0x00000000        0x0 e:/uni/programme/atmel studio/7.0/toolchain/avr8/avr8-gnu-toolchain/bin/../lib/gcc/avr/5.4.0/avr5\libgcc.a(_exit.o)
 .bss           0x00000000        0x0 e:/uni/programme/atmel studio/7.0/toolchain/avr8/avr8-gnu-toolchain/bin/../lib/gcc/avr/5.4.0/avr5\libgcc.a(_exit.o)
 .text.libgcc.mul
                0x00000000        0x0 e:/uni/programme/atmel studio/7.0/toolchain/avr8/avr8-gnu-toolchain/bin/../lib/gcc/avr/5.4.0/avr5\libgcc.a(_exit.o)
 .text.libgcc.div
                0x00000000        0x0 e:/uni/programme/atmel studio/7.0/toolchain/avr8/avr8-gnu-toolchain/bin/../lib/gcc/avr/5.4.0/avr5\libgcc.a(_exit.o)
 .text.libgcc   0x00000000        0x0 e:/uni/programme/atmel studio/7.0/toolchain/avr8/avr8-gnu-toolchain/bin/../lib/gcc/avr/5.4.0/avr5\libgcc.a(_exit.o)
 .text.libgcc.prologue
                0x00000000        0x0 e:/uni/programme/atmel studio/7.0/toolchain/avr8/avr8-gnu-toolchain/bin/../lib/gcc/avr/5.4.0/avr5\libgcc.a(_exit.o)
 .text.libgcc.builtins
                0x00000000        0x0 e:/uni/programme/atmel studio/7.0/toolchain/avr8/avr8-gnu-toolchain/bin/../lib/gcc/avr/5.4.0/avr5\libgcc.a(_exit.o)
 .text.libgcc.fmul
                0x00000000        0x0 e:/uni/programme/atmel studio/7.0/toolchain/avr8/avr8-gnu-toolchain/bin/../lib/gcc/avr/5.4.0/avr5\libgcc.a(_exit.o)
 .text.libgcc.fixed
                0x00000000        0x0 e:/uni/programme/atmel studio/7.0/toolchain/avr8/avr8-gnu-toolchain/bin/../lib/gcc/avr/5.4.0/avr5\libgcc.a(_exit.o)
 .text          0x00000000        0x0 e:/uni/programme/atmel studio/7.0/toolchain/avr8/avr8-gnu-toolchain/bin/../lib/gcc/avr/5.4.0/avr5\libgcc.a(_tablejump2.o)
 .data          0x00000000        0x0 e:/uni/programme/atmel studio/7.0/toolchain/avr8/avr8-gnu-toolchain/bin/../lib/gcc/avr/5.4.0/avr5\libgcc.a(_tablejump2.o)
 .bss           0x00000000        0x0 e:/uni/programme/atmel studio/7.0/toolchain/avr8/avr8-gnu-toolchain/bin/../lib/gcc/avr/5.4.0/avr5\libgcc.a(_tablejump2.o)
 .text.libgcc.mul
                0x00000000        0x0 e:/uni/programme/atmel studio/7.0/toolchain/avr8/avr8-gnu-toolchain/bin/../lib/gcc/avr/5.4.0/avr5\libgcc.a(_tablejump2.o)
 .text.libgcc.div
                0x00000000        0x0 e:/uni/programme/atmel studio/7.0/toolchain/avr8/avr8-gnu-toolchain/bin/../lib/gcc/avr/5.4.0/avr5\libgcc.a(_tablejump2.o)
 .text.libgcc.prologue
                0x00000000        0x0 e:/uni/programme/atmel studio/7.0/toolchain/avr8/avr8-gnu-toolchain/bin/../lib/gcc/avr/5.4.0/avr5\libgcc.a(_tablejump2.o)
 .text.libgcc.builtins
                0x00000000        0x0 e:/uni/programme/atmel studio/7.0/toolchain/avr8/avr8-gnu-toolchain/bin/../lib/gcc/avr/5.4.0/avr5\libgcc.a(_tablejump2.o)
 .text.libgcc.fmul
                0x00000000        0x0 e:/uni/programme/atmel studio/7.0/toolchain/avr8/avr8-gnu-toolchain/bin/../lib/gcc/avr/5.4.0/avr5\libgcc.a(_tablejump2.o)
 .text.libgcc.fixed
                0x00000000        0x0 e:/uni/programme/atmel studio/7.0/toolchain/avr8/avr8-gnu-toolchain/bin/../lib/gcc/avr/5.4.0/avr5\libgcc.a(_tablejump2.o)
 .text          0x00000000        0x0 e:/uni/programme/atmel studio/7.0/toolchain/avr8/avr8-gnu-toolchain/bin/../lib/gcc/avr/5.4.0/avr5\libgcc.a(_copy_data.o)
 .data          0x00000000        0x0 e:/uni/programme/atmel studio/7.0/toolchain/avr8/avr8-gnu-toolchain/bin/../lib/gcc/avr/5.4.0/avr5\libgcc.a(_copy_data.o)
 .bss           0x00000000        0x0 e:/uni/programme/atmel studio/7.0/toolchain/avr8/avr8-gnu-toolchain/bin/../lib/gcc/avr/5.4.0/avr5\libgcc.a(_copy_data.o)
 .text.libgcc.mul
                0x00000000        0x0 e:/uni/programme/atmel studio/7.0/toolchain/avr8/avr8-gnu-toolchain/bin/../lib/gcc/avr/5.4.0/avr5\libgcc.a(_copy_data.o)
 .text.libgcc.div
                0x00000000        0x0 e:/uni/programme/atmel studio/7.0/toolchain/avr8/avr8-gnu-toolchain/bin/../lib/gcc/avr/5.4.0/avr5\libgcc.a(_copy_data.o)
 .text.libgcc   0x00000000        0x0 e:/uni/programme/atmel studio/7.0/toolchain/avr8/avr8-gnu-toolchain/bin/../lib/gcc/avr/5.4.0/avr5\libgcc.a(_copy_data.o)
 .text.libgcc.prologue
                0x00000000        0x0 e:/uni/programme/atmel studio/7.0/toolchain/avr8/avr8-gnu-toolchain/bin/../lib/gcc/avr/5.4.0/avr5\libgcc.a(_copy_data.o)
 .text.libgcc.builtins
                0x00000000        0x0 e:/uni/programme/atmel studio/7.0/toolchain/avr8/avr8-gnu-toolchain/bin/../lib/gcc/avr/5.4.0/avr5\libgcc.a(_copy_data.o)
 .text.libgcc.fmul
                0x00000000        0x0 e:/uni/programme/atmel studio/7.0/toolchain/avr8/avr8-gnu-toolchain/bin/../lib/gcc/avr/5.4.0/avr5\libgcc.a(_copy_data.o)
 .text.libgcc.fixed
                0x00000000        0x0 e:/uni/programme/atmel studio/7.0/toolchain/avr8/avr8-gnu-toolchain/bin/../lib/gcc/avr/5.4.0/avr5\libgcc.a(_copy_data.o)
 .text          0x00000000        0x0 e:/uni/programme/atmel studio/7.0/toolchain/avr8/avr8-gnu-toolchain/bin/../lib/gcc/avr/5.4.0/avr5\libgcc.a(_clear_bss.o)
 .data          0x00000000        0x0 e:/uni/programme/atmel studio/7.0/toolchain/avr8/avr8-gnu-toolchain/bin/../lib/gcc/avr/5.4.0/avr5\libgcc.a(_clear_bss.o)
 .bss           0x00000000        0x0 e:/uni/programme/atmel studio/7.0/toolchain/avr8/avr8-gnu-toolchain/bin/../lib/gcc/avr/5.4.0/avr5\libgcc.a(_clear_bss.o)
 .text.libgcc.mul
                0x00000000        0x0 e:/uni/programme/atmel studio/7.0/toolchain/avr8/avr8-gnu-toolchain/bin/../lib/gcc/avr/5.4.0/avr5\libgcc.a(_clear_bss.o)
 .text.libgcc.div
                0x00000000        0x0 e:/uni/programme/atmel studio/7.0/toolchain/avr8/avr8-gnu-toolchain/bin/../lib/gcc/avr/5.4.0/avr5\libgcc.a(_clear_bss.o)
 .text.libgcc   0x00000000        0x0 e:/uni/programme/atmel studio/7.0/toolchain/avr8/avr8-gnu-toolchain/bin/../lib/gcc/avr/5.4.0/avr5\libgcc.a(_clear_bss.o)
 .text.libgcc.prologue
                0x00000000        0x0 e:/uni/programme/atmel studio/7.0/toolchain/avr8/avr8-gnu-toolchain/bin/../lib/gcc/avr/5.4.0/avr5\libgcc.a(_clear_bss.o)
 .text.libgcc.builtins
                0x00000000        0x0 e:/uni/programme/atmel studio/7.0/toolchain/avr8/avr8-gnu-toolchain/bin/../lib/gcc/avr/5.4.0/avr5\libgcc.a(_clear_bss.o)
 .text.libgcc.fmul
                0x00000000        0x0 e:/uni/programme/atmel studio/7.0/toolchain/avr8/avr8-gnu-toolchain/bin/../lib/gcc/avr/5.4.0/avr5\libgcc.a(_clear_bss.o)
 .text.libgcc.fixed
                0x00000000        0x0 e:/uni/programme/atmel studio/7.0/toolchain/avr8/avr8-gnu-toolchain/bin/../lib/gcc/avr/5.4.0/avr5\libgcc.a(_clear_bss.o)
 .text          0x00000000        0x0 e:/uni/programme/atmel studio/7.0/toolchain/avr8/avr8-gnu-toolchain/bin/../lib/gcc/avr/5.4.0/../../../../avr/lib/avr5\libc.a(memcpy.o)
 .data          0x00000000        0x0 e:/uni/programme/atmel studio/7.0/toolchain/avr8/avr8-gnu-toolchain/bin/../lib/gcc/avr/5.4.0/../../../../avr/lib/avr5\libc.a(memcpy.o)
 .bss           0x00000000        0x0 e:/uni/programme/atmel studio/7.0/toolchain/avr8/avr8-gnu-toolchain/bin/../lib/gcc/avr/5.4.0/../../../../avr/lib/avr5\libc.a(memcpy.o)
 .text.avr-libc
                0x00000000       0x12 e:/uni/programme/atmel studio/7.0/toolchain/avr8/avr8-gnu-toolchain/bin/../lib/gcc/avr/5.4.0/../../../../avr/lib/avr5\libc.a(memcpy.o)
 .text          0x00000000        0x0 E:/Uni/Programme/Atmel Studio/7.0/Packs/atmel/ATmega_DFP/1.2.132/gcc/dev/atmega16/avr5\libatmega16.a(eerd_byte.o)
 .data          0x00000000        0x0 E:/Uni/Programme/Atmel Studio/7.0/Packs/atmel/ATmega_DFP/1.2.132/gcc/dev/atmega16/avr5\libatmega16.a(eerd_byte.o)
 .bss           0x00000000        0x0 E:/Uni/Programme/Atmel Studio/7.0/Packs/atmel/ATmega_DFP/1.2.132/gcc/dev/atmega16/avr5\libatmega16.a(eerd_byte.o)
 .text          0x00000000        0x0 E:/Uni/Programme/Atmel Studio/7.0/Packs/atmel/ATmega_DFP/1.2.132/gcc/dev/atmega16/avr5\libatmega16.a(eewr_byte.o)
 .data          0x00000000        0x0 E:/Uni/Programme/Atmel Studio/7.0/Packs/atmel/ATmega_DFP/1.2.132/gcc/dev/atmega16/avr5\libatmega16.a(eewr_byte.o)
 .bss           0x00000000        0x0 E:/Uni/Programme/Atmel Studio/7.0/Packs/atmel/ATmega_DFP/1.2.132/gcc/dev/atmega16/avr5\libatmega16.a(eewr_byte.o)

Memory Configuration

Name             Origin             Length             Attributes
text             0x00000000         0x00020000         xr
data             0x00800060         0x0000ffa0         rw !x
eeprom           0x00810000         0x00010000         rw !x
fuse             0x00820000         0x00000002         rw !x
lock             0x00830000         0x00000400         rw !x
signature        0x00840000         0x00000400         rw !x
user_signatures  0x00850000         0x00000400         rw !x
*default*        0x00000000         0xffffffff

Linker script and memory map

LOAD E:/Uni/Programme/Atmel Studio/7.0/Packs/atmel/ATmega_DFP/1.2.132/gcc/dev/atmega16/avr5/crtatmega16.o
LOAD src/apps/Fredi/fredi.o
LOAD src/apps/Fredi/fuses.o
LOAD src/apps/Fredi/potAdc.o
LOAD src/avr-base/ln_sw_uart.o
LOAD src/avr-base/systimer.o
LOAD src/loconet/ln_buf.o
LOAD src/loconet/ln_interface.o
LOAD src/loconet/utils.o
LOAD src/ASF/mega/boards/stk600/rcx_x/init.o
START GROUP
LOAD e:/uni/programme/atmel studio/7.0/toolchain/avr8/avr8-gnu-toolchain/bin/../lib/gcc/avr/5.4.0/../../../../avr/lib/avr5\libm.a
END GROUP
START GROUP
LOAD e:/uni/programme/atmel studio/7.0/toolchain/avr8/avr8-gnu-toolchain/bin/../lib/gcc/avr/5.4.0/avr5\libgcc.a
LOAD e:/uni/programme/atmel studio/7.0/toolchain/avr8/avr8-gnu-toolchain/bin/../lib/gcc/avr/5.4.0/../../../../avr/lib/avr5\libm.a
LOAD e:/uni/programme/atmel studio/7.0/toolchain/avr8/avr8-gnu-toolchain/bin/../lib/gcc/avr/5.4.0/../../../../avr/lib/avr5\libc.a
LOAD E:/Uni/Programme/Atmel Studio/7.0/Packs/atmel/ATmega_DFP/1.2.132/gcc/dev/atmega16/avr5\libatmega16.a
END GROUP
                0x00020000                __TEXT_REGION_LENGTH__ = DEFINED (__TEXT_REGION_LENGTH__)?__TEXT_REGION_LENGTH__:0x20000
                0x0000ffa0                __DATA_REGION_LENGTH__ = DEFINED (__DATA_REGION_LENGTH__)?__DATA_REGION_LENGTH__:0xffa0
                0x00010000                __EEPROM_REGION_LENGTH__ = DEFINED (__EEPROM_REGION_LENGTH__)?__EEPROM_REGION_LENGTH__:0x10000
                [0x00000002]                __FUSE_REGION_LENGTH__ = DEFINED (__FUSE_REGION_LENGTH__)?__FUSE_REGION_LENGTH__:0x400
                0x00000400                __LOCK_REGION_LENGTH__ = DEFINED (__LOCK_REGION_LENGTH__)?__LOCK_REGION_LENGTH__:0x400
                0x00000400                __SIGNATURE_REGION_LENGTH__ = DEFINED (__SIGNATURE_REGION_LENGTH__)?__SIGNATURE_REGION_LENGTH__:0x400
                0x00000400                __USER_SIGNATURE_REGION_LENGTH__ = DEFINED (__USER_SIGNATURE_REGION_LENGTH__)?__USER_SIGNATURE_REGION_LENGTH__:0x400

.hash
 *(.hash)

.dynsym
 *(.dynsym)

.dynstr
 *(.dynstr)

.gnu.version
 *(.gnu.version)

.gnu.version_d
 *(.gnu.version_d)

.gnu.version_r
 *(.gnu.version_r)

.rel.init
 *(.rel.init)

.rela.init
 *(.rela.init)

.rel.text
 *(.rel.text)
 *(.rel.text.*)
 *(.rel.gnu.linkonce.t*)

.rela.text
 *(.rela.text)
 *(.rela.text.*)
 *(.rela.gnu.linkonce.t*)

.rel.fini
 *(.rel.fini)

.rela.fini
 *(.rela.fini)

.rel.rodata
 *(.rel.rodata)
 *(.rel.rodata.*)
 *(.rel.gnu.linkonce.r*)

.rela.rodata
 *(.rela.rodata)
 *(.rela.rodata.*)
 *(.rela.gnu.linkonce.r*)

.rel.data
 *(.rel.data)
 *(.rel.data.*)
 *(.rel.gnu.linkonce.d*)

.rela.data
 *(.rela.data)
 *(.rela.data.*)
 *(.rela.gnu.linkonce.d*)

.rel.ctors
 *(.rel.ctors)

.rela.ctors
 *(.rela.ctors)

.rel.dtors
 *(.rel.dtors)

.rela.dtors
 *(.rela.dtors)

.rel.got
 *(.rel.got)

.rela.got
 *(.rela.got)

.rel.bss
 *(.rel.bss)

.rela.bss
 *(.rela.bss)

.rel.plt
 *(.rel.plt)

.rela.plt
 *(.rela.plt)

.text           0x00000000      0xf22
 *(.vectors)
 .vectors       0x00000000       0x54 E:/Uni/Programme/Atmel Studio/7.0/Packs/atmel/ATmega_DFP/1.2.132/gcc/dev/atmega16/avr5/crtatmega16.o
                0x00000000                __vector_default
                0x00000000                __vectors
 *(.vectors)
 *(.progmem.gcc*)
 .progmem.gcc_sw_table.vSetState
                0x00000054       0xcc src/apps/Fredi/fredi.o
 .progmem.gcc_sw_table.MessageTimerAction
                0x00000120       0x3c src/apps/Fredi/fredi.o
                0x0000015c                . = ALIGN (0x2)
                0x0000015c                __trampolines_start = .
 *(.trampolines)
 .trampolines   0x0000015c        0x0 linker stubs
 *(.trampolines*)
                0x0000015c                __trampolines_end = .
 *libprintf_flt.a:*(.progmem.data)
 *libc.a:*(.progmem.data)
 *(.progmem*)
                0x0000015c                . = ALIGN (0x2)
 *(.jumptables)
 *(.jumptables*)
 *(.lowtext)
 *(.lowtext*)
                0x0000015c                __ctors_start = .
 *(.ctors)
                0x0000015c                __ctors_end = .
                0x0000015c                __dtors_start = .
 *(.dtors)
                0x0000015c                __dtors_end = .
 SORT(*)(.ctors)
 SORT(*)(.dtors)
 *(.init0)
 .init0         0x0000015c        0x0 E:/Uni/Programme/Atmel Studio/7.0/Packs/atmel/ATmega_DFP/1.2.132/gcc/dev/atmega16/avr5/crtatmega16.o
                0x0000015c                __init
 *(.init0)
 *(.init1)
 *(.init1)
 *(.init2)
 .init2         0x0000015c        0xc E:/Uni/Programme/Atmel Studio/7.0/Packs/atmel/ATmega_DFP/1.2.132/gcc/dev/atmega16/avr5/crtatmega16.o
 *(.init2)
 *(.init3)
 *(.init3)
 *(.init4)
 .init4         0x00000168       0x16 e:/uni/programme/atmel studio/7.0/toolchain/avr8/avr8-gnu-toolchain/bin/../lib/gcc/avr/5.4.0/avr5\libgcc.a(_copy_data.o)
                0x00000168                __do_copy_data
 .init4         0x0000017e       0x10 e:/uni/programme/atmel studio/7.0/toolchain/avr8/avr8-gnu-toolchain/bin/../lib/gcc/avr/5.4.0/avr5\libgcc.a(_clear_bss.o)
                0x0000017e                __do_clear_bss
 *(.init4)
 *(.init5)
 *(.init5)
 *(.init6)
 *(.init6)
 *(.init7)
 *(.init7)
 *(.init8)
 *(.init8)
 *(.init9)
 .init9         0x0000018e        0x4 E:/Uni/Programme/Atmel Studio/7.0/Packs/atmel/ATmega_DFP/1.2.132/gcc/dev/atmega16/avr5/crtatmega16.o
 *(.init9)
 *(.text)
 .text          0x00000192        0x2 E:/Uni/Programme/Atmel Studio/7.0/Packs/atmel/ATmega_DFP/1.2.132/gcc/dev/atmega16/avr5/crtatmega16.o
                0x00000192                __vector_1
                0x00000192                __vector_12
                0x00000192                __bad_interrupt
                0x00000192                __vector_3
                0x00000192                __vector_11
                0x00000192                __vector_13
                0x00000192                __vector_17
                0x00000192                __vector_19
                0x00000192                __vector_7
                0x00000192                __vector_4
                0x00000192                __vector_15
                0x00000192                __vector_8
                0x00000192                __vector_14
                0x00000192                __vector_10
                0x00000192                __vector_16
                0x00000192                __vector_18
                0x00000192                __vector_20
                0x00000194                . = ALIGN (0x2)
 *(.text.*)
 .text.IncrementTimerAction
                0x00000194       0x22 src/apps/Fredi/fredi.o
                0x00000194                IncrementTimerAction
 .text.ReleaseStopTimerAction
                0x000001b6        0x8 src/apps/Fredi/fredi.o
                0x000001b6                ReleaseStopTimerAction
 .text.KeyTimerAction
                0x000001be       0xb0 src/apps/Fredi/fredi.o
                0x000001be                KeyTimerAction
 .text.setLEDasOutput
                0x0000026e        0xa src/apps/Fredi/fredi.o
                0x0000026e                setLEDasOutput
 .text.enableLED1
                0x00000278        0x4 src/apps/Fredi/fredi.o
                0x00000278                enableLED1
 .text.disableLED1
                0x0000027c        0x4 src/apps/Fredi/fredi.o
                0x0000027c                disableLED1
 .text.disableLED4
                0x00000280        0x4 src/apps/Fredi/fredi.o
                0x00000280                disableLED4
 .text.initKeys
                0x00000284       0xbe src/apps/Fredi/fredi.o
                0x00000284                initKeys
 .text.__vector_2
                0x00000342       0x5a src/apps/Fredi/fredi.o
                0x00000342                __vector_2
 .text.vSetState
                0x0000039c       0x7c src/apps/Fredi/fredi.o
                0x0000039c                vSetState
 .text.MessageTimerAction
                0x00000418       0xee src/apps/Fredi/fredi.o
                0x00000418                MessageTimerAction
 .text.initSlots
                0x00000506       0xb6 src/apps/Fredi/fredi.o
                0x00000506                initSlots
 .text._delay_1500ms
                0x000005bc       0x16 src/apps/Fredi/fredi.o
                0x000005bc                _delay_1500ms
 .text.sendLocoNetAdr
                0x000005d2       0x22 src/apps/Fredi/fredi.o
                0x000005d2                sendLocoNetAdr
 .text.sendLocoNetFredCd
                0x000005f4        0xc src/apps/Fredi/fredi.o
                0x000005f4                sendLocoNetFredCd
 .text.main     0x00000600      0x1b0 src/apps/Fredi/fredi.o
                0x00000600                main
 .text.potAdcPowerOff
                0x000007b0        0x4 src/apps/Fredi/potAdc.o
                0x000007b0                potAdcPowerOff
 .text.potAdcInit
                0x000007b4       0x16 src/apps/Fredi/potAdc.o
                0x000007b4                potAdcInit
 .text.potAdcTimerAction
                0x000007ca       0x92 src/apps/Fredi/potAdc.o
                0x000007ca                potAdcTimerAction
 .text.__vector_5
                0x0000085c       0x54 src/avr-base/ln_sw_uart.o
                0x0000085c                __vector_5
 .text.__vector_6
                0x000008b0      0x274 src/avr-base/ln_sw_uart.o
                0x000008b0                __vector_6
 .text.initLocoNetHardware
                0x00000b24       0x2a src/avr-base/ln_sw_uart.o
                0x00000b24                initLocoNetHardware
 .text.sendLocoNetPacketTry
                0x00000b4e      0x13c src/avr-base/ln_sw_uart.o
                0x00000b4e                sendLocoNetPacketTry
 .text.__vector_9
                0x00000c8a       0x66 src/avr-base/systimer.o
                0x00000c8a                __vector_9
 .text.initTimer
                0x00000cf0       0x1a src/avr-base/systimer.o
                0x00000cf0                initTimer
 .text.addTimerAction
                0x00000d0a       0x46 src/avr-base/systimer.o
                0x00000d0a                addTimerAction
 .text.resetTimerAction
                0x00000d50        0x6 src/avr-base/systimer.o
                0x00000d50                resetTimerAction
 .text.delayTimer
                0x00000d56       0x16 src/avr-base/systimer.o
                0x00000d56                delayTimer
 .text.processTimerActions
                0x00000d6c       0xb0 src/avr-base/systimer.o
                0x00000d6c                processTimerActions
 .text.getLnMsgSize
                0x00000e1c       0x1a src/loconet/ln_buf.o
                0x00000e1c                getLnMsgSize
 .text.initLocoNet
                0x00000e36        0xc src/loconet/ln_interface.o
                0x00000e36                initLocoNet
 .text.sendLocoNetPacket
                0x00000e42       0x74 src/loconet/ln_interface.o
                0x00000e42                sendLocoNetPacket
 .text.sendLocoNet4BytePacket
                0x00000eb6       0x32 src/loconet/ln_interface.o
                0x00000eb6                sendLocoNet4BytePacket
 .text.libgcc   0x00000ee8        0xc e:/uni/programme/atmel studio/7.0/toolchain/avr8/avr8-gnu-toolchain/bin/../lib/gcc/avr/5.4.0/avr5\libgcc.a(_tablejump2.o)
                0x00000ee8                __tablejump2__
 .text.avr-libc
                0x00000ef4       0x10 E:/Uni/Programme/Atmel Studio/7.0/Packs/atmel/ATmega_DFP/1.2.132/gcc/dev/atmega16/avr5\libatmega16.a(eerd_byte.o)
                0x00000ef4                eeprom_read_byte
 .text.avr-libc
                0x00000f04       0x1a E:/Uni/Programme/Atmel Studio/7.0/Packs/atmel/ATmega_DFP/1.2.132/gcc/dev/atmega16/avr5\libatmega16.a(eewr_byte.o)
                0x00000f04                eeprom_write_byte
                0x00000f06                eeprom_write_r18
                0x00000f1e                . = ALIGN (0x2)
 *(.fini9)
 .fini9         0x00000f1e        0x0 e:/uni/programme/atmel studio/7.0/toolchain/avr8/avr8-gnu-toolchain/bin/../lib/gcc/avr/5.4.0/avr5\libgcc.a(_exit.o)
                0x00000f1e                _exit
                0x00000f1e                exit
 *(.fini9)
 *(.fini8)
 *(.fini8)
 *(.fini7)
 *(.fini7)
 *(.fini6)
 *(.fini6)
 *(.fini5)
 *(.fini5)
 *(.fini4)
 *(.fini4)
 *(.fini3)
 *(.fini3)
 *(.fini2)
 *(.fini2)
 *(.fini1)
 *(.fini1)
 *(.fini0)
 .fini0         0x00000f1e        0x4 e:/uni/programme/atmel studio/7.0/toolchain/avr8/avr8-gnu-toolchain/bin/../lib/gcc/avr/5.4.0/avr5\libgcc.a(_exit.o)
 *(.fini0)
                0x00000f22                _etext = .

.data           0x00800060        0x6 load address 0x00000f22
                0x00800060                PROVIDE (__data_start, .)
 *(.data)
 *(.data*)
 .data.bLastDirSwitch.2345
                0x00800060        0x1 src/apps/Fredi/fredi.o
 .data.bLastEncSwitch.2341
                0x00800061        0x1 src/apps/Fredi/fredi.o
 .data.bLastKey.2343
                0x00800062        0x1 src/apps/Fredi/fredi.o
 .data.fSetSpeed
                0x00800063        0x1 src/apps/Fredi/fredi.o
 .data.bLEDReload
                0x00800064        0x1 src/apps/Fredi/fredi.o
                0x00800064                bLEDReload
 .data.bThrState
                0x00800065        0x1 src/apps/Fredi/fredi.o
                0x00800065                bThrState
 *(.rodata)
 *(.rodata*)
 *(.gnu.linkonce.d*)
                0x00800066                . = ALIGN (0x2)
                0x00800066                _edata = .
                0x00800066                PROVIDE (__data_end, .)

.bss            0x00800066      0x148
                0x00800066                PROVIDE (__bss_start, .)
 *(.bss)
 *(.bss*)
 .bss.bStopPressed
                0x00800066        0x1 src/apps/Fredi/fredi.o
 .bss.bCurrentKey
                0x00800067        0x1 src/apps/Fredi/fredi.o
 .bss.sEncDir   0x00800068        0x1 src/apps/Fredi/fredi.o
 .bss.slotnumber
                0x00800069        0x1 src/apps/Fredi/fredi.o
                0x00800069                slotnumber
 .bss.bSpdCnt   0x0080006a        0x1 src/apps/Fredi/fredi.o
 .bss.bEvent    0x0080006b        0x1 src/apps/Fredi/fredi.o
                0x0080006b                bEvent
 .bss.bFrediVersion
                0x0080006c        0x1 src/apps/Fredi/fredi.o
                0x0080006c                bFrediVersion
 .bss.timeFilterState.1795
                0x0080006d        0x1 src/apps/Fredi/potAdc.o
 .bss.count.1796
                0x0080006e        0x1 src/apps/Fredi/potAdc.o
 .bss.deltaFilterState.1786
                0x0080006f        0x2 src/apps/Fredi/potAdc.o
 .bss.potAdcRawValue
                0x00800071        0x2 src/apps/Fredi/potAdc.o
                0x00800071                potAdcRawValue
 .bss.potAdcSpeedValue
                0x00800073        0x1 src/apps/Fredi/potAdc.o
                0x00800073                potAdcSpeedValue
 .bss.DelayTimerTicks
                0x00800074        0x2 src/avr-base/systimer.o
                0x00800074                DelayTimerTicks
 .bss.FastTimerTicks
                0x00800076        0x1 src/avr-base/systimer.o
                0x00800076                FastTimerTicks
 .bss.SlowTimerTicks
                0x00800077        0x1 src/avr-base/systimer.o
                0x00800077                SlowTimerTicks
 .bss.SlowTimerAccumulator
                0x00800078        0x1 src/avr-base/systimer.o
                0x00800078                SlowTimerAccumulator
 .bss.FastTimerActionList
                0x00800079        0x2 src/avr-base/systimer.o
 .bss.SlowTimerActionList
                0x0080007b        0x2 src/avr-base/systimer.o
 .bss.pstLnRxBuffer
                0x0080007d        0x2 src/loconet/ln_interface.o
 *(COMMON)
 COMMON         0x0080007f      0x123 src/apps/Fredi/fredi.o
                0x0080007f                MessageTimer
                0x00800086                bERWFunKey2Status
                0x00800087                IncrementTimer
                0x0080008e                LEDTimer
                0x00800095                bERWFunKey4Status
                0x00800096                KeyTimer
                0x0080009d                RxPacket
                0x0080009f                RxBuffer
                0x0080012b                ReleaseStopTimer
                0x00800132                TxPacket
                0x00800148                slotArray
                0x008001a0                bERWFunKey3Status
                0x008001a1                bERWFunKey1Status
 COMMON         0x008001a2        0xc src/avr-base/ln_sw_uart.o
                0x008001a2                lnTxSuccess
                0x008001a3                lnTxIndex
                0x008001a4                lnTxLength
                0x008001a5                lnCurrentByte
                0x008001a6                lnCompareTarget
                0x008001a8                lnRxBuffer
                0x008001aa                lnState
                0x008001ab                lnBitCount
                0x008001ac                lnTxData
                0x008001ae                PROVIDE (__bss_end, .)
                0x00000f22                __data_load_start = LOADADDR (.data)
                0x00000f28                __data_load_end = (__data_load_start + SIZEOF (.data))

.noinit         0x008001ae        0x0
                [!provide]                PROVIDE (__noinit_start, .)
 *(.noinit*)
                [!provide]                PROVIDE (__noinit_end, .)
                0x008001ae                _end = .
                [!provide]                PROVIDE (__heap_start, .)

.eeprom         0x00810000        0xc
 *(.eeprom*)
 .eeprom        0x00810000        0xc src/apps/Fredi/fredi.o
                0x00810000                abEEPROM
                0x0081000c                __eeprom_end = .

.fuse
 *(.fuse)
 *(.lfuse)
 *(.hfuse)
 *(.efuse)

.lock
 *(.lock*)

.signature
 *(.signature*)

.user_signatures
 *(.user_signatures*)

.stab
 *(.stab)

.stabstr
 *(.stabstr)

.stab.excl
 *(.stab.excl)

.stab.exclstr
 *(.stab.exclstr)

.stab.index
 *(.stab.index)

.stab.indexstr
 *(.stab.indexstr)

.comment        0x00000000       0x30
 *(.comment)
 .comment       0x00000000       0x30 src/apps/Fredi/fredi.o
                                 0x31 (size before relaxing)
 .comment       0x00000030       0x31 src/apps/Fredi/potAdc.o
 .comment       0x00000030       0x31 src/avr-base/ln_sw_uart.o
 .comment       0x00000030       0x31 src/avr-base/systimer.o
 .comment       0x00000030       0x31 src/loconet/ln_buf.o
 .comment       0x00000030       0x31 src/loconet/ln_interface.o

.note.gnu.avr.deviceinfo
                0x00000000       0x3c
 .note.gnu.avr.deviceinfo
                0x00000000       0x3c E:/Uni/Programme/Atmel Studio/7.0/Packs/atmel/ATmega_DFP/1.2.132/gcc/dev/atmega16/avr5/crtatmega16.o

.note.gnu.build-id
 *(.note.gnu.build-id)

.debug
 *(.debug)

.line
 *(.line)

.debug_srcinfo
 *(.debug_srcinfo)

.debug_sfnames
 *(.debug_sfnames)

.debug_aranges  0x00000000      0x2e8
 *(.debug_aranges)
 .debug_aranges
                0x00000000      0x180 src/apps/Fredi/fredi.o
 .debug_aranges
                0x00000180       0x30 src/apps/Fredi/potAdc.o
 .debug_aranges
                0x000001b0       0x38 src/avr-base/ln_sw_uart.o
 .debug_aranges
                0x000001e8       0x48 src/avr-base/systimer.o
 .debug_aranges
                0x00000230       0x38 src/loconet/ln_buf.o
 .debug_aranges
                0x00000268       0x40 src/loconet/ln_interface.o
 .debug_aranges
                0x000002a8       0x20 E:/Uni/Programme/Atmel Studio/7.0/Packs/atmel/ATmega_DFP/1.2.132/gcc/dev/atmega16/avr5\libatmega16.a(eerd_byte.o)
 .debug_aranges
                0x000002c8       0x20 E:/Uni/Programme/Atmel Studio/7.0/Packs/atmel/ATmega_DFP/1.2.132/gcc/dev/atmega16/avr5\libatmega16.a(eewr_byte.o)

.debug_pubnames
 *(.debug_pubnames)

.debug_info     0x00000000     0x6ea2
 *(.debug_info .gnu.linkonce.wi.*)
 .debug_info    0x00000000      0x52e E:/Uni/Programme/Atmel Studio/7.0/Packs/atmel/ATmega_DFP/1.2.132/gcc/dev/atmega16/avr5/crtatmega16.o
 .debug_info    0x0000052e     0x2e19 src/apps/Fredi/fredi.o
 .debug_info    0x00003347      0x226 src/apps/Fredi/potAdc.o
 .debug_info    0x0000356d     0x1262 src/avr-base/ln_sw_uart.o
 .debug_info    0x000047cf      0x2d8 src/avr-base/systimer.o
 .debug_info    0x00004aa7     0x10e5 src/loconet/ln_buf.o
 .debug_info    0x00005b8c     0x11c2 src/loconet/ln_interface.o
 .debug_info    0x00006d4e       0xaa E:/Uni/Programme/Atmel Studio/7.0/Packs/atmel/ATmega_DFP/1.2.132/gcc/dev/atmega16/avr5\libatmega16.a(eerd_byte.o)
 .debug_info    0x00006df8       0xaa E:/Uni/Programme/Atmel Studio/7.0/Packs/atmel/ATmega_DFP/1.2.132/gcc/dev/atmega16/avr5\libatmega16.a(eewr_byte.o)

.debug_abbrev   0x00000000     0x10db
 *(.debug_abbrev)
 .debug_abbrev  0x00000000      0x4e7 E:/Uni/Programme/Atmel Studio/7.0/Packs/atmel/ATmega_DFP/1.2.132/gcc/dev/atmega16/avr5/crtatmega16.o
 .debug_abbrev  0x000004e7      0x3b9 src/apps/Fredi/fredi.o
 .debug_abbrev  0x000008a0       0xfe src/apps/Fredi/potAdc.o
 .debug_abbrev  0x0000099e      0x255 src/avr-base/ln_sw_uart.o
 .debug_abbrev  0x00000bf3      0x14e src/avr-base/systimer.o
 .debug_abbrev  0x00000d41      0x1b7 src/loconet/ln_buf.o
 .debug_abbrev  0x00000ef8      0x1bb src/loconet/ln_interface.o
 .debug_abbrev  0x000010b3       0x14 E:/Uni/Programme/Atmel Studio/7.0/Packs/atmel/ATmega_DFP/1.2.132/gcc/dev/atmega16/avr5\libatmega16.a(eerd_byte.o)
 .debug_abbrev  0x000010c7       0x14 E:/Uni/Programme/Atmel Studio/7.0/Packs/atmel/ATmega_DFP/1.2.132/gcc/dev/atmega16/avr5\libatmega16.a(eewr_byte.o)

.debug_line     0x00000000     0x2e59
 *(.debug_line .debug_line.* .debug_line_end)
 .debug_line    0x00000000      0x115 E:/Uni/Programme/Atmel Studio/7.0/Packs/atmel/ATmega_DFP/1.2.132/gcc/dev/atmega16/avr5/crtatmega16.o
 .debug_line    0x00000115     0x1750 src/apps/Fredi/fredi.o
 .debug_line    0x00001865      0x2fc src/apps/Fredi/potAdc.o
 .debug_line    0x00001b61      0x5e9 src/avr-base/ln_sw_uart.o
 .debug_line    0x0000214a      0x426 src/avr-base/systimer.o
 .debug_line    0x00002570      0x42a src/loconet/ln_buf.o
 .debug_line    0x0000299a      0x3ad src/loconet/ln_interface.o
 .debug_line    0x00002d47       0x7a E:/Uni/Programme/Atmel Studio/7.0/Packs/atmel/ATmega_DFP/1.2.132/gcc/dev/atmega16/avr5\libatmega16.a(eerd_byte.o)
 .debug_line    0x00002dc1       0x98 E:/Uni/Programme/Atmel Studio/7.0/Packs/atmel/ATmega_DFP/1.2.132/gcc/dev/atmega16/avr5\libatmega16.a(eewr_byte.o)

.debug_frame    0x00000000      0x778
 *(.debug_frame)
 .debug_frame   0x00000000      0x460 src/apps/Fredi/fredi.o
 .debug_frame   0x00000460       0x44 src/apps/Fredi/potAdc.o
 .debug_frame   0x000004a4       0xd4 src/avr-base/ln_sw_uart.o
 .debug_frame   0x00000578       0xa4 src/avr-base/systimer.o
 .debug_frame   0x0000061c       0xb4 src/loconet/ln_buf.o
 .debug_frame   0x000006d0       0xa8 src/loconet/ln_interface.o

.debug_str      0x00000000     0x9ae4
 *(.debug_str)
 .debug_str     0x00000000      0x1af E:/Uni/Programme/Atmel Studio/7.0/Packs/atmel/ATmega_DFP/1.2.132/gcc/dev/atmega16/avr5/crtatmega16.o
 .debug_str     0x000001af     0x8ff4 src/apps/Fredi/fredi.o
                               0x91ed (size before relaxing)
 .debug_str     0x000091a3      0x2d2 src/apps/Fredi/potAdc.o
                               0x6bf6 (size before relaxing)
 .debug_str     0x00009475      0x3f5 src/avr-base/ln_sw_uart.o
                               0x847f (size before relaxing)
 .debug_str     0x0000986a      0x145 src/avr-base/systimer.o
                               0x6cbb (size before relaxing)
 .debug_str     0x000099af       0xad src/loconet/ln_buf.o
                               0x7628 (size before relaxing)
 .debug_str     0x00009a5c       0x88 src/loconet/ln_interface.o
                               0x82fe (size before relaxing)

.debug_loc      0x00000000     0x1faa
 *(.debug_loc)
 .debug_loc     0x00000000     0x1469 src/apps/Fredi/fredi.o
 .debug_loc     0x00001469       0x49 src/apps/Fredi/potAdc.o
 .debug_loc     0x000014b2      0x354 src/avr-base/ln_sw_uart.o
 .debug_loc     0x00001806      0x1df src/avr-base/systimer.o
 .debug_loc     0x000019e5      0x2ad src/loconet/ln_buf.o
 .debug_loc     0x00001c92      0x318 src/loconet/ln_interface.o

.debug_macinfo
 *(.debug_macinfo)

.debug_weaknames
 *(.debug_weaknames)

.debug_funcnames
 *(.debug_funcnames)

.debug_typenames
 *(.debug_typenames)

.debug_varnames
 *(.debug_varnames)

.debug_pubtypes
 *(.debug_pubtypes)

.debug_ranges   0x00000000      0x298
 *(.debug_ranges)
 .debug_ranges  0x00000000      0x1a8 src/apps/Fredi/fredi.o
 .debug_ranges  0x000001a8       0x20 src/apps/Fredi/potAdc.o
 .debug_ranges  0x000001c8       0x40 src/avr-base/ln_sw_uart.o
 .debug_ranges  0x00000208       0x38 src/avr-base/systimer.o
 .debug_ranges  0x00000240       0x28 src/loconet/ln_buf.o
 .debug_ranges  0x00000268       0x30 src/loconet/ln_interface.o

.debug_macro    0x00000000     0x3542
 *(.debug_macro)
 .debug_macro   0x00000000      0x13a src/apps/Fredi/fredi.o
 .debug_macro   0x0000013a      0xa4e src/apps/Fredi/fredi.o
 .debug_macro   0x00000b88      0x1c9 src/apps/Fredi/fredi.o
 .debug_macro   0x00000d51       0x10 src/apps/Fredi/fredi.o
 .debug_macro   0x00000d61      0x302 src/apps/Fredi/fredi.o
 .debug_macro   0x00001063       0x9e src/apps/Fredi/fredi.o
 .debug_macro   0x00001101      0xc0a src/apps/Fredi/fredi.o
 .debug_macro   0x00001d0b      0x170 src/apps/Fredi/fredi.o
 .debug_macro   0x00001e7b       0xbd src/apps/Fredi/fredi.o
 .debug_macro   0x00001f38       0x34 src/apps/Fredi/fredi.o
 .debug_macro   0x00001f6c       0x18 src/apps/Fredi/fredi.o
 .debug_macro   0x00001f84       0x6c src/apps/Fredi/fredi.o
 .debug_macro   0x00001ff0       0x69 src/apps/Fredi/fredi.o
 .debug_macro   0x00002059      0x16d src/apps/Fredi/fredi.o
 .debug_macro   0x000021c6       0x39 src/apps/Fredi/fredi.o
 .debug_macro   0x000021ff      0x397 src/apps/Fredi/fredi.o
 .debug_macro   0x00002596       0x10 src/apps/Fredi/fredi.o
 .debug_macro   0x000025a6      0x166 src/apps/Fredi/fredi.o
 .debug_macro   0x0000270c       0x46 src/apps/Fredi/fredi.o
 .debug_macro   0x00002752      0x344 src/apps/Fredi/fredi.o
 .debug_macro   0x00002a96       0x2e src/apps/Fredi/fredi.o
 .debug_macro   0x00002ac4       0x1c src/apps/Fredi/fredi.o
 .debug_macro   0x00002ae0       0x10 src/apps/Fredi/fredi.o
 .debug_macro   0x00002af0       0xd6 src/apps/Fredi/potAdc.o
 .debug_macro   0x00002bc6       0x1c src/apps/Fredi/potAdc.o
 .debug_macro   0x00002be2      0x10e src/apps/Fredi/potAdc.o
 .debug_macro   0x00002cf0       0x66 src/apps/Fredi/potAdc.o
 .debug_macro   0x00002d56      0x13f src/avr-base/ln_sw_uart.o
 .debug_macro   0x00002e95      0x2fc src/avr-base/ln_sw_uart.o
 .debug_macro   0x00003191       0x16 src/avr-base/ln_sw_uart.o
 .debug_macro   0x000031a7       0x97 src/avr-base/ln_sw_uart.o
 .debug_macro   0x0000323e       0x16 src/avr-base/ln_sw_uart.o
 .debug_macro   0x00003254       0xc9 src/avr-base/systimer.o
 .debug_macro   0x0000331d       0x63 src/avr-base/systimer.o
 .debug_macro   0x00003380       0xdb src/loconet/ln_buf.o
 .debug_macro   0x0000345b       0xe7 src/loconet/ln_interface.o
OUTPUT(ATMega16.elf elf32-avr)
LOAD linker stubs
