Archive member included to satisfy reference by file (symbol)

c:/program files (x86)/atmel/studio/7.0/toolchain/avr8/avr8-gnu-toolchain/bin/../lib/gcc/avr/5.4.0/avr5\libgcc.a(_exit.o)
                              C:/Program Files (x86)/Atmel/Studio/7.0/Packs/atmel/ATmega_DFP/1.2.132/gcc/dev/atmega16/avr5/crtatmega16.o (exit)
c:/program files (x86)/atmel/studio/7.0/toolchain/avr8/avr8-gnu-toolchain/bin/../lib/gcc/avr/5.4.0/avr5\libgcc.a(_tablejump2.o)
                              src/apps/Fredi/fredi.o (__tablejump2__)
c:/program files (x86)/atmel/studio/7.0/toolchain/avr8/avr8-gnu-toolchain/bin/../lib/gcc/avr/5.4.0/avr5\libgcc.a(_copy_data.o)
                              src/apps/Fredi/fredi.o (__do_copy_data)
c:/program files (x86)/atmel/studio/7.0/toolchain/avr8/avr8-gnu-toolchain/bin/../lib/gcc/avr/5.4.0/avr5\libgcc.a(_clear_bss.o)
                              src/apps/Fredi/fredi.o (__do_clear_bss)
c:/program files (x86)/atmel/studio/7.0/toolchain/avr8/avr8-gnu-toolchain/bin/../lib/gcc/avr/5.4.0/../../../../avr/lib/avr5\libc.a(memcpy.o)
                              src/loconet/ln_buf.o (memcpy)
C:/Program Files (x86)/Atmel/Studio/7.0/Packs/atmel/ATmega_DFP/1.2.132/gcc/dev/atmega16/avr5\libatmega16.a(eerd_byte.o)
                              src/apps/Fredi/fredi.o (eeprom_read_byte)
C:/Program Files (x86)/Atmel/Studio/7.0/Packs/atmel/ATmega_DFP/1.2.132/gcc/dev/atmega16/avr5\libatmega16.a(eewr_byte.o)
                              src/apps/Fredi/fredi.o (eeprom_write_byte)

Allocating common symbols
Common symbol       size              file

lnTxSuccess         0x1               src/avr-base/ln_sw_uart.o
lnTxIndex           0x1               src/avr-base/ln_sw_uart.o
lnTxLength          0x1               src/avr-base/ln_sw_uart.o
MessageTimer        0x7               src/apps/Fredi/fredi.o
IncrementTimer      0x7               src/apps/Fredi/fredi.o
lnCurrentByte       0x1               src/avr-base/ln_sw_uart.o
LEDTimer            0x7               src/apps/Fredi/fredi.o
KeyTimer            0x7               src/apps/Fredi/fredi.o
lnCompareTarget     0x2               src/avr-base/ln_sw_uart.o
lnRxBuffer          0x2               src/avr-base/ln_sw_uart.o
RxPacket            0x2               src/apps/Fredi/fredi.o
RxBuffer            0x8c              src/apps/Fredi/fredi.o
ReleaseStopTimer    0x7               src/apps/Fredi/fredi.o
lnState             0x1               src/avr-base/ln_sw_uart.o
TxPacket            0x13              src/apps/Fredi/fredi.o
slotArray           0x4c              src/apps/Fredi/fredi.o
lnBitCount          0x1               src/avr-base/ln_sw_uart.o
lnTxData            0x2               src/avr-base/ln_sw_uart.o

Discarded input sections

 .data          0x00000000        0x0 C:/Program Files (x86)/Atmel/Studio/7.0/Packs/atmel/ATmega_DFP/1.2.132/gcc/dev/atmega16/avr5/crtatmega16.o
 .bss           0x00000000        0x0 C:/Program Files (x86)/Atmel/Studio/7.0/Packs/atmel/ATmega_DFP/1.2.132/gcc/dev/atmega16/avr5/crtatmega16.o
 .group         0x00000000        0x8 src/apps/Fredi/fredi.o
 .group         0x00000000        0x8 src/apps/Fredi/fredi.o
 .group         0x00000000        0x8 src/apps/Fredi/fredi.o
 .group         0x00000000        0x8 src/apps/Fredi/fredi.o
 .group         0x00000000        0x8 src/apps/Fredi/fredi.o
 .group         0x00000000        0x8 src/apps/Fredi/fredi.o
 .group         0x00000000        0x8 src/apps/Fredi/fredi.o
 .group         0x00000000        0x8 src/apps/Fredi/fredi.o
 .group         0x00000000        0x8 src/apps/Fredi/fredi.o
 .group         0x00000000        0x8 src/apps/Fredi/fredi.o
 .group         0x00000000        0x8 src/apps/Fredi/fredi.o
 .group         0x00000000        0x8 src/apps/Fredi/fredi.o
 .group         0x00000000        0x8 src/apps/Fredi/fredi.o
 .group         0x00000000        0x8 src/apps/Fredi/fredi.o
 .group         0x00000000        0x8 src/apps/Fredi/fredi.o
 .group         0x00000000        0x8 src/apps/Fredi/fredi.o
 .group         0x00000000        0x8 src/apps/Fredi/fredi.o
 .group         0x00000000        0x8 src/apps/Fredi/fredi.o
 .group         0x00000000        0x8 src/apps/Fredi/fredi.o
 .group         0x00000000        0x8 src/apps/Fredi/fredi.o
 .group         0x00000000        0x8 src/apps/Fredi/fredi.o
 .group         0x00000000        0x8 src/apps/Fredi/fredi.o
 .text          0x00000000        0x0 src/apps/Fredi/fredi.o
 .data          0x00000000        0x0 src/apps/Fredi/fredi.o
 .bss           0x00000000        0x0 src/apps/Fredi/fredi.o
 .text.IncrementTimerAction
                0x00000000       0x22 src/apps/Fredi/fredi.o
 .text.ReleaseStopTimerAction
                0x00000000        0x8 src/apps/Fredi/fredi.o
 .text.KeyTimerAction
                0x00000000       0xb2 src/apps/Fredi/fredi.o
 .text.GET_SPDCNT_BY_SLOTSPD
                0x00000000       0x28 src/apps/Fredi/fredi.o
 .text.enableLED4
                0x00000000        0x4 src/apps/Fredi/fredi.o
 .text.disableLED1
                0x00000000        0x4 src/apps/Fredi/fredi.o
 .text.disableLED2
                0x00000000        0x4 src/apps/Fredi/fredi.o
 .text.disableLED3
                0x00000000        0x4 src/apps/Fredi/fredi.o
 .text.mapKeYAdressToInt
                0x00000000       0x2a src/apps/Fredi/fredi.o
 .text.LEDTimerAction
                0x00000000       0x8c src/apps/Fredi/fredi.o
 .text.initKeys
                0x00000000       0xc8 src/apps/Fredi/fredi.o
 .text.vSetState
                0x00000000       0x80 src/apps/Fredi/fredi.o
 .progmem.gcc_sw_table.vSetState
                0x00000000       0xcc src/apps/Fredi/fredi.o
 .text.MessageTimerAction
                0x00000000       0xf8 src/apps/Fredi/fredi.o
 .progmem.gcc_sw_table.MessageTimerAction
                0x00000000       0x3c src/apps/Fredi/fredi.o
 .text.initSlots
                0x00000000       0xa8 src/apps/Fredi/fredi.o
 .text.sendLocoNetSpd
                0x00000000       0x18 src/apps/Fredi/fredi.o
 .text.sendLocoNetDirf
                0x00000000        0xe src/apps/Fredi/fredi.o
 .text.sendLocoNetSnd
                0x00000000        0xe src/apps/Fredi/fredi.o
 .text.sendLocoNetWriteSlotData
                0x00000000       0xaa src/apps/Fredi/fredi.o
 .text.sendLocoNetMove
                0x00000000       0x4a src/apps/Fredi/fredi.o
 .text.sendLocoNetAdr
                0x00000000       0x28 src/apps/Fredi/fredi.o
 .text.sendLocoNetFredAdc
                0x00000000       0x1a src/apps/Fredi/fredi.o
 .text.sendLocoNetFredCd
                0x00000000        0xe src/apps/Fredi/fredi.o
 .text.sendLocoNetFredButton
                0x00000000        0xe src/apps/Fredi/fredi.o
 .text.vCheckSelfTestEnd
                0x00000000       0x8a src/apps/Fredi/fredi.o
 .text.vProcessKey
                0x00000000      0x2b2 src/apps/Fredi/fredi.o
 .text.vProcessEncoder
                0x00000000       0xfa src/apps/Fredi/fredi.o
 .text.vProcessPoti
                0x00000000       0xd0 src/apps/Fredi/fredi.o
 .text.vCopySlotFromRxPacket
                0x00000000       0xd0 src/apps/Fredi/fredi.o
 .text.vSetUnconnected
                0x00000000       0x36 src/apps/Fredi/fredi.o
 .text.vProcessRxLoconetMessage
                0x00000000      0x244 src/apps/Fredi/fredi.o
 .data.bOldValue.2403
                0x00000000        0x2 src/apps/Fredi/fredi.o
 .bss.bLastCurrentkey.2378
                0x00000000        0x1 src/apps/Fredi/fredi.o
 .data.bLastDirSwitch.2300
                0x00000000        0x1 src/apps/Fredi/fredi.o
 .data.bLastEncSwitch.2296
                0x00000000        0x1 src/apps/Fredi/fredi.o
 .data.bLastKey.2298
                0x00000000        0x1 src/apps/Fredi/fredi.o
 .bss.bStopPressed
                0x00000000        0x1 src/apps/Fredi/fredi.o
 .data.fSetSpeed
                0x00000000        0x1 src/apps/Fredi/fredi.o
 .bss.wSelfTest
                0x00000000        0x2 src/apps/Fredi/fredi.o
 .bss.bCurrentKey
                0x00000000        0x1 src/apps/Fredi/fredi.o
 .data.bLEDReload
                0x00000000        0x1 src/apps/Fredi/fredi.o
 .bss.slotnumber
                0x00000000        0x1 src/apps/Fredi/fredi.o
 .rodata.abSpd  0x00000000       0x25 src/apps/Fredi/fredi.o
 .bss.bSpdCnt   0x00000000        0x1 src/apps/Fredi/fredi.o
 .bss.bEvent    0x00000000        0x1 src/apps/Fredi/fredi.o
 .data.bThrState
                0x00000000        0x1 src/apps/Fredi/fredi.o
 .bss.bNewState
                0x00000000        0x1 src/apps/Fredi/fredi.o
 .bss.bFrediVersion
                0x00000000        0x1 src/apps/Fredi/fredi.o
 .group         0x00000000        0x8 src/apps/Fredi/fuses.o
 .text          0x00000000        0x0 src/apps/Fredi/fuses.o
 .data          0x00000000        0x0 src/apps/Fredi/fuses.o
 .bss           0x00000000        0x0 src/apps/Fredi/fuses.o
 lfuses         0x00000000        0x1 src/apps/Fredi/fuses.o
 hfuses         0x00000000        0x1 src/apps/Fredi/fuses.o
 .debug_info    0x00000000       0x4d src/apps/Fredi/fuses.o
 .debug_abbrev  0x00000000       0x2f src/apps/Fredi/fuses.o
 .debug_aranges
                0x00000000       0x18 src/apps/Fredi/fuses.o
 .debug_macro   0x00000000       0x89 src/apps/Fredi/fuses.o
 .debug_macro   0x00000000      0xa4e src/apps/Fredi/fuses.o
 .debug_line    0x00000000       0x37 src/apps/Fredi/fuses.o
 .debug_str     0x00000000     0x2c70 src/apps/Fredi/fuses.o
 .comment       0x00000000       0x31 src/apps/Fredi/fuses.o
 .group         0x00000000        0x8 src/apps/Fredi/potAdc.o
 .group         0x00000000        0x8 src/apps/Fredi/potAdc.o
 .group         0x00000000        0x8 src/apps/Fredi/potAdc.o
 .group         0x00000000        0x8 src/apps/Fredi/potAdc.o
 .group         0x00000000        0x8 src/apps/Fredi/potAdc.o
 .group         0x00000000        0x8 src/apps/Fredi/potAdc.o
 .group         0x00000000        0x8 src/apps/Fredi/potAdc.o
 .group         0x00000000        0x8 src/apps/Fredi/potAdc.o
 .group         0x00000000        0x8 src/apps/Fredi/potAdc.o
 .group         0x00000000        0x8 src/apps/Fredi/potAdc.o
 .group         0x00000000        0x8 src/apps/Fredi/potAdc.o
 .group         0x00000000        0x8 src/apps/Fredi/potAdc.o
 .group         0x00000000        0x8 src/apps/Fredi/potAdc.o
 .group         0x00000000        0x8 src/apps/Fredi/potAdc.o
 .group         0x00000000        0x8 src/apps/Fredi/potAdc.o
 .text          0x00000000        0x0 src/apps/Fredi/potAdc.o
 .data          0x00000000        0x0 src/apps/Fredi/potAdc.o
 .bss           0x00000000        0x0 src/apps/Fredi/potAdc.o
 .text.potAdcPowerOff
                0x00000000        0x4 src/apps/Fredi/potAdc.o
 .text.potAdcInit
                0x00000000       0x16 src/apps/Fredi/potAdc.o
 .text.potAdcTimerAction
                0x00000000       0x92 src/apps/Fredi/potAdc.o
 .bss.timeFilterState.1795
                0x00000000        0x1 src/apps/Fredi/potAdc.o
 .bss.count.1796
                0x00000000        0x1 src/apps/Fredi/potAdc.o
 .bss.deltaFilterState.1786
                0x00000000        0x2 src/apps/Fredi/potAdc.o
 .bss.potAdcRawValue
                0x00000000        0x2 src/apps/Fredi/potAdc.o
 .bss.potAdcSpeedValue
                0x00000000        0x1 src/apps/Fredi/potAdc.o
 .debug_info    0x00000000      0x226 src/apps/Fredi/potAdc.o
 .debug_abbrev  0x00000000       0xfe src/apps/Fredi/potAdc.o
 .debug_loc     0x00000000       0x49 src/apps/Fredi/potAdc.o
 .debug_aranges
                0x00000000       0x30 src/apps/Fredi/potAdc.o
 .debug_ranges  0x00000000       0x20 src/apps/Fredi/potAdc.o
 .debug_macro   0x00000000       0xd6 src/apps/Fredi/potAdc.o
 .debug_macro   0x00000000      0xa4e src/apps/Fredi/potAdc.o
 .debug_macro   0x00000000      0x1c9 src/apps/Fredi/potAdc.o
 .debug_macro   0x00000000       0x1c src/apps/Fredi/potAdc.o
 .debug_macro   0x00000000      0x10e src/apps/Fredi/potAdc.o
 .debug_macro   0x00000000       0x66 src/apps/Fredi/potAdc.o
 .debug_macro   0x00000000       0x10 src/apps/Fredi/potAdc.o
 .debug_macro   0x00000000      0x302 src/apps/Fredi/potAdc.o
 .debug_macro   0x00000000       0x9e src/apps/Fredi/potAdc.o
 .debug_macro   0x00000000      0xc0a src/apps/Fredi/potAdc.o
 .debug_macro   0x00000000      0x170 src/apps/Fredi/potAdc.o
 .debug_macro   0x00000000       0xbd src/apps/Fredi/potAdc.o
 .debug_macro   0x00000000       0x34 src/apps/Fredi/potAdc.o
 .debug_macro   0x00000000       0x18 src/apps/Fredi/potAdc.o
 .debug_macro   0x00000000       0x6c src/apps/Fredi/potAdc.o
 .debug_macro   0x00000000      0x396 src/apps/Fredi/potAdc.o
 .debug_line    0x00000000      0x314 src/apps/Fredi/potAdc.o
 .debug_str     0x00000000     0x6bd7 src/apps/Fredi/potAdc.o
 .comment       0x00000000       0x31 src/apps/Fredi/potAdc.o
 .debug_frame   0x00000000       0x44 src/apps/Fredi/potAdc.o
 .group         0x00000000        0x8 src/avr-base/ln_sw_uart.o
 .group         0x00000000        0x8 src/avr-base/ln_sw_uart.o
 .group         0x00000000        0x8 src/avr-base/ln_sw_uart.o
 .group         0x00000000        0x8 src/avr-base/ln_sw_uart.o
 .group         0x00000000        0x8 src/avr-base/ln_sw_uart.o
 .group         0x00000000        0x8 src/avr-base/ln_sw_uart.o
 .group         0x00000000        0x8 src/avr-base/ln_sw_uart.o
 .group         0x00000000        0x8 src/avr-base/ln_sw_uart.o
 .group         0x00000000        0x8 src/avr-base/ln_sw_uart.o
 .group         0x00000000        0x8 src/avr-base/ln_sw_uart.o
 .group         0x00000000        0x8 src/avr-base/ln_sw_uart.o
 .group         0x00000000        0x8 src/avr-base/ln_sw_uart.o
 .group         0x00000000        0x8 src/avr-base/ln_sw_uart.o
 .group         0x00000000        0x8 src/avr-base/ln_sw_uart.o
 .group         0x00000000        0x8 src/avr-base/ln_sw_uart.o
 .group         0x00000000        0x8 src/avr-base/ln_sw_uart.o
 .group         0x00000000        0x8 src/avr-base/ln_sw_uart.o
 .group         0x00000000        0x8 src/avr-base/ln_sw_uart.o
 .group         0x00000000        0x8 src/avr-base/ln_sw_uart.o
 .text          0x00000000        0x0 src/avr-base/ln_sw_uart.o
 .data          0x00000000        0x0 src/avr-base/ln_sw_uart.o
 .bss           0x00000000        0x0 src/avr-base/ln_sw_uart.o
 .debug_macro   0x00000000      0xa4e src/avr-base/ln_sw_uart.o
 .debug_macro   0x00000000       0x10 src/avr-base/ln_sw_uart.o
 .debug_macro   0x00000000      0x1c9 src/avr-base/ln_sw_uart.o
 .debug_macro   0x00000000       0x9e src/avr-base/ln_sw_uart.o
 .debug_macro   0x00000000      0xc0a src/avr-base/ln_sw_uart.o
 .debug_macro   0x00000000      0x170 src/avr-base/ln_sw_uart.o
 .debug_macro   0x00000000       0xbd src/avr-base/ln_sw_uart.o
 .debug_macro   0x00000000       0x34 src/avr-base/ln_sw_uart.o
 .debug_macro   0x00000000       0x18 src/avr-base/ln_sw_uart.o
 .debug_macro   0x00000000       0x6c src/avr-base/ln_sw_uart.o
 .debug_macro   0x00000000       0x69 src/avr-base/ln_sw_uart.o
 .debug_macro   0x00000000      0x396 src/avr-base/ln_sw_uart.o
 .debug_macro   0x00000000       0x46 src/avr-base/ln_sw_uart.o
 .debug_macro   0x00000000      0x344 src/avr-base/ln_sw_uart.o
 .debug_macro   0x00000000       0x2e src/avr-base/ln_sw_uart.o
 .group         0x00000000        0x8 src/avr-base/systimer.o
 .group         0x00000000        0x8 src/avr-base/systimer.o
 .group         0x00000000        0x8 src/avr-base/systimer.o
 .group         0x00000000        0x8 src/avr-base/systimer.o
 .group         0x00000000        0x8 src/avr-base/systimer.o
 .group         0x00000000        0x8 src/avr-base/systimer.o
 .group         0x00000000        0x8 src/avr-base/systimer.o
 .group         0x00000000        0x8 src/avr-base/systimer.o
 .group         0x00000000        0x8 src/avr-base/systimer.o
 .group         0x00000000        0x8 src/avr-base/systimer.o
 .group         0x00000000        0x8 src/avr-base/systimer.o
 .group         0x00000000        0x8 src/avr-base/systimer.o
 .group         0x00000000        0x8 src/avr-base/systimer.o
 .group         0x00000000        0x8 src/avr-base/systimer.o
 .group         0x00000000        0x8 src/avr-base/systimer.o
 .text          0x00000000        0x0 src/avr-base/systimer.o
 .data          0x00000000        0x0 src/avr-base/systimer.o
 .bss           0x00000000        0x0 src/avr-base/systimer.o
 .text.initTimer
                0x00000000       0x1a src/avr-base/systimer.o
 .text.addTimerAction
                0x00000000       0x46 src/avr-base/systimer.o
 .text.resetTimerAction
                0x00000000        0x6 src/avr-base/systimer.o
 .text.delayTimer
                0x00000000       0x16 src/avr-base/systimer.o
 .text.processTimerActions
                0x00000000       0xb0 src/avr-base/systimer.o
 .bss.FastTimerActionList
                0x00000000        0x2 src/avr-base/systimer.o
 .bss.SlowTimerActionList
                0x00000000        0x2 src/avr-base/systimer.o
 .debug_macro   0x00000000      0xa4e src/avr-base/systimer.o
 .debug_macro   0x00000000       0x10 src/avr-base/systimer.o
 .debug_macro   0x00000000      0x1c9 src/avr-base/systimer.o
 .debug_macro   0x00000000      0x2fc src/avr-base/systimer.o
 .debug_macro   0x00000000       0x9e src/avr-base/systimer.o
 .debug_macro   0x00000000      0xc0a src/avr-base/systimer.o
 .debug_macro   0x00000000      0x170 src/avr-base/systimer.o
 .debug_macro   0x00000000       0xbd src/avr-base/systimer.o
 .debug_macro   0x00000000       0x34 src/avr-base/systimer.o
 .debug_macro   0x00000000       0x18 src/avr-base/systimer.o
 .debug_macro   0x00000000       0x6c src/avr-base/systimer.o
 .debug_macro   0x00000000       0x46 src/avr-base/systimer.o
 .debug_macro   0x00000000      0x396 src/avr-base/systimer.o
 .debug_macro   0x00000000       0x1c src/avr-base/systimer.o
 .group         0x00000000        0x8 src/loconet/ln_buf.o
 .group         0x00000000        0x8 src/loconet/ln_buf.o
 .group         0x00000000        0x8 src/loconet/ln_buf.o
 .group         0x00000000        0x8 src/loconet/ln_buf.o
 .group         0x00000000        0x8 src/loconet/ln_buf.o
 .group         0x00000000        0x8 src/loconet/ln_buf.o
 .group         0x00000000        0x8 src/loconet/ln_buf.o
 .group         0x00000000        0x8 src/loconet/ln_buf.o
 .group         0x00000000        0x8 src/loconet/ln_buf.o
 .group         0x00000000        0x8 src/loconet/ln_buf.o
 .group         0x00000000        0x8 src/loconet/ln_buf.o
 .group         0x00000000        0x8 src/loconet/ln_buf.o
 .group         0x00000000        0x8 src/loconet/ln_buf.o
 .group         0x00000000        0x8 src/loconet/ln_buf.o
 .group         0x00000000        0x8 src/loconet/ln_buf.o
 .group         0x00000000        0x8 src/loconet/ln_buf.o
 .group         0x00000000        0x8 src/loconet/ln_buf.o
 .text          0x00000000        0x0 src/loconet/ln_buf.o
 .data          0x00000000        0x0 src/loconet/ln_buf.o
 .bss           0x00000000        0x0 src/loconet/ln_buf.o
 .text.initLnBuf
                0x00000000        0xc src/loconet/ln_buf.o
 .text.recvLnMsg
                0x00000000      0x21e src/loconet/ln_buf.o
 .text.getLnBufStats
                0x00000000        0x6 src/loconet/ln_buf.o
 .debug_macro   0x00000000      0xa4e src/loconet/ln_buf.o
 .debug_macro   0x00000000       0x16 src/loconet/ln_buf.o
 .debug_macro   0x00000000       0x97 src/loconet/ln_buf.o
 .debug_macro   0x00000000       0x16 src/loconet/ln_buf.o
 .debug_macro   0x00000000       0x10 src/loconet/ln_buf.o
 .debug_macro   0x00000000      0x1c9 src/loconet/ln_buf.o
 .debug_macro   0x00000000      0x2fc src/loconet/ln_buf.o
 .debug_macro   0x00000000       0x9e src/loconet/ln_buf.o
 .debug_macro   0x00000000      0xc0a src/loconet/ln_buf.o
 .debug_macro   0x00000000      0x170 src/loconet/ln_buf.o
 .debug_macro   0x00000000       0xbd src/loconet/ln_buf.o
 .debug_macro   0x00000000       0x34 src/loconet/ln_buf.o
 .debug_macro   0x00000000       0x18 src/loconet/ln_buf.o
 .debug_macro   0x00000000       0x6c src/loconet/ln_buf.o
 .debug_macro   0x00000000       0x63 src/loconet/ln_buf.o
 .debug_macro   0x00000000       0x46 src/loconet/ln_buf.o
 .debug_macro   0x00000000      0x344 src/loconet/ln_buf.o
 .group         0x00000000        0x8 src/loconet/ln_interface.o
 .group         0x00000000        0x8 src/loconet/ln_interface.o
 .group         0x00000000        0x8 src/loconet/ln_interface.o
 .group         0x00000000        0x8 src/loconet/ln_interface.o
 .group         0x00000000        0x8 src/loconet/ln_interface.o
 .group         0x00000000        0x8 src/loconet/ln_interface.o
 .group         0x00000000        0x8 src/loconet/ln_interface.o
 .group         0x00000000        0x8 src/loconet/ln_interface.o
 .group         0x00000000        0x8 src/loconet/ln_interface.o
 .group         0x00000000        0x8 src/loconet/ln_interface.o
 .group         0x00000000        0x8 src/loconet/ln_interface.o
 .group         0x00000000        0x8 src/loconet/ln_interface.o
 .group         0x00000000        0x8 src/loconet/ln_interface.o
 .group         0x00000000        0x8 src/loconet/ln_interface.o
 .group         0x00000000        0x8 src/loconet/ln_interface.o
 .group         0x00000000        0x8 src/loconet/ln_interface.o
 .group         0x00000000        0x8 src/loconet/ln_interface.o
 .group         0x00000000        0x8 src/loconet/ln_interface.o
 .group         0x00000000        0x8 src/loconet/ln_interface.o
 .text          0x00000000        0x0 src/loconet/ln_interface.o
 .data          0x00000000        0x0 src/loconet/ln_interface.o
 .bss           0x00000000        0x0 src/loconet/ln_interface.o
 .text.recvLocoNetPacket
                0x00000000        0xe src/loconet/ln_interface.o
 .text.sendLocoNetPacket
                0x00000000       0x76 src/loconet/ln_interface.o
 .text.sendLocoNet4BytePacket
                0x00000000       0x34 src/loconet/ln_interface.o
 .debug_macro   0x00000000      0xa4e src/loconet/ln_interface.o
 .debug_macro   0x00000000       0x10 src/loconet/ln_interface.o
 .debug_macro   0x00000000      0x1c9 src/loconet/ln_interface.o
 .debug_macro   0x00000000      0x2fc src/loconet/ln_interface.o
 .debug_macro   0x00000000       0x9e src/loconet/ln_interface.o
 .debug_macro   0x00000000      0xc0a src/loconet/ln_interface.o
 .debug_macro   0x00000000      0x170 src/loconet/ln_interface.o
 .debug_macro   0x00000000       0xbd src/loconet/ln_interface.o
 .debug_macro   0x00000000       0x34 src/loconet/ln_interface.o
 .debug_macro   0x00000000       0x18 src/loconet/ln_interface.o
 .debug_macro   0x00000000       0x6c src/loconet/ln_interface.o
 .debug_macro   0x00000000       0x69 src/loconet/ln_interface.o
 .debug_macro   0x00000000       0x16 src/loconet/ln_interface.o
 .debug_macro   0x00000000       0x97 src/loconet/ln_interface.o
 .debug_macro   0x00000000       0x16 src/loconet/ln_interface.o
 .debug_macro   0x00000000      0x396 src/loconet/ln_interface.o
 .debug_macro   0x00000000       0x46 src/loconet/ln_interface.o
 .debug_macro   0x00000000      0x344 src/loconet/ln_interface.o
 .debug_macro   0x00000000       0x2e src/loconet/ln_interface.o
 .group         0x00000000        0x8 src/loconet/utils.o
 .group         0x00000000        0x8 src/loconet/utils.o
 .group         0x00000000        0x8 src/loconet/utils.o
 .text          0x00000000        0x0 src/loconet/utils.o
 .data          0x00000000        0x0 src/loconet/utils.o
 .bss           0x00000000        0x0 src/loconet/utils.o
 .text.decodePeerData
                0x00000000       0x62 src/loconet/utils.o
 .text.encodePeerData
                0x00000000       0x66 src/loconet/utils.o
 .debug_info    0x00000000      0x24f src/loconet/utils.o
 .debug_abbrev  0x00000000       0xd3 src/loconet/utils.o
 .debug_loc     0x00000000      0x2ce src/loconet/utils.o
 .debug_aranges
                0x00000000       0x28 src/loconet/utils.o
 .debug_ranges  0x00000000       0x18 src/loconet/utils.o
 .debug_macro   0x00000000       0x2d src/loconet/utils.o
 .debug_macro   0x00000000      0xa4e src/loconet/utils.o
 .debug_macro   0x00000000       0x46 src/loconet/utils.o
 .debug_macro   0x00000000      0x33e src/loconet/utils.o
 .debug_line    0x00000000      0x142 src/loconet/utils.o
 .debug_str     0x00000000     0x3b13 src/loconet/utils.o
 .comment       0x00000000       0x31 src/loconet/utils.o
 .debug_frame   0x00000000       0x74 src/loconet/utils.o
 .group         0x00000000        0x8 src/ASF/mega/boards/stk600/rcx_x/init.o
 .group         0x00000000        0x8 src/ASF/mega/boards/stk600/rcx_x/init.o
 .group         0x00000000        0x8 src/ASF/mega/boards/stk600/rcx_x/init.o
 .group         0x00000000        0x8 src/ASF/mega/boards/stk600/rcx_x/init.o
 .group         0x00000000        0x8 src/ASF/mega/boards/stk600/rcx_x/init.o
 .group         0x00000000        0x8 src/ASF/mega/boards/stk600/rcx_x/init.o
 .group         0x00000000        0x8 src/ASF/mega/boards/stk600/rcx_x/init.o
 .group         0x00000000        0x8 src/ASF/mega/boards/stk600/rcx_x/init.o
 .group         0x00000000        0x8 src/ASF/mega/boards/stk600/rcx_x/init.o
 .group         0x00000000        0x8 src/ASF/mega/boards/stk600/rcx_x/init.o
 .group         0x00000000        0x8 src/ASF/mega/boards/stk600/rcx_x/init.o
 .group         0x00000000        0x8 src/ASF/mega/boards/stk600/rcx_x/init.o
 .group         0x00000000        0x8 src/ASF/mega/boards/stk600/rcx_x/init.o
 .group         0x00000000        0x8 src/ASF/mega/boards/stk600/rcx_x/init.o
 .group         0x00000000        0x8 src/ASF/mega/boards/stk600/rcx_x/init.o
 .group         0x00000000        0x8 src/ASF/mega/boards/stk600/rcx_x/init.o
 .group         0x00000000        0x8 src/ASF/mega/boards/stk600/rcx_x/init.o
 .group         0x00000000        0x8 src/ASF/mega/boards/stk600/rcx_x/init.o
 .group         0x00000000        0x8 src/ASF/mega/boards/stk600/rcx_x/init.o
 .group         0x00000000        0x8 src/ASF/mega/boards/stk600/rcx_x/init.o
 .group         0x00000000        0x8 src/ASF/mega/boards/stk600/rcx_x/init.o
 .group         0x00000000        0x8 src/ASF/mega/boards/stk600/rcx_x/init.o
 .group         0x00000000        0x8 src/ASF/mega/boards/stk600/rcx_x/init.o
 .group         0x00000000        0x8 src/ASF/mega/boards/stk600/rcx_x/init.o
 .group         0x00000000        0x8 src/ASF/mega/boards/stk600/rcx_x/init.o
 .text          0x00000000        0x0 src/ASF/mega/boards/stk600/rcx_x/init.o
 .data          0x00000000        0x0 src/ASF/mega/boards/stk600/rcx_x/init.o
 .bss           0x00000000        0x0 src/ASF/mega/boards/stk600/rcx_x/init.o
 .text.board_init
                0x00000000        0x2 src/ASF/mega/boards/stk600/rcx_x/init.o
 .debug_info    0x00000000       0x7c src/ASF/mega/boards/stk600/rcx_x/init.o
 .debug_abbrev  0x00000000       0x47 src/ASF/mega/boards/stk600/rcx_x/init.o
 .debug_aranges
                0x00000000       0x20 src/ASF/mega/boards/stk600/rcx_x/init.o
 .debug_ranges  0x00000000       0x10 src/ASF/mega/boards/stk600/rcx_x/init.o
 .debug_macro   0x00000000      0x134 src/ASF/mega/boards/stk600/rcx_x/init.o
 .debug_macro   0x00000000      0xa4e src/ASF/mega/boards/stk600/rcx_x/init.o
 .debug_macro   0x00000000       0x10 src/ASF/mega/boards/stk600/rcx_x/init.o
 .debug_macro   0x00000000      0x1c9 src/ASF/mega/boards/stk600/rcx_x/init.o
 .debug_macro   0x00000000      0x2fc src/ASF/mega/boards/stk600/rcx_x/init.o
 .debug_macro   0x00000000       0x9e src/ASF/mega/boards/stk600/rcx_x/init.o
 .debug_macro   0x00000000      0xc0a src/ASF/mega/boards/stk600/rcx_x/init.o
 .debug_macro   0x00000000      0x170 src/ASF/mega/boards/stk600/rcx_x/init.o
 .debug_macro   0x00000000       0xbd src/ASF/mega/boards/stk600/rcx_x/init.o
 .debug_macro   0x00000000       0x34 src/ASF/mega/boards/stk600/rcx_x/init.o
 .debug_macro   0x00000000       0x18 src/ASF/mega/boards/stk600/rcx_x/init.o
 .debug_macro   0x00000000       0x6c src/ASF/mega/boards/stk600/rcx_x/init.o
 .debug_macro   0x00000000       0x22 src/ASF/mega/boards/stk600/rcx_x/init.o
 .debug_macro   0x00000000      0x16d src/ASF/mega/boards/stk600/rcx_x/init.o
 .debug_macro   0x00000000       0x1c src/ASF/mega/boards/stk600/rcx_x/init.o
 .debug_macro   0x00000000       0x35 src/ASF/mega/boards/stk600/rcx_x/init.o
 .debug_macro   0x00000000       0x66 src/ASF/mega/boards/stk600/rcx_x/init.o
 .debug_macro   0x00000000      0x64b src/ASF/mega/boards/stk600/rcx_x/init.o
 .debug_macro   0x00000000       0x44 src/ASF/mega/boards/stk600/rcx_x/init.o
 .debug_macro   0x00000000       0x69 src/ASF/mega/boards/stk600/rcx_x/init.o
 .debug_macro   0x00000000       0x2c src/ASF/mega/boards/stk600/rcx_x/init.o
 .debug_macro   0x00000000       0x10 src/ASF/mega/boards/stk600/rcx_x/init.o
 .debug_macro   0x00000000       0xe2 src/ASF/mega/boards/stk600/rcx_x/init.o
 .debug_macro   0x00000000       0x40 src/ASF/mega/boards/stk600/rcx_x/init.o
 .debug_macro   0x00000000      0x100 src/ASF/mega/boards/stk600/rcx_x/init.o
 .debug_macro   0x00000000      0x2c0 src/ASF/mega/boards/stk600/rcx_x/init.o
 .debug_line    0x00000000      0x35e src/ASF/mega/boards/stk600/rcx_x/init.o
 .debug_str     0x00000000     0xe6bc src/ASF/mega/boards/stk600/rcx_x/init.o
 .comment       0x00000000       0x31 src/ASF/mega/boards/stk600/rcx_x/init.o
 .debug_frame   0x00000000       0x24 src/ASF/mega/boards/stk600/rcx_x/init.o
 .text          0x00000000        0x0 c:/program files (x86)/atmel/studio/7.0/toolchain/avr8/avr8-gnu-toolchain/bin/../lib/gcc/avr/5.4.0/avr5\libgcc.a(_exit.o)
 .data          0x00000000        0x0 c:/program files (x86)/atmel/studio/7.0/toolchain/avr8/avr8-gnu-toolchain/bin/../lib/gcc/avr/5.4.0/avr5\libgcc.a(_exit.o)
 .bss           0x00000000        0x0 c:/program files (x86)/atmel/studio/7.0/toolchain/avr8/avr8-gnu-toolchain/bin/../lib/gcc/avr/5.4.0/avr5\libgcc.a(_exit.o)
 .text.libgcc.mul
                0x00000000        0x0 c:/program files (x86)/atmel/studio/7.0/toolchain/avr8/avr8-gnu-toolchain/bin/../lib/gcc/avr/5.4.0/avr5\libgcc.a(_exit.o)
 .text.libgcc.div
                0x00000000        0x0 c:/program files (x86)/atmel/studio/7.0/toolchain/avr8/avr8-gnu-toolchain/bin/../lib/gcc/avr/5.4.0/avr5\libgcc.a(_exit.o)
 .text.libgcc   0x00000000        0x0 c:/program files (x86)/atmel/studio/7.0/toolchain/avr8/avr8-gnu-toolchain/bin/../lib/gcc/avr/5.4.0/avr5\libgcc.a(_exit.o)
 .text.libgcc.prologue
                0x00000000        0x0 c:/program files (x86)/atmel/studio/7.0/toolchain/avr8/avr8-gnu-toolchain/bin/../lib/gcc/avr/5.4.0/avr5\libgcc.a(_exit.o)
 .text.libgcc.builtins
                0x00000000        0x0 c:/program files (x86)/atmel/studio/7.0/toolchain/avr8/avr8-gnu-toolchain/bin/../lib/gcc/avr/5.4.0/avr5\libgcc.a(_exit.o)
 .text.libgcc.fmul
                0x00000000        0x0 c:/program files (x86)/atmel/studio/7.0/toolchain/avr8/avr8-gnu-toolchain/bin/../lib/gcc/avr/5.4.0/avr5\libgcc.a(_exit.o)
 .text.libgcc.fixed
                0x00000000        0x0 c:/program files (x86)/atmel/studio/7.0/toolchain/avr8/avr8-gnu-toolchain/bin/../lib/gcc/avr/5.4.0/avr5\libgcc.a(_exit.o)
 .text          0x00000000        0x0 c:/program files (x86)/atmel/studio/7.0/toolchain/avr8/avr8-gnu-toolchain/bin/../lib/gcc/avr/5.4.0/avr5\libgcc.a(_tablejump2.o)
 .data          0x00000000        0x0 c:/program files (x86)/atmel/studio/7.0/toolchain/avr8/avr8-gnu-toolchain/bin/../lib/gcc/avr/5.4.0/avr5\libgcc.a(_tablejump2.o)
 .bss           0x00000000        0x0 c:/program files (x86)/atmel/studio/7.0/toolchain/avr8/avr8-gnu-toolchain/bin/../lib/gcc/avr/5.4.0/avr5\libgcc.a(_tablejump2.o)
 .text.libgcc.mul
                0x00000000        0x0 c:/program files (x86)/atmel/studio/7.0/toolchain/avr8/avr8-gnu-toolchain/bin/../lib/gcc/avr/5.4.0/avr5\libgcc.a(_tablejump2.o)
 .text.libgcc.div
                0x00000000        0x0 c:/program files (x86)/atmel/studio/7.0/toolchain/avr8/avr8-gnu-toolchain/bin/../lib/gcc/avr/5.4.0/avr5\libgcc.a(_tablejump2.o)
 .text.libgcc   0x00000000        0xc c:/program files (x86)/atmel/studio/7.0/toolchain/avr8/avr8-gnu-toolchain/bin/../lib/gcc/avr/5.4.0/avr5\libgcc.a(_tablejump2.o)
 .text.libgcc.prologue
                0x00000000        0x0 c:/program files (x86)/atmel/studio/7.0/toolchain/avr8/avr8-gnu-toolchain/bin/../lib/gcc/avr/5.4.0/avr5\libgcc.a(_tablejump2.o)
 .text.libgcc.builtins
                0x00000000        0x0 c:/program files (x86)/atmel/studio/7.0/toolchain/avr8/avr8-gnu-toolchain/bin/../lib/gcc/avr/5.4.0/avr5\libgcc.a(_tablejump2.o)
 .text.libgcc.fmul
                0x00000000        0x0 c:/program files (x86)/atmel/studio/7.0/toolchain/avr8/avr8-gnu-toolchain/bin/../lib/gcc/avr/5.4.0/avr5\libgcc.a(_tablejump2.o)
 .text.libgcc.fixed
                0x00000000        0x0 c:/program files (x86)/atmel/studio/7.0/toolchain/avr8/avr8-gnu-toolchain/bin/../lib/gcc/avr/5.4.0/avr5\libgcc.a(_tablejump2.o)
 .text          0x00000000        0x0 c:/program files (x86)/atmel/studio/7.0/toolchain/avr8/avr8-gnu-toolchain/bin/../lib/gcc/avr/5.4.0/avr5\libgcc.a(_copy_data.o)
 .data          0x00000000        0x0 c:/program files (x86)/atmel/studio/7.0/toolchain/avr8/avr8-gnu-toolchain/bin/../lib/gcc/avr/5.4.0/avr5\libgcc.a(_copy_data.o)
 .bss           0x00000000        0x0 c:/program files (x86)/atmel/studio/7.0/toolchain/avr8/avr8-gnu-toolchain/bin/../lib/gcc/avr/5.4.0/avr5\libgcc.a(_copy_data.o)
 .text.libgcc.mul
                0x00000000        0x0 c:/program files (x86)/atmel/studio/7.0/toolchain/avr8/avr8-gnu-toolchain/bin/../lib/gcc/avr/5.4.0/avr5\libgcc.a(_copy_data.o)
 .text.libgcc.div
                0x00000000        0x0 c:/program files (x86)/atmel/studio/7.0/toolchain/avr8/avr8-gnu-toolchain/bin/../lib/gcc/avr/5.4.0/avr5\libgcc.a(_copy_data.o)
 .text.libgcc   0x00000000        0x0 c:/program files (x86)/atmel/studio/7.0/toolchain/avr8/avr8-gnu-toolchain/bin/../lib/gcc/avr/5.4.0/avr5\libgcc.a(_copy_data.o)
 .text.libgcc.prologue
                0x00000000        0x0 c:/program files (x86)/atmel/studio/7.0/toolchain/avr8/avr8-gnu-toolchain/bin/../lib/gcc/avr/5.4.0/avr5\libgcc.a(_copy_data.o)
 .text.libgcc.builtins
                0x00000000        0x0 c:/program files (x86)/atmel/studio/7.0/toolchain/avr8/avr8-gnu-toolchain/bin/../lib/gcc/avr/5.4.0/avr5\libgcc.a(_copy_data.o)
 .text.libgcc.fmul
                0x00000000        0x0 c:/program files (x86)/atmel/studio/7.0/toolchain/avr8/avr8-gnu-toolchain/bin/../lib/gcc/avr/5.4.0/avr5\libgcc.a(_copy_data.o)
 .text.libgcc.fixed
                0x00000000        0x0 c:/program files (x86)/atmel/studio/7.0/toolchain/avr8/avr8-gnu-toolchain/bin/../lib/gcc/avr/5.4.0/avr5\libgcc.a(_copy_data.o)
 .text          0x00000000        0x0 c:/program files (x86)/atmel/studio/7.0/toolchain/avr8/avr8-gnu-toolchain/bin/../lib/gcc/avr/5.4.0/avr5\libgcc.a(_clear_bss.o)
 .data          0x00000000        0x0 c:/program files (x86)/atmel/studio/7.0/toolchain/avr8/avr8-gnu-toolchain/bin/../lib/gcc/avr/5.4.0/avr5\libgcc.a(_clear_bss.o)
 .bss           0x00000000        0x0 c:/program files (x86)/atmel/studio/7.0/toolchain/avr8/avr8-gnu-toolchain/bin/../lib/gcc/avr/5.4.0/avr5\libgcc.a(_clear_bss.o)
 .text.libgcc.mul
                0x00000000        0x0 c:/program files (x86)/atmel/studio/7.0/toolchain/avr8/avr8-gnu-toolchain/bin/../lib/gcc/avr/5.4.0/avr5\libgcc.a(_clear_bss.o)
 .text.libgcc.div
                0x00000000        0x0 c:/program files (x86)/atmel/studio/7.0/toolchain/avr8/avr8-gnu-toolchain/bin/../lib/gcc/avr/5.4.0/avr5\libgcc.a(_clear_bss.o)
 .text.libgcc   0x00000000        0x0 c:/program files (x86)/atmel/studio/7.0/toolchain/avr8/avr8-gnu-toolchain/bin/../lib/gcc/avr/5.4.0/avr5\libgcc.a(_clear_bss.o)
 .text.libgcc.prologue
                0x00000000        0x0 c:/program files (x86)/atmel/studio/7.0/toolchain/avr8/avr8-gnu-toolchain/bin/../lib/gcc/avr/5.4.0/avr5\libgcc.a(_clear_bss.o)
 .text.libgcc.builtins
                0x00000000        0x0 c:/program files (x86)/atmel/studio/7.0/toolchain/avr8/avr8-gnu-toolchain/bin/../lib/gcc/avr/5.4.0/avr5\libgcc.a(_clear_bss.o)
 .text.libgcc.fmul
                0x00000000        0x0 c:/program files (x86)/atmel/studio/7.0/toolchain/avr8/avr8-gnu-toolchain/bin/../lib/gcc/avr/5.4.0/avr5\libgcc.a(_clear_bss.o)
 .text.libgcc.fixed
                0x00000000        0x0 c:/program files (x86)/atmel/studio/7.0/toolchain/avr8/avr8-gnu-toolchain/bin/../lib/gcc/avr/5.4.0/avr5\libgcc.a(_clear_bss.o)
 .text          0x00000000        0x0 c:/program files (x86)/atmel/studio/7.0/toolchain/avr8/avr8-gnu-toolchain/bin/../lib/gcc/avr/5.4.0/../../../../avr/lib/avr5\libc.a(memcpy.o)
 .data          0x00000000        0x0 c:/program files (x86)/atmel/studio/7.0/toolchain/avr8/avr8-gnu-toolchain/bin/../lib/gcc/avr/5.4.0/../../../../avr/lib/avr5\libc.a(memcpy.o)
 .bss           0x00000000        0x0 c:/program files (x86)/atmel/studio/7.0/toolchain/avr8/avr8-gnu-toolchain/bin/../lib/gcc/avr/5.4.0/../../../../avr/lib/avr5\libc.a(memcpy.o)
 .text.avr-libc
                0x00000000       0x12 c:/program files (x86)/atmel/studio/7.0/toolchain/avr8/avr8-gnu-toolchain/bin/../lib/gcc/avr/5.4.0/../../../../avr/lib/avr5\libc.a(memcpy.o)
 .text          0x00000000        0x0 C:/Program Files (x86)/Atmel/Studio/7.0/Packs/atmel/ATmega_DFP/1.2.132/gcc/dev/atmega16/avr5\libatmega16.a(eerd_byte.o)
 .data          0x00000000        0x0 C:/Program Files (x86)/Atmel/Studio/7.0/Packs/atmel/ATmega_DFP/1.2.132/gcc/dev/atmega16/avr5\libatmega16.a(eerd_byte.o)
 .bss           0x00000000        0x0 C:/Program Files (x86)/Atmel/Studio/7.0/Packs/atmel/ATmega_DFP/1.2.132/gcc/dev/atmega16/avr5\libatmega16.a(eerd_byte.o)
 .text.avr-libc
                0x00000000       0x10 C:/Program Files (x86)/Atmel/Studio/7.0/Packs/atmel/ATmega_DFP/1.2.132/gcc/dev/atmega16/avr5\libatmega16.a(eerd_byte.o)
 .debug_line    0x00000000       0x7a C:/Program Files (x86)/Atmel/Studio/7.0/Packs/atmel/ATmega_DFP/1.2.132/gcc/dev/atmega16/avr5\libatmega16.a(eerd_byte.o)
 .debug_info    0x00000000       0xaa C:/Program Files (x86)/Atmel/Studio/7.0/Packs/atmel/ATmega_DFP/1.2.132/gcc/dev/atmega16/avr5\libatmega16.a(eerd_byte.o)
 .debug_abbrev  0x00000000       0x14 C:/Program Files (x86)/Atmel/Studio/7.0/Packs/atmel/ATmega_DFP/1.2.132/gcc/dev/atmega16/avr5\libatmega16.a(eerd_byte.o)
 .debug_aranges
                0x00000000       0x20 C:/Program Files (x86)/Atmel/Studio/7.0/Packs/atmel/ATmega_DFP/1.2.132/gcc/dev/atmega16/avr5\libatmega16.a(eerd_byte.o)
 .text          0x00000000        0x0 C:/Program Files (x86)/Atmel/Studio/7.0/Packs/atmel/ATmega_DFP/1.2.132/gcc/dev/atmega16/avr5\libatmega16.a(eewr_byte.o)
 .data          0x00000000        0x0 C:/Program Files (x86)/Atmel/Studio/7.0/Packs/atmel/ATmega_DFP/1.2.132/gcc/dev/atmega16/avr5\libatmega16.a(eewr_byte.o)
 .bss           0x00000000        0x0 C:/Program Files (x86)/Atmel/Studio/7.0/Packs/atmel/ATmega_DFP/1.2.132/gcc/dev/atmega16/avr5\libatmega16.a(eewr_byte.o)
 .text.avr-libc
                0x00000000       0x1a C:/Program Files (x86)/Atmel/Studio/7.0/Packs/atmel/ATmega_DFP/1.2.132/gcc/dev/atmega16/avr5\libatmega16.a(eewr_byte.o)
 .debug_line    0x00000000       0x98 C:/Program Files (x86)/Atmel/Studio/7.0/Packs/atmel/ATmega_DFP/1.2.132/gcc/dev/atmega16/avr5\libatmega16.a(eewr_byte.o)
 .debug_info    0x00000000       0xaa C:/Program Files (x86)/Atmel/Studio/7.0/Packs/atmel/ATmega_DFP/1.2.132/gcc/dev/atmega16/avr5\libatmega16.a(eewr_byte.o)
 .debug_abbrev  0x00000000       0x14 C:/Program Files (x86)/Atmel/Studio/7.0/Packs/atmel/ATmega_DFP/1.2.132/gcc/dev/atmega16/avr5\libatmega16.a(eewr_byte.o)
 .debug_aranges
                0x00000000       0x20 C:/Program Files (x86)/Atmel/Studio/7.0/Packs/atmel/ATmega_DFP/1.2.132/gcc/dev/atmega16/avr5\libatmega16.a(eewr_byte.o)

Memory Configuration

Name             Origin             Length             Attributes
text             0x00000000         0x00020000         xr
data             0x00800060         0x0000ffa0         rw !x
eeprom           0x00810000         0x00010000         rw !x
fuse             0x00820000         0x00000002         rw !x
lock             0x00830000         0x00000400         rw !x
signature        0x00840000         0x00000400         rw !x
user_signatures  0x00850000         0x00000400         rw !x
*default*        0x00000000         0xffffffff

Linker script and memory map

LOAD C:/Program Files (x86)/Atmel/Studio/7.0/Packs/atmel/ATmega_DFP/1.2.132/gcc/dev/atmega16/avr5/crtatmega16.o
LOAD src/apps/Fredi/fredi.o
LOAD src/apps/Fredi/fuses.o
LOAD src/apps/Fredi/potAdc.o
LOAD src/avr-base/ln_sw_uart.o
LOAD src/avr-base/systimer.o
LOAD src/loconet/ln_buf.o
LOAD src/loconet/ln_interface.o
LOAD src/loconet/utils.o
LOAD src/ASF/mega/boards/stk600/rcx_x/init.o
START GROUP
LOAD c:/program files (x86)/atmel/studio/7.0/toolchain/avr8/avr8-gnu-toolchain/bin/../lib/gcc/avr/5.4.0/../../../../avr/lib/avr5\libm.a
END GROUP
START GROUP
LOAD c:/program files (x86)/atmel/studio/7.0/toolchain/avr8/avr8-gnu-toolchain/bin/../lib/gcc/avr/5.4.0/avr5\libgcc.a
LOAD c:/program files (x86)/atmel/studio/7.0/toolchain/avr8/avr8-gnu-toolchain/bin/../lib/gcc/avr/5.4.0/../../../../avr/lib/avr5\libm.a
LOAD c:/program files (x86)/atmel/studio/7.0/toolchain/avr8/avr8-gnu-toolchain/bin/../lib/gcc/avr/5.4.0/../../../../avr/lib/avr5\libc.a
LOAD C:/Program Files (x86)/Atmel/Studio/7.0/Packs/atmel/ATmega_DFP/1.2.132/gcc/dev/atmega16/avr5\libatmega16.a
END GROUP
                0x00020000                __TEXT_REGION_LENGTH__ = DEFINED (__TEXT_REGION_LENGTH__)?__TEXT_REGION_LENGTH__:0x20000
                0x0000ffa0                __DATA_REGION_LENGTH__ = DEFINED (__DATA_REGION_LENGTH__)?__DATA_REGION_LENGTH__:0xffa0
                0x00010000                __EEPROM_REGION_LENGTH__ = DEFINED (__EEPROM_REGION_LENGTH__)?__EEPROM_REGION_LENGTH__:0x10000
                [0x00000002]                __FUSE_REGION_LENGTH__ = DEFINED (__FUSE_REGION_LENGTH__)?__FUSE_REGION_LENGTH__:0x400
                0x00000400                __LOCK_REGION_LENGTH__ = DEFINED (__LOCK_REGION_LENGTH__)?__LOCK_REGION_LENGTH__:0x400
                0x00000400                __SIGNATURE_REGION_LENGTH__ = DEFINED (__SIGNATURE_REGION_LENGTH__)?__SIGNATURE_REGION_LENGTH__:0x400
                0x00000400                __USER_SIGNATURE_REGION_LENGTH__ = DEFINED (__USER_SIGNATURE_REGION_LENGTH__)?__USER_SIGNATURE_REGION_LENGTH__:0x400

.hash
 *(.hash)

.dynsym
 *(.dynsym)

.dynstr
 *(.dynstr)

.gnu.version
 *(.gnu.version)

.gnu.version_d
 *(.gnu.version_d)

.gnu.version_r
 *(.gnu.version_r)

.rel.init
 *(.rel.init)

.rela.init
 *(.rela.init)

.rel.text
 *(.rel.text)
 *(.rel.text.*)
 *(.rel.gnu.linkonce.t*)

.rela.text
 *(.rela.text)
 *(.rela.text.*)
 *(.rela.gnu.linkonce.t*)

.rel.fini
 *(.rel.fini)

.rela.fini
 *(.rela.fini)

.rel.rodata
 *(.rel.rodata)
 *(.rel.rodata.*)
 *(.rel.gnu.linkonce.r*)

.rela.rodata
 *(.rela.rodata)
 *(.rela.rodata.*)
 *(.rela.gnu.linkonce.r*)

.rel.data
 *(.rel.data)
 *(.rel.data.*)
 *(.rel.gnu.linkonce.d*)

.rela.data
 *(.rela.data)
 *(.rela.data.*)
 *(.rela.gnu.linkonce.d*)

.rel.ctors
 *(.rel.ctors)

.rela.ctors
 *(.rela.ctors)

.rel.dtors
 *(.rel.dtors)

.rela.dtors
 *(.rela.dtors)

.rel.got
 *(.rel.got)

.rela.got
 *(.rela.got)

.rel.bss
 *(.rel.bss)

.rela.bss
 *(.rela.bss)

.rel.plt
 *(.rel.plt)

.rela.plt
 *(.rela.plt)

.text           0x00000000      0x610
 *(.vectors)
 .vectors       0x00000000       0x54 C:/Program Files (x86)/Atmel/Studio/7.0/Packs/atmel/ATmega_DFP/1.2.132/gcc/dev/atmega16/avr5/crtatmega16.o
                0x00000000                __vector_default
                0x00000000                __vectors
 *(.vectors)
 *(.progmem.gcc*)
                0x00000054                . = ALIGN (0x2)
                0x00000054                __trampolines_start = .
 *(.trampolines)
 .trampolines   0x00000054        0x0 linker stubs
 *(.trampolines*)
                0x00000054                __trampolines_end = .
 *libprintf_flt.a:*(.progmem.data)
 *libc.a:*(.progmem.data)
 *(.progmem*)
                0x00000054                . = ALIGN (0x2)
 *(.jumptables)
 *(.jumptables*)
 *(.lowtext)
 *(.lowtext*)
                0x00000054                __ctors_start = .
 *(.ctors)
                0x00000054                __ctors_end = .
                0x00000054                __dtors_start = .
 *(.dtors)
                0x00000054                __dtors_end = .
 SORT(*)(.ctors)
 SORT(*)(.dtors)
 *(.init0)
 .init0         0x00000054        0x0 C:/Program Files (x86)/Atmel/Studio/7.0/Packs/atmel/ATmega_DFP/1.2.132/gcc/dev/atmega16/avr5/crtatmega16.o
                0x00000054                __init
 *(.init0)
 *(.init1)
 *(.init1)
 *(.init2)
 .init2         0x00000054        0xc C:/Program Files (x86)/Atmel/Studio/7.0/Packs/atmel/ATmega_DFP/1.2.132/gcc/dev/atmega16/avr5/crtatmega16.o
 *(.init2)
 *(.init3)
 *(.init3)
 *(.init4)
 .init4         0x00000060       0x16 c:/program files (x86)/atmel/studio/7.0/toolchain/avr8/avr8-gnu-toolchain/bin/../lib/gcc/avr/5.4.0/avr5\libgcc.a(_copy_data.o)
                0x00000060                __do_copy_data
 .init4         0x00000076       0x10 c:/program files (x86)/atmel/studio/7.0/toolchain/avr8/avr8-gnu-toolchain/bin/../lib/gcc/avr/5.4.0/avr5\libgcc.a(_clear_bss.o)
                0x00000076                __do_clear_bss
 *(.init4)
 *(.init5)
 *(.init5)
 *(.init6)
 *(.init6)
 *(.init7)
 *(.init7)
 *(.init8)
 *(.init8)
 *(.init9)
 .init9         0x00000086        0x4 C:/Program Files (x86)/Atmel/Studio/7.0/Packs/atmel/ATmega_DFP/1.2.132/gcc/dev/atmega16/avr5/crtatmega16.o
 *(.init9)
 *(.text)
 .text          0x0000008a        0x2 C:/Program Files (x86)/Atmel/Studio/7.0/Packs/atmel/ATmega_DFP/1.2.132/gcc/dev/atmega16/avr5/crtatmega16.o
                0x0000008a                __vector_1
                0x0000008a                __vector_12
                0x0000008a                __bad_interrupt
                0x0000008a                __vector_3
                0x0000008a                __vector_11
                0x0000008a                __vector_13
                0x0000008a                __vector_17
                0x0000008a                __vector_19
                0x0000008a                __vector_7
                0x0000008a                __vector_4
                0x0000008a                __vector_15
                0x0000008a                __vector_8
                0x0000008a                __vector_14
                0x0000008a                __vector_10
                0x0000008a                __vector_16
                0x0000008a                __vector_18
                0x0000008a                __vector_20
                0x0000008c                . = ALIGN (0x2)
 *(.text.*)
 .text.setLEDasOutput
                0x0000008c        0xa src/apps/Fredi/fredi.o
                0x0000008c                setLEDasOutput
 .text.enableLED1
                0x00000096        0x4 src/apps/Fredi/fredi.o
                0x00000096                enableLED1
 .text.enableLED2
                0x0000009a        0x4 src/apps/Fredi/fredi.o
                0x0000009a                enableLED2
 .text.enableLED3
                0x0000009e        0x4 src/apps/Fredi/fredi.o
                0x0000009e                enableLED3
 .text.disableLED4
                0x000000a2        0x4 src/apps/Fredi/fredi.o
                0x000000a2                disableLED4
 .text.__vector_2
                0x000000a6       0x5a src/apps/Fredi/fredi.o
                0x000000a6                __vector_2
 .text.main     0x00000100       0x1e src/apps/Fredi/fredi.o
                0x00000100                main
 .text.__vector_5
                0x0000011e       0x54 src/avr-base/ln_sw_uart.o
                0x0000011e                __vector_5
 .text.__vector_6
                0x00000172      0x274 src/avr-base/ln_sw_uart.o
                0x00000172                __vector_6
 .text.initLocoNetHardware
                0x000003e6       0x2a src/avr-base/ln_sw_uart.o
                0x000003e6                initLocoNetHardware
 .text.sendLocoNetPacketTry
                0x00000410      0x13c src/avr-base/ln_sw_uart.o
                0x00000410                sendLocoNetPacketTry
 .text.__vector_9
                0x0000054c       0x66 src/avr-base/systimer.o
                0x0000054c                __vector_9
 .text.getLnMsgSize
                0x000005b2       0x1a src/loconet/ln_buf.o
                0x000005b2                getLnMsgSize
 .text.initLocoNet
                0x000005cc        0xc src/loconet/ln_interface.o
                0x000005cc                initLocoNet
 .text.sendLocoNet4BytePacketTry
                0x000005d8       0x34 src/loconet/ln_interface.o
                0x000005d8                sendLocoNet4BytePacketTry
                0x0000060c                . = ALIGN (0x2)
 *(.fini9)
 .fini9         0x0000060c        0x0 c:/program files (x86)/atmel/studio/7.0/toolchain/avr8/avr8-gnu-toolchain/bin/../lib/gcc/avr/5.4.0/avr5\libgcc.a(_exit.o)
                0x0000060c                _exit
                0x0000060c                exit
 *(.fini9)
 *(.fini8)
 *(.fini8)
 *(.fini7)
 *(.fini7)
 *(.fini6)
 *(.fini6)
 *(.fini5)
 *(.fini5)
 *(.fini4)
 *(.fini4)
 *(.fini3)
 *(.fini3)
 *(.fini2)
 *(.fini2)
 *(.fini1)
 *(.fini1)
 *(.fini0)
 .fini0         0x0000060c        0x4 c:/program files (x86)/atmel/studio/7.0/toolchain/avr8/avr8-gnu-toolchain/bin/../lib/gcc/avr/5.4.0/avr5\libgcc.a(_exit.o)
 *(.fini0)
                0x00000610                _etext = .

.data           0x00800060        0x0 load address 0x00000610
                0x00800060                PROVIDE (__data_start, .)
 *(.data)
 *(.data*)
 *(.rodata)
 *(.rodata*)
 *(.gnu.linkonce.d*)
                0x00800060                . = ALIGN (0x2)
                0x00800060                _edata = .
                0x00800060                PROVIDE (__data_end, .)

.bss            0x00800060      0x124
                0x00800060                PROVIDE (__bss_start, .)
 *(.bss)
 *(.bss*)
 .bss.sEncDir   0x00800060        0x1 src/apps/Fredi/fredi.o
 .bss.DelayTimerTicks
                0x00800061        0x2 src/avr-base/systimer.o
                0x00800061                DelayTimerTicks
 .bss.FastTimerTicks
                0x00800063        0x1 src/avr-base/systimer.o
                0x00800063                FastTimerTicks
 .bss.SlowTimerTicks
                0x00800064        0x1 src/avr-base/systimer.o
                0x00800064                SlowTimerTicks
 .bss.SlowTimerAccumulator
                0x00800065        0x1 src/avr-base/systimer.o
                0x00800065                SlowTimerAccumulator
 .bss.pstLnRxBuffer
                0x00800066        0x2 src/loconet/ln_interface.o
 *(COMMON)
 COMMON         0x00800068      0x110 src/apps/Fredi/fredi.o
                0x00800068                MessageTimer
                0x0080006f                IncrementTimer
                0x00800076                LEDTimer
                0x0080007d                KeyTimer
                0x00800084                RxPacket
                0x00800086                RxBuffer
                0x00800112                ReleaseStopTimer
                0x00800119                TxPacket
                0x0080012c                slotArray
 COMMON         0x00800178        0xc src/avr-base/ln_sw_uart.o
                0x00800178                lnTxSuccess
                0x00800179                lnTxIndex
                0x0080017a                lnTxLength
                0x0080017b                lnCurrentByte
                0x0080017c                lnCompareTarget
                0x0080017e                lnRxBuffer
                0x00800180                lnState
                0x00800181                lnBitCount
                0x00800182                lnTxData
                0x00800184                PROVIDE (__bss_end, .)
                0x00000610                __data_load_start = LOADADDR (.data)
                0x00000610                __data_load_end = (__data_load_start + SIZEOF (.data))

.noinit         0x00800184        0x0
                [!provide]                PROVIDE (__noinit_start, .)
 *(.noinit*)
                [!provide]                PROVIDE (__noinit_end, .)
                0x00800184                _end = .
                [!provide]                PROVIDE (__heap_start, .)

.eeprom         0x00810000        0xc
 *(.eeprom*)
 .eeprom        0x00810000        0xc src/apps/Fredi/fredi.o
                0x00810000                abEEPROM
                0x0081000c                __eeprom_end = .

.fuse
 *(.fuse)
 *(.lfuse)
 *(.hfuse)
 *(.efuse)

.lock
 *(.lock*)

.signature
 *(.signature*)

.user_signatures
 *(.user_signatures*)

.stab
 *(.stab)

.stabstr
 *(.stabstr)

.stab.excl
 *(.stab.excl)

.stab.exclstr
 *(.stab.exclstr)

.stab.index
 *(.stab.index)

.stab.indexstr
 *(.stab.indexstr)

.comment        0x00000000       0x30
 *(.comment)
 .comment       0x00000000       0x30 src/apps/Fredi/fredi.o
                                 0x31 (size before relaxing)
 .comment       0x00000030       0x31 src/avr-base/ln_sw_uart.o
 .comment       0x00000030       0x31 src/avr-base/systimer.o
 .comment       0x00000030       0x31 src/loconet/ln_buf.o
 .comment       0x00000030       0x31 src/loconet/ln_interface.o

.note.gnu.avr.deviceinfo
                0x00000000       0x3c
 .note.gnu.avr.deviceinfo
                0x00000000       0x3c C:/Program Files (x86)/Atmel/Studio/7.0/Packs/atmel/ATmega_DFP/1.2.132/gcc/dev/atmega16/avr5/crtatmega16.o

.note.gnu.build-id
 *(.note.gnu.build-id)

.debug
 *(.debug)

.line
 *(.line)

.debug_srcinfo
 *(.debug_srcinfo)

.debug_sfnames
 *(.debug_sfnames)

.debug_aranges  0x00000000      0x238
 *(.debug_aranges)
 .debug_aranges
                0x00000000      0x140 src/apps/Fredi/fredi.o
 .debug_aranges
                0x00000140       0x38 src/avr-base/ln_sw_uart.o
 .debug_aranges
                0x00000178       0x48 src/avr-base/systimer.o
 .debug_aranges
                0x000001c0       0x38 src/loconet/ln_buf.o
 .debug_aranges
                0x000001f8       0x40 src/loconet/ln_interface.o

.debug_pubnames
 *(.debug_pubnames)

.debug_info     0x00000000     0x60b2
 *(.debug_info .gnu.linkonce.wi.*)
 .debug_info    0x00000000      0x52e C:/Program Files (x86)/Atmel/Studio/7.0/Packs/atmel/ATmega_DFP/1.2.132/gcc/dev/atmega16/avr5/crtatmega16.o
 .debug_info    0x0000052e     0x244b src/apps/Fredi/fredi.o
 .debug_info    0x00002979     0x122a src/avr-base/ln_sw_uart.o
 .debug_info    0x00003ba3      0x2d8 src/avr-base/systimer.o
 .debug_info    0x00003e7b     0x10ad src/loconet/ln_buf.o
 .debug_info    0x00004f28     0x118a src/loconet/ln_interface.o

.debug_abbrev   0x00000000      0xf31
 *(.debug_abbrev)
 .debug_abbrev  0x00000000      0x4e7 C:/Program Files (x86)/Atmel/Studio/7.0/Packs/atmel/ATmega_DFP/1.2.132/gcc/dev/atmega16/avr5/crtatmega16.o
 .debug_abbrev  0x000004e7      0x335 src/apps/Fredi/fredi.o
 .debug_abbrev  0x0000081c      0x255 src/avr-base/ln_sw_uart.o
 .debug_abbrev  0x00000a71      0x14e src/avr-base/systimer.o
 .debug_abbrev  0x00000bbf      0x1b7 src/loconet/ln_buf.o
 .debug_abbrev  0x00000d76      0x1bb src/loconet/ln_interface.o

.debug_line     0x00000000     0x25bb
 *(.debug_line .debug_line.* .debug_line_end)
 .debug_line    0x00000000      0x115 C:/Program Files (x86)/Atmel/Studio/7.0/Packs/atmel/ATmega_DFP/1.2.132/gcc/dev/atmega16/avr5/crtatmega16.o
 .debug_line    0x00000115     0x1260 src/apps/Fredi/fredi.o
 .debug_line    0x00001375      0x601 src/avr-base/ln_sw_uart.o
 .debug_line    0x00001976      0x43e src/avr-base/systimer.o
 .debug_line    0x00001db4      0x442 src/loconet/ln_buf.o
 .debug_line    0x000021f6      0x3c5 src/loconet/ln_interface.o

.debug_frame    0x00000000      0x5e0
 *(.debug_frame)
 .debug_frame   0x00000000      0x30c src/apps/Fredi/fredi.o
 .debug_frame   0x0000030c       0xd4 src/avr-base/ln_sw_uart.o
 .debug_frame   0x000003e0       0xa4 src/avr-base/systimer.o
 .debug_frame   0x00000484       0xb4 src/loconet/ln_buf.o
 .debug_frame   0x00000538       0xa8 src/loconet/ln_interface.o

.debug_str      0x00000000     0x9604
 *(.debug_str)
 .debug_str     0x00000000      0x1af C:/Program Files (x86)/Atmel/Studio/7.0/Packs/atmel/ATmega_DFP/1.2.132/gcc/dev/atmega16/avr5/crtatmega16.o
 .debug_str     0x000001af     0x8dc6 src/apps/Fredi/fredi.o
                               0x8fb9 (size before relaxing)
 .debug_str     0x00008f75      0x411 src/avr-base/ln_sw_uart.o
                               0x8431 (size before relaxing)
 .debug_str     0x00009386      0x163 src/avr-base/systimer.o
                               0x6c9c (size before relaxing)
 .debug_str     0x000094e9       0xad src/loconet/ln_buf.o
                               0x75d8 (size before relaxing)
 .debug_str     0x00009596       0x6e src/loconet/ln_interface.o
                               0x82b0 (size before relaxing)

.debug_loc      0x00000000     0x1678
 *(.debug_loc)
 .debug_loc     0x00000000      0xb80 src/apps/Fredi/fredi.o
 .debug_loc     0x00000b80      0x354 src/avr-base/ln_sw_uart.o
 .debug_loc     0x00000ed4      0x1df src/avr-base/systimer.o
 .debug_loc     0x000010b3      0x2ad src/loconet/ln_buf.o
 .debug_loc     0x00001360      0x318 src/loconet/ln_interface.o

.debug_macinfo
 *(.debug_macinfo)

.debug_weaknames
 *(.debug_weaknames)

.debug_funcnames
 *(.debug_funcnames)

.debug_typenames
 *(.debug_typenames)

.debug_varnames
 *(.debug_varnames)

.debug_pubtypes
 *(.debug_pubtypes)

.debug_ranges   0x00000000      0x200
 *(.debug_ranges)
 .debug_ranges  0x00000000      0x130 src/apps/Fredi/fredi.o
 .debug_ranges  0x00000130       0x40 src/avr-base/ln_sw_uart.o
 .debug_ranges  0x00000170       0x38 src/avr-base/systimer.o
 .debug_ranges  0x000001a8       0x28 src/loconet/ln_buf.o
 .debug_ranges  0x000001d0       0x30 src/loconet/ln_interface.o

.debug_macro    0x00000000     0x32db
 *(.debug_macro)
 .debug_macro   0x00000000      0x13a src/apps/Fredi/fredi.o
 .debug_macro   0x0000013a      0xa4e src/apps/Fredi/fredi.o
 .debug_macro   0x00000b88      0x1c9 src/apps/Fredi/fredi.o
 .debug_macro   0x00000d51       0x10 src/apps/Fredi/fredi.o
 .debug_macro   0x00000d61      0x302 src/apps/Fredi/fredi.o
 .debug_macro   0x00001063       0x9e src/apps/Fredi/fredi.o
 .debug_macro   0x00001101      0xc0a src/apps/Fredi/fredi.o
 .debug_macro   0x00001d0b      0x170 src/apps/Fredi/fredi.o
 .debug_macro   0x00001e7b       0xbd src/apps/Fredi/fredi.o
 .debug_macro   0x00001f38       0x34 src/apps/Fredi/fredi.o
 .debug_macro   0x00001f6c       0x18 src/apps/Fredi/fredi.o
 .debug_macro   0x00001f84       0x6c src/apps/Fredi/fredi.o
 .debug_macro   0x00001ff0       0x69 src/apps/Fredi/fredi.o
 .debug_macro   0x00002059      0x16d src/apps/Fredi/fredi.o
 .debug_macro   0x000021c6       0x39 src/apps/Fredi/fredi.o
 .debug_macro   0x000021ff      0x396 src/apps/Fredi/fredi.o
 .debug_macro   0x00002595       0x10 src/apps/Fredi/fredi.o
 .debug_macro   0x000025a5      0x166 src/apps/Fredi/fredi.o
 .debug_macro   0x0000270b       0x46 src/apps/Fredi/fredi.o
 .debug_macro   0x00002751      0x344 src/apps/Fredi/fredi.o
 .debug_macro   0x00002a95       0x2e src/apps/Fredi/fredi.o
 .debug_macro   0x00002ac3       0x1c src/apps/Fredi/fredi.o
 .debug_macro   0x00002adf       0x10 src/apps/Fredi/fredi.o
 .debug_macro   0x00002aef      0x13f src/avr-base/ln_sw_uart.o
 .debug_macro   0x00002c2e      0x2fc src/avr-base/ln_sw_uart.o
 .debug_macro   0x00002f2a       0x16 src/avr-base/ln_sw_uart.o
 .debug_macro   0x00002f40       0x97 src/avr-base/ln_sw_uart.o
 .debug_macro   0x00002fd7       0x16 src/avr-base/ln_sw_uart.o
 .debug_macro   0x00002fed       0xc9 src/avr-base/systimer.o
 .debug_macro   0x000030b6       0x63 src/avr-base/systimer.o
 .debug_macro   0x00003119       0xdb src/loconet/ln_buf.o
 .debug_macro   0x000031f4       0xe7 src/loconet/ln_interface.o
OUTPUT(ATMega16.elf elf32-avr)
LOAD linker stubs
